<?xml version="1.0" encoding="ISO-8859-1" ?>
<link_info>
   <banner>TI ARM Linker PC v20.2.7.LTS</banner>
   <copyright>Copyright (c) 1996-2018 Texas Instruments Incorporated</copyright>
   <link_time>0x6449c1d4</link_time>
   <link_errors>0x0</link_errors>
   <output_file>Lab 1.out</output_file>
   <entry_point>
      <name>_c_int00_noargs</name>
      <address>0x40cd</address>
   </entry_point>
   <input_file_list>
      <input_file id="fl-2">
         <path>.\</path>
         <kind>object</kind>
         <file>clock.obj</file>
         <name>clock.obj</name>
      </input_file>
      <input_file id="fl-3">
         <path>.\</path>
         <kind>object</kind>
         <file>gpio.obj</file>
         <name>gpio.obj</name>
      </input_file>
      <input_file id="fl-4">
         <path>.\</path>
         <kind>object</kind>
         <file>main.obj</file>
         <name>main.obj</name>
      </input_file>
      <input_file id="fl-5">
         <path>.\</path>
         <kind>object</kind>
         <file>nvic.obj</file>
         <name>nvic.obj</name>
      </input_file>
      <input_file id="fl-6">
         <path>.\</path>
         <kind>object</kind>
         <file>spi0.obj</file>
         <name>spi0.obj</name>
      </input_file>
      <input_file id="fl-7">
         <path>.\</path>
         <kind>object</kind>
         <file>tm4c123gh6pm_startup_ccs.obj</file>
         <name>tm4c123gh6pm_startup_ccs.obj</name>
      </input_file>
      <input_file id="fl-8">
         <path>.\</path>
         <kind>object</kind>
         <file>uart0.obj</file>
         <name>uart0.obj</name>
      </input_file>
      <input_file id="fl-9">
         <path>.\</path>
         <kind>object</kind>
         <file>wait.obj</file>
         <name>wait.obj</name>
      </input_file>
      <input_file id="fl-d">
         <kind>object</kind>
         <file>&lt;internal&gt;</file>
         <name>&lt;internal&gt;</name>
      </input_file>
      <input_file id="fl-c3">
         <path>C:\ti\ccs1230\ccs\tools\compiler\ti-cgt-arm_20.2.7.LTS\lib\</path>
         <kind>archive</kind>
         <file>rtsv7M4_T_le_v4SPD16_eabi.lib</file>
         <name>s_cos.c.obj</name>
      </input_file>
      <input_file id="fl-c4">
         <path>C:\ti\ccs1230\ccs\tools\compiler\ti-cgt-arm_20.2.7.LTS\lib\</path>
         <kind>archive</kind>
         <file>rtsv7M4_T_le_v4SPD16_eabi.lib</file>
         <name>s_round.c.obj</name>
      </input_file>
      <input_file id="fl-c5">
         <path>C:\ti\ccs1230\ccs\tools\compiler\ti-cgt-arm_20.2.7.LTS\lib\</path>
         <kind>archive</kind>
         <file>rtsv7M4_T_le_v4SPD16_eabi.lib</file>
         <name>s_sin.c.obj</name>
      </input_file>
      <input_file id="fl-c6">
         <path>C:\ti\ccs1230\ccs\tools\compiler\ti-cgt-arm_20.2.7.LTS\lib\</path>
         <kind>archive</kind>
         <file>rtsv7M4_T_le_v4SPD16_eabi.lib</file>
         <name>fd_add_t2.asm.obj</name>
      </input_file>
      <input_file id="fl-c7">
         <path>C:\ti\ccs1230\ccs\tools\compiler\ti-cgt-arm_20.2.7.LTS\lib\</path>
         <kind>archive</kind>
         <file>rtsv7M4_T_le_v4SPD16_eabi.lib</file>
         <name>fd_cmp_t2.asm.obj</name>
      </input_file>
      <input_file id="fl-c8">
         <path>C:\ti\ccs1230\ccs\tools\compiler\ti-cgt-arm_20.2.7.LTS\lib\</path>
         <kind>archive</kind>
         <file>rtsv7M4_T_le_v4SPD16_eabi.lib</file>
         <name>fd_div_t2.asm.obj</name>
      </input_file>
      <input_file id="fl-c9">
         <path>C:\ti\ccs1230\ccs\tools\compiler\ti-cgt-arm_20.2.7.LTS\lib\</path>
         <kind>archive</kind>
         <file>rtsv7M4_T_le_v4SPD16_eabi.lib</file>
         <name>fd_mul_t2.asm.obj</name>
      </input_file>
      <input_file id="fl-ca">
         <path>C:\ti\ccs1230\ccs\tools\compiler\ti-cgt-arm_20.2.7.LTS\lib\</path>
         <kind>archive</kind>
         <file>rtsv7M4_T_le_v4SPD16_eabi.lib</file>
         <name>fd_toi_t2.asm.obj</name>
      </input_file>
      <input_file id="fl-cb">
         <path>C:\ti\ccs1230\ccs\tools\compiler\ti-cgt-arm_20.2.7.LTS\lib\</path>
         <kind>archive</kind>
         <file>rtsv7M4_T_le_v4SPD16_eabi.lib</file>
         <name>fd_tos_t2.asm.obj</name>
      </input_file>
      <input_file id="fl-cc">
         <path>C:\ti\ccs1230\ccs\tools\compiler\ti-cgt-arm_20.2.7.LTS\lib\</path>
         <kind>archive</kind>
         <file>rtsv7M4_T_le_v4SPD16_eabi.lib</file>
         <name>fd_tou_t2.asm.obj</name>
      </input_file>
      <input_file id="fl-cd">
         <path>C:\ti\ccs1230\ccs\tools\compiler\ti-cgt-arm_20.2.7.LTS\lib\</path>
         <kind>archive</kind>
         <file>rtsv7M4_T_le_v4SPD16_eabi.lib</file>
         <name>fs_tod_t2.asm.obj</name>
      </input_file>
      <input_file id="fl-ce">
         <path>C:\ti\ccs1230\ccs\tools\compiler\ti-cgt-arm_20.2.7.LTS\lib\</path>
         <kind>archive</kind>
         <file>rtsv7M4_T_le_v4SPD16_eabi.lib</file>
         <name>i_tofd_t2.asm.obj</name>
      </input_file>
      <input_file id="fl-cf">
         <path>C:\ti\ccs1230\ccs\tools\compiler\ti-cgt-arm_20.2.7.LTS\lib\</path>
         <kind>archive</kind>
         <file>rtsv7M4_T_le_v4SPD16_eabi.lib</file>
         <name>u_divt2.asm.obj</name>
      </input_file>
      <input_file id="fl-d0">
         <path>C:\ti\ccs1230\ccs\tools\compiler\ti-cgt-arm_20.2.7.LTS\lib\</path>
         <kind>archive</kind>
         <file>rtsv7M4_T_le_v4SPD16_eabi.lib</file>
         <name>ll_div_t2.asm.obj</name>
      </input_file>
      <input_file id="fl-d1">
         <path>C:\ti\ccs1230\ccs\tools\compiler\ti-cgt-arm_20.2.7.LTS\lib\</path>
         <kind>archive</kind>
         <file>rtsv7M4_T_le_v4SPD16_eabi.lib</file>
         <name>ull_div_t2.asm.obj</name>
      </input_file>
      <input_file id="fl-d2">
         <path>C:\ti\ccs1230\ccs\tools\compiler\ti-cgt-arm_20.2.7.LTS\lib\</path>
         <kind>archive</kind>
         <file>rtsv7M4_T_le_v4SPD16_eabi.lib</file>
         <name>copy_zero_init.c.obj</name>
      </input_file>
      <input_file id="fl-d3">
         <path>C:\ti\ccs1230\ccs\tools\compiler\ti-cgt-arm_20.2.7.LTS\lib\</path>
         <kind>archive</kind>
         <file>rtsv7M4_T_le_v4SPD16_eabi.lib</file>
         <name>copy_decompress_none.c.obj</name>
      </input_file>
      <input_file id="fl-d4">
         <path>C:\ti\ccs1230\ccs\tools\compiler\ti-cgt-arm_20.2.7.LTS\lib\</path>
         <kind>archive</kind>
         <file>rtsv7M4_T_le_v4SPD16_eabi.lib</file>
         <name>copy_decompress_lzss.c.obj</name>
      </input_file>
      <input_file id="fl-d5">
         <path>C:\ti\ccs1230\ccs\tools\compiler\ti-cgt-arm_20.2.7.LTS\lib\</path>
         <kind>archive</kind>
         <file>rtsv7M4_T_le_v4SPD16_eabi.lib</file>
         <name>atof.c.obj</name>
      </input_file>
      <input_file id="fl-d6">
         <path>C:\ti\ccs1230\ccs\tools\compiler\ti-cgt-arm_20.2.7.LTS\lib\</path>
         <kind>archive</kind>
         <file>rtsv7M4_T_le_v4SPD16_eabi.lib</file>
         <name>atoi.c.obj</name>
      </input_file>
      <input_file id="fl-d7">
         <path>C:\ti\ccs1230\ccs\tools\compiler\ti-cgt-arm_20.2.7.LTS\lib\</path>
         <kind>archive</kind>
         <file>rtsv7M4_T_le_v4SPD16_eabi.lib</file>
         <name>ctype.c.obj</name>
      </input_file>
      <input_file id="fl-d8">
         <path>C:\ti\ccs1230\ccs\tools\compiler\ti-cgt-arm_20.2.7.LTS\lib\</path>
         <kind>archive</kind>
         <file>rtsv7M4_T_le_v4SPD16_eabi.lib</file>
         <name>strcmp.c.obj</name>
      </input_file>
      <input_file id="fl-d9">
         <path>C:\ti\ccs1230\ccs\tools\compiler\ti-cgt-arm_20.2.7.LTS\lib\</path>
         <kind>archive</kind>
         <file>rtsv7M4_T_le_v4SPD16_eabi.lib</file>
         <name>strtod.c.obj</name>
      </input_file>
      <input_file id="fl-da">
         <path>C:\ti\ccs1230\ccs\tools\compiler\ti-cgt-arm_20.2.7.LTS\lib\</path>
         <kind>archive</kind>
         <file>rtsv7M4_T_le_v4SPD16_eabi.lib</file>
         <name>strtok.c.obj</name>
      </input_file>
      <input_file id="fl-db">
         <path>C:\ti\ccs1230\ccs\tools\compiler\ti-cgt-arm_20.2.7.LTS\lib\</path>
         <kind>archive</kind>
         <file>rtsv7M4_T_le_v4SPD16_eabi.lib</file>
         <name>tolower.c.obj</name>
      </input_file>
      <input_file id="fl-dc">
         <path>C:\ti\ccs1230\ccs\tools\compiler\ti-cgt-arm_20.2.7.LTS\lib\</path>
         <kind>archive</kind>
         <file>rtsv7M4_T_le_v4SPD16_eabi.lib</file>
         <name>k_rem_pio2.c.obj</name>
      </input_file>
      <input_file id="fl-dd">
         <path>C:\ti\ccs1230\ccs\tools\compiler\ti-cgt-arm_20.2.7.LTS\lib\</path>
         <kind>archive</kind>
         <file>rtsv7M4_T_le_v4SPD16_eabi.lib</file>
         <name>boot_cortex_m.c.obj</name>
      </input_file>
      <input_file id="fl-de">
         <path>C:\ti\ccs1230\ccs\tools\compiler\ti-cgt-arm_20.2.7.LTS\lib\</path>
         <kind>archive</kind>
         <file>rtsv7M4_T_le_v4SPD16_eabi.lib</file>
         <name>errno.c.obj</name>
      </input_file>
      <input_file id="fl-df">
         <path>C:\ti\ccs1230\ccs\tools\compiler\ti-cgt-arm_20.2.7.LTS\lib\</path>
         <kind>archive</kind>
         <file>rtsv7M4_T_le_v4SPD16_eabi.lib</file>
         <name>k_cos.c.obj</name>
      </input_file>
      <input_file id="fl-e0">
         <path>C:\ti\ccs1230\ccs\tools\compiler\ti-cgt-arm_20.2.7.LTS\lib\</path>
         <kind>archive</kind>
         <file>rtsv7M4_T_le_v4SPD16_eabi.lib</file>
         <name>k_sin.c.obj</name>
      </input_file>
      <input_file id="fl-e1">
         <path>C:\ti\ccs1230\ccs\tools\compiler\ti-cgt-arm_20.2.7.LTS\lib\</path>
         <kind>archive</kind>
         <file>rtsv7M4_T_le_v4SPD16_eabi.lib</file>
         <name>s_floor.c.obj</name>
      </input_file>
      <input_file id="fl-e2">
         <path>C:\ti\ccs1230\ccs\tools\compiler\ti-cgt-arm_20.2.7.LTS\lib\</path>
         <kind>archive</kind>
         <file>rtsv7M4_T_le_v4SPD16_eabi.lib</file>
         <name>s_scalbn.c.obj</name>
      </input_file>
      <input_file id="fl-e3">
         <path>C:\ti\ccs1230\ccs\tools\compiler\ti-cgt-arm_20.2.7.LTS\lib\</path>
         <kind>archive</kind>
         <file>rtsv7M4_T_le_v4SPD16_eabi.lib</file>
         <name>div0.asm.obj</name>
      </input_file>
      <input_file id="fl-e4">
         <path>C:\ti\ccs1230\ccs\tools\compiler\ti-cgt-arm_20.2.7.LTS\lib\</path>
         <kind>archive</kind>
         <file>rtsv7M4_T_le_v4SPD16_eabi.lib</file>
         <name>memcpy_t2.asm.obj</name>
      </input_file>
      <input_file id="fl-e5">
         <path>C:\ti\ccs1230\ccs\tools\compiler\ti-cgt-arm_20.2.7.LTS\lib\</path>
         <kind>archive</kind>
         <file>rtsv7M4_T_le_v4SPD16_eabi.lib</file>
         <name>memset_t2.asm.obj</name>
      </input_file>
      <input_file id="fl-e6">
         <path>C:\ti\ccs1230\ccs\tools\compiler\ti-cgt-arm_20.2.7.LTS\lib\</path>
         <kind>archive</kind>
         <file>rtsv7M4_T_le_v4SPD16_eabi.lib</file>
         <name>autoinit.c.obj</name>
      </input_file>
      <input_file id="fl-e7">
         <path>C:\ti\ccs1230\ccs\tools\compiler\ti-cgt-arm_20.2.7.LTS\lib\</path>
         <kind>archive</kind>
         <file>rtsv7M4_T_le_v4SPD16_eabi.lib</file>
         <name>pre_init.c.obj</name>
      </input_file>
      <input_file id="fl-e8">
         <path>C:\ti\ccs1230\ccs\tools\compiler\ti-cgt-arm_20.2.7.LTS\lib\</path>
         <kind>archive</kind>
         <file>rtsv7M4_T_le_v4SPD16_eabi.lib</file>
         <name>cpy_tbl.c.obj</name>
      </input_file>
      <input_file id="fl-e9">
         <path>C:\ti\ccs1230\ccs\tools\compiler\ti-cgt-arm_20.2.7.LTS\lib\</path>
         <kind>archive</kind>
         <file>rtsv7M4_T_le_v4SPD16_eabi.lib</file>
         <name>exit.c.obj</name>
      </input_file>
      <input_file id="fl-ea">
         <path>C:\ti\ccs1230\ccs\tools\compiler\ti-cgt-arm_20.2.7.LTS\lib\</path>
         <kind>archive</kind>
         <file>rtsv7M4_T_le_v4SPD16_eabi.lib</file>
         <name>_lock.c.obj</name>
      </input_file>
      <input_file id="fl-eb">
         <path>C:\ti\ccs1230\ccs\tools\compiler\ti-cgt-arm_20.2.7.LTS\lib\</path>
         <kind>archive</kind>
         <file>rtsv7M4_T_le_v4SPD16_eabi.lib</file>
         <name>args_main.c.obj</name>
      </input_file>
      <input_file id="fl-ec">
         <path>C:\ti\ccs1230\ccs\tools\compiler\ti-cgt-arm_20.2.7.LTS\lib\</path>
         <kind>archive</kind>
         <file>rtsv7M4_T_le_v4SPD16_eabi.lib</file>
         <name>strcspn.c.obj</name>
      </input_file>
      <input_file id="fl-ed">
         <path>C:\ti\ccs1230\ccs\tools\compiler\ti-cgt-arm_20.2.7.LTS\lib\</path>
         <kind>archive</kind>
         <file>rtsv7M4_T_le_v4SPD16_eabi.lib</file>
         <name>strspn.c.obj</name>
      </input_file>
      <input_file id="fl-ee">
         <path>C:\ti\ccs1230\ccs\tools\compiler\ti-cgt-arm_20.2.7.LTS\lib\</path>
         <kind>archive</kind>
         <file>rtsv7M4_T_le_v4SPD16_eabi.lib</file>
         <name>s_copysign.c.obj</name>
      </input_file>
   </input_file_list>
   <object_component_list>
      <object_component id="oc-12">
         <name>.intvecs</name>
         <load_address>0x0</load_address>
         <run_address>0x0</run_address>
         <size>0x26c</size>
         <input_file_ref idref="fl-7"/>
      </object_component>
      <object_component id="oc-2d">
         <name>.text</name>
         <load_address>0x26c</load_address>
         <run_address>0x26c</run_address>
         <size>0xc3c</size>
         <input_file_ref idref="fl-4"/>
      </object_component>
      <object_component id="oc-80">
         <name>.text</name>
         <load_address>0xea8</load_address>
         <run_address>0xea8</run_address>
         <size>0x808</size>
         <input_file_ref idref="fl-3"/>
      </object_component>
      <object_component id="oc-1c7">
         <name>.text:__kernel_rem_pio2</name>
         <load_address>0x16b0</load_address>
         <run_address>0x16b0</run_address>
         <size>0x738</size>
         <input_file_ref idref="fl-dc"/>
      </object_component>
      <object_component id="oc-103">
         <name>.text:sin</name>
         <load_address>0x1de8</load_address>
         <run_address>0x1de8</run_address>
         <size>0x5e0</size>
         <input_file_ref idref="fl-c5"/>
      </object_component>
      <object_component id="oc-109">
         <name>.text:cos</name>
         <load_address>0x23c8</load_address>
         <run_address>0x23c8</run_address>
         <size>0x5dc</size>
         <input_file_ref idref="fl-c3"/>
      </object_component>
      <object_component id="oc-17c">
         <name>.text:strtod</name>
         <load_address>0x29a4</load_address>
         <run_address>0x29a4</run_address>
         <size>0x460</size>
         <input_file_ref idref="fl-d9"/>
      </object_component>
      <object_component id="oc-d6">
         <name>.text</name>
         <load_address>0x2e04</load_address>
         <run_address>0x2e04</run_address>
         <size>0x1b6</size>
         <input_file_ref idref="fl-c6"/>
      </object_component>
      <object_component id="oc-1a5">
         <name>.text</name>
         <load_address>0x2fba</load_address>
         <run_address>0x2fba</run_address>
         <size>0x2</size>
         <input_file_ref idref="fl-e3"/>
      </object_component>
      <object_component id="oc-1c1">
         <name>.text:__kernel_sin</name>
         <load_address>0x2fbc</load_address>
         <run_address>0x2fbc</run_address>
         <size>0x174</size>
         <input_file_ref idref="fl-e0"/>
      </object_component>
      <object_component id="oc-1cd">
         <name>.text:__kernel_cos</name>
         <load_address>0x3130</load_address>
         <run_address>0x3130</run_address>
         <size>0x170</size>
         <input_file_ref idref="fl-df"/>
      </object_component>
      <object_component id="oc-86">
         <name>.text</name>
         <load_address>0x32a0</load_address>
         <run_address>0x32a0</run_address>
         <size>0x160</size>
         <input_file_ref idref="fl-6"/>
      </object_component>
      <object_component id="oc-c1">
         <name>.text</name>
         <load_address>0x3400</load_address>
         <run_address>0x3400</run_address>
         <size>0x136</size>
         <input_file_ref idref="fl-c8"/>
      </object_component>
      <object_component id="oc-74">
         <name>.text</name>
         <load_address>0x3538</load_address>
         <run_address>0x3538</run_address>
         <size>0x128</size>
         <input_file_ref idref="fl-8"/>
      </object_component>
      <object_component id="oc-251">
         <name>.text:scalbn</name>
         <load_address>0x3660</load_address>
         <run_address>0x3660</run_address>
         <size>0x110</size>
         <input_file_ref idref="fl-e2"/>
      </object_component>
      <object_component id="oc-db">
         <name>.text</name>
         <load_address>0x3770</load_address>
         <run_address>0x3770</run_address>
         <size>0xfc</size>
         <input_file_ref idref="fl-c9"/>
      </object_component>
      <object_component id="oc-197">
         <name>.text:floor</name>
         <load_address>0x386c</load_address>
         <run_address>0x386c</run_address>
         <size>0xf8</size>
         <input_file_ref idref="fl-e1"/>
      </object_component>
      <object_component id="oc-b6">
         <name>.text</name>
         <load_address>0x3964</load_address>
         <run_address>0x3964</run_address>
         <size>0xd4</size>
         <input_file_ref idref="fl-5"/>
      </object_component>
      <object_component id="oc-c6">
         <name>.text:round</name>
         <load_address>0x3a38</load_address>
         <run_address>0x3a38</run_address>
         <size>0xc4</size>
         <input_file_ref idref="fl-c4"/>
      </object_component>
      <object_component id="oc-41">
         <name>.text</name>
         <load_address>0x3afc</load_address>
         <run_address>0x3afc</run_address>
         <size>0x9c</size>
         <input_file_ref idref="fl-e4"/>
      </object_component>
      <object_component id="oc-1ba">
         <name>.text</name>
         <load_address>0x3b98</load_address>
         <run_address>0x3b98</run_address>
         <size>0x96</size>
         <input_file_ref idref="fl-d1"/>
      </object_component>
      <object_component id="oc-19d">
         <name>.text:__aeabi_cdcmple</name>
         <load_address>0x3c2e</load_address>
         <run_address>0x3c2e</run_address>
         <size>0x86</size>
         <input_file_ref idref="fl-c7"/>
      </object_component>
      <object_component id="oc-261">
         <name>.text:__aeabi_cdrcmple</name>
         <load_address>0x3cb4</load_address>
         <run_address>0x3cb4</run_address>
         <size>0x86</size>
         <input_file_ref idref="fl-c7"/>
      </object_component>
      <object_component id="oc-13f">
         <name>.text</name>
         <load_address>0x3d3a</load_address>
         <run_address>0x3d3a</run_address>
         <size>0x7a</size>
         <input_file_ref idref="fl-e5"/>
      </object_component>
      <object_component id="oc-aa">
         <name>.text</name>
         <load_address>0x3db4</load_address>
         <run_address>0x3db4</run_address>
         <size>0x6e</size>
         <input_file_ref idref="fl-cb"/>
      </object_component>
      <object_component id="oc-f9">
         <name>.text</name>
         <load_address>0x3e22</load_address>
         <run_address>0x3e22</run_address>
         <size>0x6e</size>
         <input_file_ref idref="fl-d0"/>
      </object_component>
      <object_component id="oc-15">
         <name>.text:decompress:lzss:__TI_decompress_lzss</name>
         <load_address>0x3e90</load_address>
         <run_address>0x3e90</run_address>
         <size>0x68</size>
         <input_file_ref idref="fl-d4"/>
      </object_component>
      <object_component id="oc-9e">
         <name>.text:atoi</name>
         <load_address>0x3ef8</load_address>
         <run_address>0x3ef8</run_address>
         <size>0x4c</size>
         <input_file_ref idref="fl-d6"/>
      </object_component>
      <object_component id="oc-e0">
         <name>.text</name>
         <load_address>0x3f44</load_address>
         <run_address>0x3f44</run_address>
         <size>0x48</size>
         <input_file_ref idref="fl-ca"/>
      </object_component>
      <object_component id="oc-204">
         <name>.text:__TI_auto_init_nobinit_nopinit:__TI_auto_init_nobinit_nopinit</name>
         <load_address>0x3f8c</load_address>
         <run_address>0x3f8c</run_address>
         <size>0x44</size>
         <input_file_ref idref="fl-e6"/>
      </object_component>
      <object_component id="oc-cc">
         <name>.text</name>
         <load_address>0x3fd0</load_address>
         <run_address>0x3fd0</run_address>
         <size>0x44</size>
         <input_file_ref idref="fl-cc"/>
      </object_component>
      <object_component id="oc-d1">
         <name>.text</name>
         <load_address>0x4014</load_address>
         <run_address>0x4014</run_address>
         <size>0x40</size>
         <input_file_ref idref="fl-cf"/>
      </object_component>
      <object_component id="oc-92">
         <name>.text:strtok</name>
         <load_address>0x4054</load_address>
         <run_address>0x4054</run_address>
         <size>0x40</size>
         <input_file_ref idref="fl-da"/>
      </object_component>
      <object_component id="oc-bc">
         <name>.text</name>
         <load_address>0x4094</load_address>
         <run_address>0x4094</run_address>
         <size>0x38</size>
         <input_file_ref idref="fl-cd"/>
      </object_component>
      <object_component id="oc-5f">
         <name>.text:_c_int00_noargs:_c_int00_noargs</name>
         <load_address>0x40cc</load_address>
         <run_address>0x40cc</run_address>
         <size>0x34</size>
         <input_file_ref idref="fl-dd"/>
      </object_component>
      <object_component id="oc-fe">
         <name>.text</name>
         <load_address>0x4100</load_address>
         <run_address>0x4100</run_address>
         <size>0x2e</size>
         <input_file_ref idref="fl-ce"/>
      </object_component>
      <object_component id="oc-167">
         <name>.text:strspn</name>
         <load_address>0x412e</load_address>
         <run_address>0x412e</run_address>
         <size>0x2a</size>
         <input_file_ref idref="fl-ed"/>
      </object_component>
      <object_component id="oc-7a">
         <name>.text</name>
         <load_address>0x4158</load_address>
         <run_address>0x4158</run_address>
         <size>0x24</size>
         <input_file_ref idref="fl-2"/>
      </object_component>
      <object_component id="oc-16d">
         <name>.text:strcspn</name>
         <load_address>0x417c</load_address>
         <run_address>0x417c</run_address>
         <size>0x24</size>
         <input_file_ref idref="fl-ec"/>
      </object_component>
      <object_component id="oc-2b2">
         <name>.text:copysign</name>
         <load_address>0x41a0</load_address>
         <run_address>0x41a0</run_address>
         <size>0x1a</size>
         <input_file_ref idref="fl-ee"/>
      </object_component>
      <object_component id="oc-98">
         <name>.text:strcmp</name>
         <load_address>0x41ba</load_address>
         <run_address>0x41ba</run_address>
         <size>0x18</size>
         <input_file_ref idref="fl-d8"/>
      </object_component>
      <object_component id="oc-a4">
         <name>.text:atof</name>
         <load_address>0x41d2</load_address>
         <run_address>0x41d2</run_address>
         <size>0x12</size>
         <input_file_ref idref="fl-d5"/>
      </object_component>
      <object_component id="oc-8c">
         <name>.text:tolower</name>
         <load_address>0x41e4</load_address>
         <run_address>0x41e4</run_address>
         <size>0x10</size>
         <input_file_ref idref="fl-db"/>
      </object_component>
      <object_component id="oc-1b">
         <name>.text:decompress:none:__TI_decompress_none</name>
         <load_address>0x41f4</load_address>
         <run_address>0x41f4</run_address>
         <size>0xe</size>
         <input_file_ref idref="fl-d3"/>
      </object_component>
      <object_component id="oc-53">
         <name>.text:decompress:ZI:__TI_zero_init</name>
         <load_address>0x4202</load_address>
         <run_address>0x4202</run_address>
         <size>0xc</size>
         <input_file_ref idref="fl-d2"/>
      </object_component>
      <object_component id="oc-27">
         <name>.text</name>
         <load_address>0x420e</load_address>
         <run_address>0x420e</run_address>
         <size>0xc</size>
         <input_file_ref idref="fl-7"/>
      </object_component>
      <object_component id="oc-24b">
         <name>.text:__aeabi_errno_addr</name>
         <load_address>0x421c</load_address>
         <run_address>0x421c</run_address>
         <size>0x8</size>
         <input_file_ref idref="fl-de"/>
      </object_component>
      <object_component id="oc-145">
         <name>.text:_system_pre_init</name>
         <load_address>0x4224</load_address>
         <run_address>0x4224</run_address>
         <size>0x4</size>
         <input_file_ref idref="fl-e7"/>
      </object_component>
      <object_component id="oc-1f8">
         <name>.text:abort:abort</name>
         <load_address>0x4228</load_address>
         <run_address>0x4228</run_address>
         <size>0x4</size>
         <input_file_ref idref="fl-e9"/>
      </object_component>
      <object_component id="oc-26f">
         <name>.const:$O1$$</name>
         <load_address>0x4230</load_address>
         <run_address>0x4230</run_address>
         <size>0x158</size>
         <input_file_ref idref="fl-dc"/>
      </object_component>
      <object_component id="oc-162">
         <name>.const:.string:_ctypes_</name>
         <load_address>0x4388</load_address>
         <run_address>0x4388</run_address>
         <size>0x101</size>
         <input_file_ref idref="fl-d7"/>
      </object_component>
      <object_component id="oc-257">
         <name>.const:$O1$$</name>
         <load_address>0x4490</load_address>
         <run_address>0x4490</run_address>
         <size>0xc8</size>
         <input_file_ref idref="fl-d9"/>
      </object_component>
      <object_component id="oc-330">
         <name>.cinit..data.load</name>
         <load_address>0x4558</load_address>
         <run_address>0x4558</run_address>
         <size>0x81</size>
      </object_component>
      <object_component id="oc-32e">
         <name>__TI_handler_table</name>
         <load_address>0x45dc</load_address>
         <run_address>0x45dc</run_address>
         <size>0xc</size>
      </object_component>
      <object_component id="oc-331">
         <name>.cinit..bss.load</name>
         <load_address>0x45e8</load_address>
         <run_address>0x45e8</run_address>
         <size>0x8</size>
      </object_component>
      <object_component id="oc-32f">
         <name>__TI_cinit_table</name>
         <load_address>0x45f0</load_address>
         <run_address>0x45f0</run_address>
         <size>0x10</size>
      </object_component>
      <object_component id="oc-af">
         <name>.data</name>
         <load_address>0x20005058</load_address>
         <run_address>0x20005058</run_address>
         <size>0x3b</size>
         <input_file_ref idref="fl-4"/>
      </object_component>
      <object_component id="oc-115">
         <name>.data:loopValPerMod</name>
         <load_address>0x200050d4</load_address>
         <run_address>0x200050d4</run_address>
         <size>0x1c</size>
         <input_file_ref idref="fl-4"/>
      </object_component>
      <object_component id="oc-e7">
         <name>.data:BPSK_I</name>
         <load_address>0x20005110</load_address>
         <run_address>0x20005110</run_address>
         <size>0x8</size>
         <input_file_ref idref="fl-4"/>
      </object_component>
      <object_component id="oc-ea">
         <name>.data:BPSK_Q</name>
         <load_address>0x20005118</load_address>
         <run_address>0x20005118</run_address>
         <size>0x8</size>
         <input_file_ref idref="fl-4"/>
      </object_component>
      <object_component id="oc-ed">
         <name>.data:QPSK_I</name>
         <load_address>0x20005120</load_address>
         <run_address>0x20005120</run_address>
         <size>0x8</size>
         <input_file_ref idref="fl-4"/>
      </object_component>
      <object_component id="oc-f0">
         <name>.data:QPSK_Q</name>
         <load_address>0x20005128</load_address>
         <run_address>0x20005128</run_address>
         <size>0x8</size>
         <input_file_ref idref="fl-4"/>
      </object_component>
      <object_component id="oc-f3">
         <name>.data:PSK8_I</name>
         <load_address>0x20005094</load_address>
         <run_address>0x20005094</run_address>
         <size>0x20</size>
         <input_file_ref idref="fl-4"/>
      </object_component>
      <object_component id="oc-f6">
         <name>.data:PSK8_Q</name>
         <load_address>0x200050b4</load_address>
         <run_address>0x200050b4</run_address>
         <size>0x20</size>
         <input_file_ref idref="fl-4"/>
      </object_component>
      <object_component id="oc-10f">
         <name>.data:QUAM16_I</name>
         <load_address>0x200050f0</load_address>
         <run_address>0x200050f0</run_address>
         <size>0x10</size>
         <input_file_ref idref="fl-4"/>
      </object_component>
      <object_component id="oc-112">
         <name>.data:QUAM16_Q</name>
         <load_address>0x20005100</load_address>
         <run_address>0x20005100</run_address>
         <size>0x10</size>
         <input_file_ref idref="fl-4"/>
      </object_component>
      <object_component id="oc-173">
         <name>.data</name>
         <load_address>0x20005134</load_address>
         <run_address>0x20005134</run_address>
         <size>0x4</size>
         <input_file_ref idref="fl-da"/>
      </object_component>
      <object_component id="oc-2ad">
         <name>.data</name>
         <load_address>0x20005130</load_address>
         <run_address>0x20005130</run_address>
         <size>0x4</size>
         <input_file_ref idref="fl-de"/>
      </object_component>
      <object_component id="oc-b2">
         <name>.bss:strInput$1</name>
         <uninitialized>true</uninitialized>
         <run_address>0x20004000</run_address>
         <size>0x54</size>
         <input_file_ref idref="fl-4"/>
      </object_component>
      <object_component id="oc-e5">
         <name>.common:LUT_I</name>
         <uninitialized>true</uninitialized>
         <run_address>0x20000000</run_address>
         <size>0x2000</size>
      </object_component>
      <object_component id="oc-e6">
         <name>.common:LUT_Q</name>
         <uninitialized>true</uninitialized>
         <run_address>0x20002000</run_address>
         <size>0x2000</size>
      </object_component>
      <object_component id="oc-b3">
         <name>.common:mode</name>
         <uninitialized>true</uninitialized>
         <run_address>0x20004054</run_address>
         <size>0x1</size>
      </object_component>
      <object_component id="oc-24">
         <name>.stack</name>
         <uninitialized>true</uninitialized>
         <run_address>0x20004058</run_address>
         <size>0x4</size>
         <input_file_ref idref="fl-dd"/>
      </object_component>
      <object_component id="oc-333">
         <name>.stack</name>
         <uninitialized>true</uninitialized>
         <run_address>0x20004058</run_address>
         <size>0x0</size>
      </object_component>
      <object_component id="oc-1e7">
         <name>.debug_info</name>
         <load_address>0x0</load_address>
         <run_address>0x0</run_address>
         <size>0x269</size>
         <input_file_ref idref="fl-2"/>
      </object_component>
      <object_component id="oc-7e">
         <name>.debug_info</name>
         <load_address>0x269</load_address>
         <run_address>0x269</run_address>
         <size>0x187</size>
         <input_file_ref idref="fl-2"/>
      </object_component>
      <object_component id="oc-125">
         <name>.debug_info</name>
         <load_address>0x3f0</load_address>
         <run_address>0x3f0</run_address>
         <size>0x26b</size>
         <input_file_ref idref="fl-2"/>
      </object_component>
      <object_component id="oc-3c">
         <name>.debug_info</name>
         <load_address>0x65b</load_address>
         <run_address>0x65b</run_address>
         <size>0x84</size>
         <input_file_ref idref="fl-2"/>
      </object_component>
      <object_component id="oc-1e2">
         <name>.debug_info</name>
         <load_address>0x6df</load_address>
         <run_address>0x6df</run_address>
         <size>0x2a4</size>
         <input_file_ref idref="fl-2"/>
      </object_component>
      <object_component id="oc-11e">
         <name>.debug_info</name>
         <load_address>0x983</load_address>
         <run_address>0x983</run_address>
         <size>0xbb</size>
         <input_file_ref idref="fl-2"/>
      </object_component>
      <object_component id="oc-160">
         <name>.debug_info</name>
         <load_address>0xa3e</load_address>
         <run_address>0xa3e</run_address>
         <size>0x26e</size>
         <input_file_ref idref="fl-3"/>
      </object_component>
      <object_component id="oc-81">
         <name>.debug_info</name>
         <load_address>0xcac</load_address>
         <run_address>0xcac</run_address>
         <size>0x10f1</size>
         <input_file_ref idref="fl-3"/>
      </object_component>
      <object_component id="oc-15b">
         <name>.debug_info</name>
         <load_address>0x1d9d</load_address>
         <run_address>0x1d9d</run_address>
         <size>0x88</size>
         <input_file_ref idref="fl-3"/>
      </object_component>
      <object_component id="oc-119">
         <name>.debug_info</name>
         <load_address>0x1e25</load_address>
         <run_address>0x1e25</run_address>
         <size>0x8b</size>
         <input_file_ref idref="fl-3"/>
      </object_component>
      <object_component id="oc-b4">
         <name>.debug_info</name>
         <load_address>0x1eb0</load_address>
         <run_address>0x1eb0</run_address>
         <size>0x69e</size>
         <input_file_ref idref="fl-4"/>
      </object_component>
      <object_component id="oc-b0">
         <name>.debug_info</name>
         <load_address>0x254e</load_address>
         <run_address>0x254e</run_address>
         <size>0x29a</size>
         <input_file_ref idref="fl-4"/>
      </object_component>
      <object_component id="oc-116">
         <name>.debug_info</name>
         <load_address>0x27e8</load_address>
         <run_address>0x27e8</run_address>
         <size>0xe7</size>
         <input_file_ref idref="fl-4"/>
      </object_component>
      <object_component id="oc-e8">
         <name>.debug_info</name>
         <load_address>0x28cf</load_address>
         <run_address>0x28cf</run_address>
         <size>0xd9</size>
         <input_file_ref idref="fl-4"/>
      </object_component>
      <object_component id="oc-eb">
         <name>.debug_info</name>
         <load_address>0x29a8</load_address>
         <run_address>0x29a8</run_address>
         <size>0xd9</size>
         <input_file_ref idref="fl-4"/>
      </object_component>
      <object_component id="oc-ee">
         <name>.debug_info</name>
         <load_address>0x2a81</load_address>
         <run_address>0x2a81</run_address>
         <size>0xd9</size>
         <input_file_ref idref="fl-4"/>
      </object_component>
      <object_component id="oc-f1">
         <name>.debug_info</name>
         <load_address>0x2b5a</load_address>
         <run_address>0x2b5a</run_address>
         <size>0xd9</size>
         <input_file_ref idref="fl-4"/>
      </object_component>
      <object_component id="oc-f4">
         <name>.debug_info</name>
         <load_address>0x2c33</load_address>
         <run_address>0x2c33</run_address>
         <size>0xd9</size>
         <input_file_ref idref="fl-4"/>
      </object_component>
      <object_component id="oc-f7">
         <name>.debug_info</name>
         <load_address>0x2d0c</load_address>
         <run_address>0x2d0c</run_address>
         <size>0xd9</size>
         <input_file_ref idref="fl-4"/>
      </object_component>
      <object_component id="oc-110">
         <name>.debug_info</name>
         <load_address>0x2de5</load_address>
         <run_address>0x2de5</run_address>
         <size>0xdd</size>
         <input_file_ref idref="fl-4"/>
      </object_component>
      <object_component id="oc-113">
         <name>.debug_info</name>
         <load_address>0x2ec2</load_address>
         <run_address>0x2ec2</run_address>
         <size>0xdd</size>
         <input_file_ref idref="fl-4"/>
      </object_component>
      <object_component id="oc-2e">
         <name>.debug_info</name>
         <load_address>0x2f9f</load_address>
         <run_address>0x2f9f</run_address>
         <size>0x10de</size>
         <input_file_ref idref="fl-4"/>
      </object_component>
      <object_component id="oc-189">
         <name>.debug_info</name>
         <load_address>0x407d</load_address>
         <run_address>0x407d</run_address>
         <size>0x35</size>
         <input_file_ref idref="fl-4"/>
      </object_component>
      <object_component id="oc-18e">
         <name>.debug_info</name>
         <load_address>0x40b2</load_address>
         <run_address>0x40b2</run_address>
         <size>0x6c</size>
         <input_file_ref idref="fl-4"/>
      </object_component>
      <object_component id="oc-194">
         <name>.debug_info</name>
         <load_address>0x411e</load_address>
         <run_address>0x411e</run_address>
         <size>0x273</size>
         <input_file_ref idref="fl-5"/>
      </object_component>
      <object_component id="oc-b7">
         <name>.debug_info</name>
         <load_address>0x4391</load_address>
         <run_address>0x4391</run_address>
         <size>0x30f</size>
         <input_file_ref idref="fl-5"/>
      </object_component>
      <object_component id="oc-8a">
         <name>.debug_info</name>
         <load_address>0x46a0</load_address>
         <run_address>0x46a0</run_address>
         <size>0x460</size>
         <input_file_ref idref="fl-6"/>
      </object_component>
      <object_component id="oc-35">
         <name>.debug_info</name>
         <load_address>0x4b00</load_address>
         <run_address>0x4b00</run_address>
         <size>0x2de</size>
         <input_file_ref idref="fl-7"/>
      </object_component>
      <object_component id="oc-13">
         <name>.debug_info</name>
         <load_address>0x4dde</load_address>
         <run_address>0x4dde</run_address>
         <size>0xf9</size>
         <input_file_ref idref="fl-7"/>
      </object_component>
      <object_component id="oc-2a">
         <name>.debug_info</name>
         <load_address>0x4ed7</load_address>
         <run_address>0x4ed7</run_address>
         <size>0x275</size>
         <input_file_ref idref="fl-7"/>
      </object_component>
      <object_component id="oc-158">
         <name>.debug_info</name>
         <load_address>0x514c</load_address>
         <run_address>0x514c</run_address>
         <size>0x359</size>
         <input_file_ref idref="fl-8"/>
      </object_component>
      <object_component id="oc-76">
         <name>.debug_info</name>
         <load_address>0x54a5</load_address>
         <run_address>0x54a5</run_address>
         <size>0x3d2</size>
         <input_file_ref idref="fl-8"/>
      </object_component>
      <object_component id="oc-1db">
         <name>.debug_info</name>
         <load_address>0x5877</load_address>
         <run_address>0x5877</run_address>
         <size>0x361</size>
         <input_file_ref idref="fl-c3"/>
      </object_component>
      <object_component id="oc-10d">
         <name>.debug_info</name>
         <load_address>0x5bd8</load_address>
         <run_address>0x5bd8</run_address>
         <size>0x79b</size>
         <input_file_ref idref="fl-c3"/>
      </object_component>
      <object_component id="oc-27e">
         <name>.debug_info</name>
         <load_address>0x6373</load_address>
         <run_address>0x6373</run_address>
         <size>0x46</size>
         <input_file_ref idref="fl-c3"/>
      </object_component>
      <object_component id="oc-1d5">
         <name>.debug_info</name>
         <load_address>0x63b9</load_address>
         <run_address>0x63b9</run_address>
         <size>0x39</size>
         <input_file_ref idref="fl-c3"/>
      </object_component>
      <object_component id="oc-1a3">
         <name>.debug_info</name>
         <load_address>0x63f2</load_address>
         <run_address>0x63f2</run_address>
         <size>0x2ab</size>
         <input_file_ref idref="fl-c4"/>
      </object_component>
      <object_component id="oc-c8">
         <name>.debug_info</name>
         <load_address>0x669d</load_address>
         <run_address>0x669d</run_address>
         <size>0x214</size>
         <input_file_ref idref="fl-c4"/>
      </object_component>
      <object_component id="oc-1d4">
         <name>.debug_info</name>
         <load_address>0x68b1</load_address>
         <run_address>0x68b1</run_address>
         <size>0x361</size>
         <input_file_ref idref="fl-c5"/>
      </object_component>
      <object_component id="oc-104">
         <name>.debug_info</name>
         <load_address>0x6c12</load_address>
         <run_address>0x6c12</run_address>
         <size>0x7ae</size>
         <input_file_ref idref="fl-c5"/>
      </object_component>
      <object_component id="oc-d7">
         <name>.debug_info</name>
         <load_address>0x73c0</load_address>
         <run_address>0x73c0</run_address>
         <size>0x14c</size>
         <input_file_ref idref="fl-c6"/>
      </object_component>
      <object_component id="oc-19e">
         <name>.debug_info</name>
         <load_address>0x750c</load_address>
         <run_address>0x750c</run_address>
         <size>0x128</size>
         <input_file_ref idref="fl-c7"/>
      </object_component>
      <object_component id="oc-262">
         <name>.debug_info</name>
         <load_address>0x7634</load_address>
         <run_address>0x7634</run_address>
         <size>0x12a</size>
         <input_file_ref idref="fl-c7"/>
      </object_component>
      <object_component id="oc-c4">
         <name>.debug_info</name>
         <load_address>0x775e</load_address>
         <run_address>0x775e</run_address>
         <size>0x13a</size>
         <input_file_ref idref="fl-c8"/>
      </object_component>
      <object_component id="oc-dc">
         <name>.debug_info</name>
         <load_address>0x7898</load_address>
         <run_address>0x7898</run_address>
         <size>0x13a</size>
         <input_file_ref idref="fl-c9"/>
      </object_component>
      <object_component id="oc-e1">
         <name>.debug_info</name>
         <load_address>0x79d2</load_address>
         <run_address>0x79d2</run_address>
         <size>0x12e</size>
         <input_file_ref idref="fl-ca"/>
      </object_component>
      <object_component id="oc-ac">
         <name>.debug_info</name>
         <load_address>0x7b00</load_address>
         <run_address>0x7b00</run_address>
         <size>0x13e</size>
         <input_file_ref idref="fl-cb"/>
      </object_component>
      <object_component id="oc-cf">
         <name>.debug_info</name>
         <load_address>0x7c3e</load_address>
         <run_address>0x7c3e</run_address>
         <size>0x139</size>
         <input_file_ref idref="fl-cc"/>
      </object_component>
      <object_component id="oc-bf">
         <name>.debug_info</name>
         <load_address>0x7d77</load_address>
         <run_address>0x7d77</run_address>
         <size>0x12c</size>
         <input_file_ref idref="fl-cd"/>
      </object_component>
      <object_component id="oc-101">
         <name>.debug_info</name>
         <load_address>0x7ea3</load_address>
         <run_address>0x7ea3</run_address>
         <size>0x12c</size>
         <input_file_ref idref="fl-ce"/>
      </object_component>
      <object_component id="oc-d2">
         <name>.debug_info</name>
         <load_address>0x7fcf</load_address>
         <run_address>0x7fcf</run_address>
         <size>0x142</size>
         <input_file_ref idref="fl-cf"/>
      </object_component>
      <object_component id="oc-fa">
         <name>.debug_info</name>
         <load_address>0x8111</load_address>
         <run_address>0x8111</run_address>
         <size>0x13f</size>
         <input_file_ref idref="fl-d0"/>
      </object_component>
      <object_component id="oc-1bd">
         <name>.debug_info</name>
         <load_address>0x8250</load_address>
         <run_address>0x8250</run_address>
         <size>0x134</size>
         <input_file_ref idref="fl-d1"/>
      </object_component>
      <object_component id="oc-13e">
         <name>.debug_info</name>
         <load_address>0x8384</load_address>
         <run_address>0x8384</run_address>
         <size>0x2d4</size>
         <input_file_ref idref="fl-d2"/>
      </object_component>
      <object_component id="oc-55">
         <name>.debug_info</name>
         <load_address>0x8658</load_address>
         <run_address>0x8658</run_address>
         <size>0x1b5</size>
         <input_file_ref idref="fl-d2"/>
      </object_component>
      <object_component id="oc-139">
         <name>.debug_info</name>
         <load_address>0x880d</load_address>
         <run_address>0x880d</run_address>
         <size>0x46</size>
         <input_file_ref idref="fl-d2"/>
      </object_component>
      <object_component id="oc-1ef">
         <name>.debug_info</name>
         <load_address>0x8853</load_address>
         <run_address>0x8853</run_address>
         <size>0x2c</size>
         <input_file_ref idref="fl-d2"/>
      </object_component>
      <object_component id="oc-4c">
         <name>.debug_info</name>
         <load_address>0x887f</load_address>
         <run_address>0x887f</run_address>
         <size>0x2a8</size>
         <input_file_ref idref="fl-d3"/>
      </object_component>
      <object_component id="oc-1d">
         <name>.debug_info</name>
         <load_address>0x8b27</load_address>
         <run_address>0x8b27</run_address>
         <size>0x1ea</size>
         <input_file_ref idref="fl-d3"/>
      </object_component>
      <object_component id="oc-47">
         <name>.debug_info</name>
         <load_address>0x8d11</load_address>
         <run_address>0x8d11</run_address>
         <size>0x46</size>
         <input_file_ref idref="fl-d3"/>
      </object_component>
      <object_component id="oc-131">
         <name>.debug_info</name>
         <load_address>0x8d57</load_address>
         <run_address>0x8d57</run_address>
         <size>0x2c</size>
         <input_file_ref idref="fl-d3"/>
      </object_component>
      <object_component id="oc-12f">
         <name>.debug_info</name>
         <load_address>0x8d83</load_address>
         <run_address>0x8d83</run_address>
         <size>0x29e</size>
         <input_file_ref idref="fl-d4"/>
      </object_component>
      <object_component id="oc-17">
         <name>.debug_info</name>
         <load_address>0x9021</load_address>
         <run_address>0x9021</run_address>
         <size>0x250</size>
         <input_file_ref idref="fl-d4"/>
      </object_component>
      <object_component id="oc-37">
         <name>.debug_info</name>
         <load_address>0x9271</load_address>
         <run_address>0x9271</run_address>
         <size>0x60</size>
         <input_file_ref idref="fl-d4"/>
      </object_component>
      <object_component id="oc-1e8">
         <name>.debug_info</name>
         <load_address>0x92d1</load_address>
         <run_address>0x92d1</run_address>
         <size>0x46</size>
         <input_file_ref idref="fl-d4"/>
      </object_component>
      <object_component id="oc-12a">
         <name>.debug_info</name>
         <load_address>0x9317</load_address>
         <run_address>0x9317</run_address>
         <size>0x39</size>
         <input_file_ref idref="fl-d4"/>
      </object_component>
      <object_component id="oc-183">
         <name>.debug_info</name>
         <load_address>0x9350</load_address>
         <run_address>0x9350</run_address>
         <size>0x2c5</size>
         <input_file_ref idref="fl-d5"/>
      </object_component>
      <object_component id="oc-a6">
         <name>.debug_info</name>
         <load_address>0x9615</load_address>
         <run_address>0x9615</run_address>
         <size>0x149</size>
         <input_file_ref idref="fl-d5"/>
      </object_component>
      <object_component id="oc-17b">
         <name>.debug_info</name>
         <load_address>0x975e</load_address>
         <run_address>0x975e</run_address>
         <size>0x2b9</size>
         <input_file_ref idref="fl-d6"/>
      </object_component>
      <object_component id="oc-9f">
         <name>.debug_info</name>
         <load_address>0x9a17</load_address>
         <run_address>0x9a17</run_address>
         <size>0x17c</size>
         <input_file_ref idref="fl-d6"/>
      </object_component>
      <object_component id="oc-23c">
         <name>.debug_info</name>
         <load_address>0x9b93</load_address>
         <run_address>0x9b93</run_address>
         <size>0xf9</size>
         <input_file_ref idref="fl-d7"/>
      </object_component>
      <object_component id="oc-163">
         <name>.debug_info</name>
         <load_address>0x9c8c</load_address>
         <run_address>0x9c8c</run_address>
         <size>0x105</size>
         <input_file_ref idref="fl-d7"/>
      </object_component>
      <object_component id="oc-179">
         <name>.debug_info</name>
         <load_address>0x9d91</load_address>
         <run_address>0x9d91</run_address>
         <size>0x28a</size>
         <input_file_ref idref="fl-d8"/>
      </object_component>
      <object_component id="oc-99">
         <name>.debug_info</name>
         <load_address>0xa01b</load_address>
         <run_address>0xa01b</run_address>
         <size>0x273</size>
         <input_file_ref idref="fl-d8"/>
      </object_component>
      <object_component id="oc-25b">
         <name>.debug_info</name>
         <load_address>0xa28e</load_address>
         <run_address>0xa28e</run_address>
         <size>0x3b1</size>
         <input_file_ref idref="fl-d9"/>
      </object_component>
      <object_component id="oc-258">
         <name>.debug_info</name>
         <load_address>0xa63f</load_address>
         <run_address>0xa63f</run_address>
         <size>0x123</size>
         <input_file_ref idref="fl-d9"/>
      </object_component>
      <object_component id="oc-17e">
         <name>.debug_info</name>
         <load_address>0xa762</load_address>
         <run_address>0xa762</run_address>
         <size>0x4e0</size>
         <input_file_ref idref="fl-d9"/>
      </object_component>
      <object_component id="oc-177">
         <name>.debug_info</name>
         <load_address>0xac42</load_address>
         <run_address>0xac42</run_address>
         <size>0x2fe</size>
         <input_file_ref idref="fl-da"/>
      </object_component>
      <object_component id="oc-174">
         <name>.debug_info</name>
         <load_address>0xaf40</load_address>
         <run_address>0xaf40</run_address>
         <size>0x105</size>
         <input_file_ref idref="fl-da"/>
      </object_component>
      <object_component id="oc-96">
         <name>.debug_info</name>
         <load_address>0xb045</load_address>
         <run_address>0xb045</run_address>
         <size>0x1ab</size>
         <input_file_ref idref="fl-da"/>
      </object_component>
      <object_component id="oc-166">
         <name>.debug_info</name>
         <load_address>0xb1f0</load_address>
         <run_address>0xb1f0</run_address>
         <size>0x2b6</size>
         <input_file_ref idref="fl-db"/>
      </object_component>
      <object_component id="oc-90">
         <name>.debug_info</name>
         <load_address>0xb4a6</load_address>
         <run_address>0xb4a6</run_address>
         <size>0x154</size>
         <input_file_ref idref="fl-db"/>
      </object_component>
      <object_component id="oc-273">
         <name>.debug_info</name>
         <load_address>0xb5fa</load_address>
         <run_address>0xb5fa</run_address>
         <size>0x3aa</size>
         <input_file_ref idref="fl-dc"/>
      </object_component>
      <object_component id="oc-270">
         <name>.debug_info</name>
         <load_address>0xb9a4</load_address>
         <run_address>0xb9a4</run_address>
         <size>0x13a</size>
         <input_file_ref idref="fl-dc"/>
      </object_component>
      <object_component id="oc-1c9">
         <name>.debug_info</name>
         <load_address>0xbade</load_address>
         <run_address>0xbade</run_address>
         <size>0x72f</size>
         <input_file_ref idref="fl-dc"/>
      </object_component>
      <object_component id="oc-2c7">
         <name>.debug_info</name>
         <load_address>0xc20d</load_address>
         <run_address>0xc20d</run_address>
         <size>0x39</size>
         <input_file_ref idref="fl-dc"/>
      </object_component>
      <object_component id="oc-275">
         <name>.debug_info</name>
         <load_address>0xc246</load_address>
         <run_address>0xc246</run_address>
         <size>0x2c</size>
         <input_file_ref idref="fl-dc"/>
      </object_component>
      <object_component id="oc-25">
         <name>.debug_info</name>
         <load_address>0xc272</load_address>
         <run_address>0xc272</run_address>
         <size>0x10b</size>
         <input_file_ref idref="fl-dd"/>
      </object_component>
      <object_component id="oc-60">
         <name>.debug_info</name>
         <load_address>0xc37d</load_address>
         <run_address>0xc37d</run_address>
         <size>0x1a9</size>
         <input_file_ref idref="fl-dd"/>
      </object_component>
      <object_component id="oc-2b1">
         <name>.debug_info</name>
         <load_address>0xc526</load_address>
         <run_address>0xc526</run_address>
         <size>0x289</size>
         <input_file_ref idref="fl-de"/>
      </object_component>
      <object_component id="oc-2ae">
         <name>.debug_info</name>
         <load_address>0xc7af</load_address>
         <run_address>0xc7af</run_address>
         <size>0x10e</size>
         <input_file_ref idref="fl-de"/>
      </object_component>
      <object_component id="oc-24f">
         <name>.debug_info</name>
         <load_address>0xc8bd</load_address>
         <run_address>0xc8bd</run_address>
         <size>0x14e</size>
         <input_file_ref idref="fl-de"/>
      </object_component>
      <object_component id="oc-27b">
         <name>.debug_info</name>
         <load_address>0xca0b</load_address>
         <run_address>0xca0b</run_address>
         <size>0x288</size>
         <input_file_ref idref="fl-df"/>
      </object_component>
      <object_component id="oc-1cf">
         <name>.debug_info</name>
         <load_address>0xcc93</load_address>
         <run_address>0xcc93</run_address>
         <size>0x327</size>
         <input_file_ref idref="fl-df"/>
      </object_component>
      <object_component id="oc-26e">
         <name>.debug_info</name>
         <load_address>0xcfba</load_address>
         <run_address>0xcfba</run_address>
         <size>0x28d</size>
         <input_file_ref idref="fl-e0"/>
      </object_component>
      <object_component id="oc-1c2">
         <name>.debug_info</name>
         <load_address>0xd247</load_address>
         <run_address>0xd247</run_address>
         <size>0x380</size>
         <input_file_ref idref="fl-e0"/>
      </object_component>
      <object_component id="oc-267">
         <name>.debug_info</name>
         <load_address>0xd5c7</load_address>
         <run_address>0xd5c7</run_address>
         <size>0x28a</size>
         <input_file_ref idref="fl-e1"/>
      </object_component>
      <object_component id="oc-199">
         <name>.debug_info</name>
         <load_address>0xd851</load_address>
         <run_address>0xd851</run_address>
         <size>0x22a</size>
         <input_file_ref idref="fl-e1"/>
      </object_component>
      <object_component id="oc-2b9">
         <name>.debug_info</name>
         <load_address>0xda7b</load_address>
         <run_address>0xda7b</run_address>
         <size>0x2f8</size>
         <input_file_ref idref="fl-e2"/>
      </object_component>
      <object_component id="oc-253">
         <name>.debug_info</name>
         <load_address>0xdd73</load_address>
         <run_address>0xdd73</run_address>
         <size>0x225</size>
         <input_file_ref idref="fl-e2"/>
      </object_component>
      <object_component id="oc-1a6">
         <name>.debug_info</name>
         <load_address>0xdf98</load_address>
         <run_address>0xdf98</run_address>
         <size>0x115</size>
         <input_file_ref idref="fl-e3"/>
      </object_component>
      <object_component id="oc-42">
         <name>.debug_info</name>
         <load_address>0xe0ad</load_address>
         <run_address>0xe0ad</run_address>
         <size>0x119</size>
         <input_file_ref idref="fl-e4"/>
      </object_component>
      <object_component id="oc-141">
         <name>.debug_info</name>
         <load_address>0xe1c6</load_address>
         <run_address>0xe1c6</run_address>
         <size>0x147</size>
         <input_file_ref idref="fl-e5"/>
      </object_component>
      <object_component id="oc-292">
         <name>.debug_info</name>
         <load_address>0xe30d</load_address>
         <run_address>0xe30d</run_address>
         <size>0x4b3</size>
         <input_file_ref idref="fl-e6"/>
      </object_component>
      <object_component id="oc-205">
         <name>.debug_info</name>
         <load_address>0xe7c0</load_address>
         <run_address>0xe7c0</run_address>
         <size>0x1a6</size>
         <input_file_ref idref="fl-e6"/>
      </object_component>
      <object_component id="oc-2de">
         <name>.debug_info</name>
         <load_address>0xe966</load_address>
         <run_address>0xe966</run_address>
         <size>0x39</size>
         <input_file_ref idref="fl-e6"/>
      </object_component>
      <object_component id="oc-2f9">
         <name>.debug_info</name>
         <load_address>0xe99f</load_address>
         <run_address>0xe99f</run_address>
         <size>0x39</size>
         <input_file_ref idref="fl-e6"/>
      </object_component>
      <object_component id="oc-2e3">
         <name>.debug_info</name>
         <load_address>0xe9d8</load_address>
         <run_address>0xe9d8</run_address>
         <size>0x39</size>
         <input_file_ref idref="fl-e6"/>
      </object_component>
      <object_component id="oc-2e8">
         <name>.debug_info</name>
         <load_address>0xea11</load_address>
         <run_address>0xea11</run_address>
         <size>0xcd</size>
         <input_file_ref idref="fl-e6"/>
      </object_component>
      <object_component id="oc-146">
         <name>.debug_info</name>
         <load_address>0xeade</load_address>
         <run_address>0xeade</run_address>
         <size>0x153</size>
         <input_file_ref idref="fl-e7"/>
      </object_component>
      <object_component id="oc-1f9">
         <name>.debug_info</name>
         <load_address>0xec31</load_address>
         <run_address>0xec31</run_address>
         <size>0x122</size>
         <input_file_ref idref="fl-e9"/>
      </object_component>
      <object_component id="oc-242">
         <name>.debug_info</name>
         <load_address>0xed53</load_address>
         <run_address>0xed53</run_address>
         <size>0x290</size>
         <input_file_ref idref="fl-ec"/>
      </object_component>
      <object_component id="oc-170">
         <name>.debug_info</name>
         <load_address>0xefe3</load_address>
         <run_address>0xefe3</run_address>
         <size>0x198</size>
         <input_file_ref idref="fl-ec"/>
      </object_component>
      <object_component id="oc-240">
         <name>.debug_info</name>
         <load_address>0xf17b</load_address>
         <run_address>0xf17b</run_address>
         <size>0x295</size>
         <input_file_ref idref="fl-ed"/>
      </object_component>
      <object_component id="oc-168">
         <name>.debug_info</name>
         <load_address>0xf410</load_address>
         <run_address>0xf410</run_address>
         <size>0x1c3</size>
         <input_file_ref idref="fl-ed"/>
      </object_component>
      <object_component id="oc-2b5">
         <name>.debug_info</name>
         <load_address>0xf5d3</load_address>
         <run_address>0xf5d3</run_address>
         <size>0x161</size>
         <input_file_ref idref="fl-ee"/>
      </object_component>
      <object_component id="oc-334">
         <name>.debug_info</name>
         <load_address>0xf734</load_address>
         <run_address>0xf734</run_address>
         <size>0xac</size>
      </object_component>
      <object_component id="oc-286">
         <name>.debug_line</name>
         <load_address>0x0</load_address>
         <run_address>0x0</run_address>
         <size>0x20</size>
         <input_file_ref idref="fl-2"/>
      </object_component>
      <object_component id="oc-7c">
         <name>.debug_line</name>
         <load_address>0x20</load_address>
         <run_address>0x20</run_address>
         <size>0x5c</size>
         <input_file_ref idref="fl-2"/>
      </object_component>
      <object_component id="oc-128">
         <name>.debug_line</name>
         <load_address>0x7c</load_address>
         <run_address>0x7c</run_address>
         <size>0x6f</size>
         <input_file_ref idref="fl-2"/>
      </object_component>
      <object_component id="oc-3f">
         <name>.debug_line</name>
         <load_address>0xeb</load_address>
         <run_address>0xeb</run_address>
         <size>0x20</size>
         <input_file_ref idref="fl-2"/>
      </object_component>
      <object_component id="oc-1e5">
         <name>.debug_line</name>
         <load_address>0x10b</load_address>
         <run_address>0x10b</run_address>
         <size>0x73</size>
         <input_file_ref idref="fl-2"/>
      </object_component>
      <object_component id="oc-121">
         <name>.debug_line</name>
         <load_address>0x17e</load_address>
         <run_address>0x17e</run_address>
         <size>0x70</size>
         <input_file_ref idref="fl-2"/>
      </object_component>
      <object_component id="oc-239">
         <name>.debug_line</name>
         <load_address>0x1ee</load_address>
         <run_address>0x1ee</run_address>
         <size>0x20</size>
         <input_file_ref idref="fl-3"/>
      </object_component>
      <object_component id="oc-84">
         <name>.debug_line</name>
         <load_address>0x20e</load_address>
         <run_address>0x20e</run_address>
         <size>0x3d4</size>
         <input_file_ref idref="fl-3"/>
      </object_component>
      <object_component id="oc-15e">
         <name>.debug_line</name>
         <load_address>0x5e2</load_address>
         <run_address>0x5e2</run_address>
         <size>0x31</size>
         <input_file_ref idref="fl-3"/>
      </object_component>
      <object_component id="oc-11c">
         <name>.debug_line</name>
         <load_address>0x613</load_address>
         <run_address>0x613</run_address>
         <size>0x20</size>
         <input_file_ref idref="fl-3"/>
      </object_component>
      <object_component id="oc-188">
         <name>.debug_line</name>
         <load_address>0x633</load_address>
         <run_address>0x633</run_address>
         <size>0x1ad</size>
         <input_file_ref idref="fl-4"/>
      </object_component>
      <object_component id="oc-186">
         <name>.debug_line</name>
         <load_address>0x7e0</load_address>
         <run_address>0x7e0</run_address>
         <size>0x2d</size>
         <input_file_ref idref="fl-4"/>
      </object_component>
      <object_component id="oc-1e1">
         <name>.debug_line</name>
         <load_address>0x80d</load_address>
         <run_address>0x80d</run_address>
         <size>0x2d</size>
         <input_file_ref idref="fl-4"/>
      </object_component>
      <object_component id="oc-1af">
         <name>.debug_line</name>
         <load_address>0x83a</load_address>
         <run_address>0x83a</run_address>
         <size>0x2d</size>
         <input_file_ref idref="fl-4"/>
      </object_component>
      <object_component id="oc-1b1">
         <name>.debug_line</name>
         <load_address>0x867</load_address>
         <run_address>0x867</run_address>
         <size>0x2d</size>
         <input_file_ref idref="fl-4"/>
      </object_component>
      <object_component id="oc-1b3">
         <name>.debug_line</name>
         <load_address>0x894</load_address>
         <run_address>0x894</run_address>
         <size>0x2d</size>
         <input_file_ref idref="fl-4"/>
      </object_component>
      <object_component id="oc-1b5">
         <name>.debug_line</name>
         <load_address>0x8c1</load_address>
         <run_address>0x8c1</run_address>
         <size>0x2d</size>
         <input_file_ref idref="fl-4"/>
      </object_component>
      <object_component id="oc-1b7">
         <name>.debug_line</name>
         <load_address>0x8ee</load_address>
         <run_address>0x8ee</run_address>
         <size>0x2d</size>
         <input_file_ref idref="fl-4"/>
      </object_component>
      <object_component id="oc-1b9">
         <name>.debug_line</name>
         <load_address>0x91b</load_address>
         <run_address>0x91b</run_address>
         <size>0x2d</size>
         <input_file_ref idref="fl-4"/>
      </object_component>
      <object_component id="oc-1dd">
         <name>.debug_line</name>
         <load_address>0x948</load_address>
         <run_address>0x948</run_address>
         <size>0x2d</size>
         <input_file_ref idref="fl-4"/>
      </object_component>
      <object_component id="oc-1df">
         <name>.debug_line</name>
         <load_address>0x975</load_address>
         <run_address>0x975</run_address>
         <size>0x2d</size>
         <input_file_ref idref="fl-4"/>
      </object_component>
      <object_component id="oc-31">
         <name>.debug_line</name>
         <load_address>0x9a2</load_address>
         <run_address>0x9a2</run_address>
         <size>0x2bd</size>
         <input_file_ref idref="fl-4"/>
      </object_component>
      <object_component id="oc-18c">
         <name>.debug_line</name>
         <load_address>0xc5f</load_address>
         <run_address>0xc5f</run_address>
         <size>0x74</size>
         <input_file_ref idref="fl-4"/>
      </object_component>
      <object_component id="oc-191">
         <name>.debug_line</name>
         <load_address>0xcd3</load_address>
         <run_address>0xcd3</run_address>
         <size>0x2d</size>
         <input_file_ref idref="fl-4"/>
      </object_component>
      <object_component id="oc-260">
         <name>.debug_line</name>
         <load_address>0xd00</load_address>
         <run_address>0xd00</run_address>
         <size>0x20</size>
         <input_file_ref idref="fl-5"/>
      </object_component>
      <object_component id="oc-bb">
         <name>.debug_line</name>
         <load_address>0xd20</load_address>
         <run_address>0xd20</run_address>
         <size>0x89</size>
         <input_file_ref idref="fl-5"/>
      </object_component>
      <object_component id="oc-88">
         <name>.debug_line</name>
         <load_address>0xda9</load_address>
         <run_address>0xda9</run_address>
         <size>0xda</size>
         <input_file_ref idref="fl-6"/>
      </object_component>
      <object_component id="oc-124">
         <name>.debug_line</name>
         <load_address>0xe83</load_address>
         <run_address>0xe83</run_address>
         <size>0x41</size>
         <input_file_ref idref="fl-7"/>
      </object_component>
      <object_component id="oc-34">
         <name>.debug_line</name>
         <load_address>0xec4</load_address>
         <run_address>0xec4</run_address>
         <size>0x41</size>
         <input_file_ref idref="fl-7"/>
      </object_component>
      <object_component id="oc-28">
         <name>.debug_line</name>
         <load_address>0xf05</load_address>
         <run_address>0xf05</run_address>
         <size>0xa1</size>
         <input_file_ref idref="fl-7"/>
      </object_component>
      <object_component id="oc-237">
         <name>.debug_line</name>
         <load_address>0xfa6</load_address>
         <run_address>0xfa6</run_address>
         <size>0x31</size>
         <input_file_ref idref="fl-8"/>
      </object_component>
      <object_component id="oc-78">
         <name>.debug_line</name>
         <load_address>0xfd7</load_address>
         <run_address>0xfd7</run_address>
         <size>0xe5</size>
         <input_file_ref idref="fl-8"/>
      </object_component>
      <object_component id="oc-284">
         <name>.debug_line</name>
         <load_address>0x10bc</load_address>
         <run_address>0x10bc</run_address>
         <size>0x32</size>
         <input_file_ref idref="fl-c3"/>
      </object_component>
      <object_component id="oc-10c">
         <name>.debug_line</name>
         <load_address>0x10ee</load_address>
         <run_address>0x10ee</run_address>
         <size>0x215</size>
         <input_file_ref idref="fl-c3"/>
      </object_component>
      <object_component id="oc-281">
         <name>.debug_line</name>
         <load_address>0x1303</load_address>
         <run_address>0x1303</run_address>
         <size>0x9a</size>
         <input_file_ref idref="fl-c3"/>
      </object_component>
      <object_component id="oc-1d8">
         <name>.debug_line</name>
         <load_address>0x139d</load_address>
         <run_address>0x139d</run_address>
         <size>0x97</size>
         <input_file_ref idref="fl-c3"/>
      </object_component>
      <object_component id="oc-26a">
         <name>.debug_line</name>
         <load_address>0x1434</load_address>
         <run_address>0x1434</run_address>
         <size>0x2a</size>
         <input_file_ref idref="fl-c4"/>
      </object_component>
      <object_component id="oc-c7">
         <name>.debug_line</name>
         <load_address>0x145e</load_address>
         <run_address>0x145e</run_address>
         <size>0x7a</size>
         <input_file_ref idref="fl-c4"/>
      </object_component>
      <object_component id="oc-27d">
         <name>.debug_line</name>
         <load_address>0x14d8</load_address>
         <run_address>0x14d8</run_address>
         <size>0x32</size>
         <input_file_ref idref="fl-c5"/>
      </object_component>
      <object_component id="oc-107">
         <name>.debug_line</name>
         <load_address>0x150a</load_address>
         <run_address>0x150a</run_address>
         <size>0x218</size>
         <input_file_ref idref="fl-c5"/>
      </object_component>
      <object_component id="oc-da">
         <name>.debug_line</name>
         <load_address>0x1722</load_address>
         <run_address>0x1722</run_address>
         <size>0xd2</size>
         <input_file_ref idref="fl-c6"/>
      </object_component>
      <object_component id="oc-1a1">
         <name>.debug_line</name>
         <load_address>0x17f4</load_address>
         <run_address>0x17f4</run_address>
         <size>0x77</size>
         <input_file_ref idref="fl-c7"/>
      </object_component>
      <object_component id="oc-265">
         <name>.debug_line</name>
         <load_address>0x186b</load_address>
         <run_address>0x186b</run_address>
         <size>0x77</size>
         <input_file_ref idref="fl-c7"/>
      </object_component>
      <object_component id="oc-c3">
         <name>.debug_line</name>
         <load_address>0x18e2</load_address>
         <run_address>0x18e2</run_address>
         <size>0xa8</size>
         <input_file_ref idref="fl-c8"/>
      </object_component>
      <object_component id="oc-df">
         <name>.debug_line</name>
         <load_address>0x198a</load_address>
         <run_address>0x198a</run_address>
         <size>0x8e</size>
         <input_file_ref idref="fl-c9"/>
      </object_component>
      <object_component id="oc-e4">
         <name>.debug_line</name>
         <load_address>0x1a18</load_address>
         <run_address>0x1a18</run_address>
         <size>0x5a</size>
         <input_file_ref idref="fl-ca"/>
      </object_component>
      <object_component id="oc-ab">
         <name>.debug_line</name>
         <load_address>0x1a72</load_address>
         <run_address>0x1a72</run_address>
         <size>0x67</size>
         <input_file_ref idref="fl-cb"/>
      </object_component>
      <object_component id="oc-cd">
         <name>.debug_line</name>
         <load_address>0x1ad9</load_address>
         <run_address>0x1ad9</run_address>
         <size>0x59</size>
         <input_file_ref idref="fl-cc"/>
      </object_component>
      <object_component id="oc-be">
         <name>.debug_line</name>
         <load_address>0x1b32</load_address>
         <run_address>0x1b32</run_address>
         <size>0x57</size>
         <input_file_ref idref="fl-cd"/>
      </object_component>
      <object_component id="oc-100">
         <name>.debug_line</name>
         <load_address>0x1b89</load_address>
         <run_address>0x1b89</run_address>
         <size>0x50</size>
         <input_file_ref idref="fl-ce"/>
      </object_component>
      <object_component id="oc-d5">
         <name>.debug_line</name>
         <load_address>0x1bd9</load_address>
         <run_address>0x1bd9</run_address>
         <size>0x5b</size>
         <input_file_ref idref="fl-cf"/>
      </object_component>
      <object_component id="oc-fd">
         <name>.debug_line</name>
         <load_address>0x1c34</load_address>
         <run_address>0x1c34</run_address>
         <size>0x68</size>
         <input_file_ref idref="fl-d0"/>
      </object_component>
      <object_component id="oc-1bc">
         <name>.debug_line</name>
         <load_address>0x1c9c</load_address>
         <run_address>0x1c9c</run_address>
         <size>0x81</size>
         <input_file_ref idref="fl-d1"/>
      </object_component>
      <object_component id="oc-1f5">
         <name>.debug_line</name>
         <load_address>0x1d1d</load_address>
         <run_address>0x1d1d</run_address>
         <size>0x92</size>
         <input_file_ref idref="fl-d2"/>
      </object_component>
      <object_component id="oc-54">
         <name>.debug_line</name>
         <load_address>0x1daf</load_address>
         <run_address>0x1daf</run_address>
         <size>0x53</size>
         <input_file_ref idref="fl-d2"/>
      </object_component>
      <object_component id="oc-13c">
         <name>.debug_line</name>
         <load_address>0x1e02</load_address>
         <run_address>0x1e02</run_address>
         <size>0x34</size>
         <input_file_ref idref="fl-d2"/>
      </object_component>
      <object_component id="oc-1f2">
         <name>.debug_line</name>
         <load_address>0x1e36</load_address>
         <run_address>0x1e36</run_address>
         <size>0x92</size>
         <input_file_ref idref="fl-d2"/>
      </object_component>
      <object_component id="oc-137">
         <name>.debug_line</name>
         <load_address>0x1ec8</load_address>
         <run_address>0x1ec8</run_address>
         <size>0x20</size>
         <input_file_ref idref="fl-d3"/>
      </object_component>
      <object_component id="oc-1c">
         <name>.debug_line</name>
         <load_address>0x1ee8</load_address>
         <run_address>0x1ee8</run_address>
         <size>0x55</size>
         <input_file_ref idref="fl-d3"/>
      </object_component>
      <object_component id="oc-4a">
         <name>.debug_line</name>
         <load_address>0x1f3d</load_address>
         <run_address>0x1f3d</run_address>
         <size>0x3a</size>
         <input_file_ref idref="fl-d3"/>
      </object_component>
      <object_component id="oc-134">
         <name>.debug_line</name>
         <load_address>0x1f77</load_address>
         <run_address>0x1f77</run_address>
         <size>0x92</size>
         <input_file_ref idref="fl-d3"/>
      </object_component>
      <object_component id="oc-1ee">
         <name>.debug_line</name>
         <load_address>0x2009</load_address>
         <run_address>0x2009</run_address>
         <size>0x20</size>
         <input_file_ref idref="fl-d4"/>
      </object_component>
      <object_component id="oc-19">
         <name>.debug_line</name>
         <load_address>0x2029</load_address>
         <run_address>0x2029</run_address>
         <size>0xa9</size>
         <input_file_ref idref="fl-d4"/>
      </object_component>
      <object_component id="oc-3a">
         <name>.debug_line</name>
         <load_address>0x20d2</load_address>
         <run_address>0x20d2</run_address>
         <size>0x3a</size>
         <input_file_ref idref="fl-d4"/>
      </object_component>
      <object_component id="oc-1eb">
         <name>.debug_line</name>
         <load_address>0x210c</load_address>
         <run_address>0x210c</run_address>
         <size>0x9a</size>
         <input_file_ref idref="fl-d4"/>
      </object_component>
      <object_component id="oc-12d">
         <name>.debug_line</name>
         <load_address>0x21a6</load_address>
         <run_address>0x21a6</run_address>
         <size>0x96</size>
         <input_file_ref idref="fl-d4"/>
      </object_component>
      <object_component id="oc-25e">
         <name>.debug_line</name>
[...]
      </symbol>
      <symbol id="sm-1fe">
         <name>LUT_I</name>
         <value>0x20000000</value>
      </symbol>
      <symbol id="sm-1ff">
         <name>LUT_Q</name>
         <value>0x20002000</value>
      </symbol>
      <symbol id="sm-200">
         <name>mode</name>
         <value>0x20004054</value>
      </symbol>
      <symbol id="sm-201">
         <name>Inc_B_Q</name>
         <value>0x20005074</value>
         <object_component_ref idref="oc-af"/>
      </symbol>
      <symbol id="sm-202">
         <name>initSymbolTimer</name>
         <value>0x681</value>
         <object_component_ref idref="oc-2d"/>
      </symbol>
      <symbol id="sm-203">
         <name>setSymbolRate</name>
         <value>0x6cb</value>
         <object_component_ref idref="oc-2d"/>
      </symbol>
      <symbol id="sm-204">
         <name>initHw</name>
         <value>0x28b</value>
         <object_component_ref idref="oc-2d"/>
      </symbol>
      <symbol id="sm-205">
         <name>WRITE_I</name>
         <value>0x2000505c</value>
         <object_component_ref idref="oc-af"/>
      </symbol>
      <symbol id="sm-206">
         <name>WRITE_Q</name>
         <value>0x20005058</value>
         <object_component_ref idref="oc-af"/>
      </symbol>
      <symbol id="sm-207">
         <name>DCModulator</name>
         <value>0xb15</value>
         <object_component_ref idref="oc-2d"/>
      </symbol>
      <symbol id="sm-208">
         <name>IntCn_I</name>
         <value>0x20005060</value>
         <object_component_ref idref="oc-af"/>
      </symbol>
      <symbol id="sm-209">
         <name>QUAM16_Q</name>
         <value>0x20005100</value>
         <object_component_ref idref="oc-112"/>
      </symbol>
      <symbol id="sm-20a">
         <name>IntCn_Q</name>
         <value>0x20005070</value>
         <object_component_ref idref="oc-af"/>
      </symbol>
      <symbol id="sm-20b">
         <name>QUAM16_I</name>
         <value>0x200050f0</value>
         <object_component_ref idref="oc-10f"/>
      </symbol>
      <symbol id="sm-20c">
         <name>ToneMode</name>
         <value>0x20005090</value>
         <object_component_ref idref="oc-af"/>
      </symbol>
      <symbol id="sm-20d">
         <name>SineModulator</name>
         <value>0xb8d</value>
         <object_component_ref idref="oc-2d"/>
      </symbol>
      <symbol id="sm-20e">
         <name>Q_Bits</name>
         <value>0x2000508c</value>
         <object_component_ref idref="oc-af"/>
      </symbol>
      <symbol id="sm-20f">
         <name>processShell</name>
         <value>0x33d</value>
         <object_component_ref idref="oc-2d"/>
      </symbol>
      <symbol id="sm-210">
         <name>ToneModulator</name>
         <value>0xd2d</value>
         <object_component_ref idref="oc-2d"/>
      </symbol>
      <symbol id="sm-211">
         <name>I_Bits</name>
         <value>0x20005088</value>
         <object_component_ref idref="oc-af"/>
      </symbol>
      <symbol id="sm-212">
         <name>RAWModulator</name>
         <value>0xae5</value>
         <object_component_ref idref="oc-2d"/>
      </symbol>
      <symbol id="sm-213">
         <name>RRCFilter</name>
         <value>0x20005091</value>
         <object_component_ref idref="oc-af"/>
      </symbol>
      <symbol id="sm-214">
         <name>phi_Q</name>
         <value>0x20005078</value>
         <object_component_ref idref="oc-af"/>
      </symbol>
      <symbol id="sm-215">
         <name>phi_I</name>
         <value>0x20005068</value>
         <object_component_ref idref="oc-af"/>
      </symbol>
      <symbol id="sm-216">
         <name>main</name>
         <value>0x26d</value>
         <object_component_ref idref="oc-2d"/>
      </symbol>
      <symbol id="sm-217">
         <name>PSK8_Q</name>
         <value>0x200050b4</value>
         <object_component_ref idref="oc-f6"/>
      </symbol>
      <symbol id="sm-218">
         <name>PSK8_I</name>
         <value>0x20005094</value>
         <object_component_ref idref="oc-f3"/>
      </symbol>
      <symbol id="sm-219">
         <name>BPSK_I</name>
         <value>0x20005110</value>
         <object_component_ref idref="oc-e7"/>
      </symbol>
      <symbol id="sm-21a">
         <name>BPSK_Q</name>
         <value>0x20005118</value>
         <object_component_ref idref="oc-ea"/>
      </symbol>
      <symbol id="sm-21b">
         <name>QPSK_Q</name>
         <value>0x20005128</value>
         <object_component_ref idref="oc-f0"/>
      </symbol>
      <symbol id="sm-21c">
         <name>QPSK_I</name>
         <value>0x20005120</value>
         <object_component_ref idref="oc-ed"/>
      </symbol>
      <symbol id="sm-21d">
         <name>Filtermode</name>
         <value>0xe11</value>
         <object_component_ref idref="oc-2d"/>
      </symbol>
      <symbol id="sm-21e">
         <name>symbolTimerIsr</name>
         <value>0x92d</value>
         <object_component_ref idref="oc-2d"/>
      </symbol>
      <symbol id="sm-21f">
         <name>loopVal</name>
         <value>0x20005080</value>
         <object_component_ref idref="oc-af"/>
      </symbol>
      <symbol id="sm-220">
         <name>Modulator</name>
         <value>0xd79</value>
         <object_component_ref idref="oc-2d"/>
      </symbol>
      <symbol id="sm-221">
         <name>loopValPerMod</name>
         <value>0x200050d4</value>
         <object_component_ref idref="oc-115"/>
      </symbol>
      <symbol id="sm-222">
         <name>loopval</name>
         <value>0x20005084</value>
         <object_component_ref idref="oc-af"/>
      </symbol>
      <symbol id="sm-223">
         <name>fO_Q</name>
         <value>0x2000507c</value>
         <object_component_ref idref="oc-af"/>
      </symbol>
      <symbol id="sm-224">
         <name>fO_I</name>
         <value>0x2000506c</value>
         <object_component_ref idref="oc-af"/>
      </symbol>
      <symbol id="sm-225">
         <name>Inc_B_I</name>
         <value>0x20005064</value>
         <object_component_ref idref="oc-af"/>
      </symbol>
      <symbol id="sm-238">
         <name>disableNvicInterrupt</name>
         <value>0x399d</value>
         <object_component_ref idref="oc-b6"/>
      </symbol>
      <symbol id="sm-239">
         <name>enableNvicInterrupt</name>
         <value>0x3965</value>
         <object_component_ref idref="oc-b6"/>
      </symbol>
      <symbol id="sm-23a">
         <name>setNvicInterruptPriority</name>
         <value>0x39d5</value>
         <object_component_ref idref="oc-b6"/>
      </symbol>
      <symbol id="sm-256">
         <name>setSpi0Mode</name>
         <value>0x3373</value>
         <object_component_ref idref="oc-86"/>
      </symbol>
      <symbol id="sm-257">
         <name>readSpi0Data</name>
         <value>0x33d9</value>
         <object_component_ref idref="oc-86"/>
      </symbol>
      <symbol id="sm-258">
         <name>writeSpi0Data</name>
         <value>0x33c1</value>
         <object_component_ref idref="oc-86"/>
      </symbol>
      <symbol id="sm-259">
         <name>initSpi0</name>
         <value>0x32a1</value>
         <object_component_ref idref="oc-86"/>
      </symbol>
      <symbol id="sm-25a">
         <name>setSpi0BaudRate</name>
         <value>0x333d</value>
         <object_component_ref idref="oc-86"/>
      </symbol>
      <symbol id="sm-276">
         <name>ResetISR</name>
         <value>0x420f</value>
         <object_component_ref idref="oc-27"/>
      </symbol>
      <symbol id="sm-277">
         <name>g_pfnVectors</name>
         <value>0x0</value>
         <object_component_ref idref="oc-12"/>
      </symbol>
      <symbol id="sm-29a">
         <name>getcUart0</name>
         <value>0x360f</value>
         <object_component_ref idref="oc-74"/>
      </symbol>
      <symbol id="sm-29b">
         <name>kbhitUart0</name>
         <value>0x3623</value>
         <object_component_ref idref="oc-74"/>
      </symbol>
      <symbol id="sm-29c">
         <name>setUart0BaudRate</name>
         <value>0x3583</value>
         <object_component_ref idref="oc-74"/>
      </symbol>
      <symbol id="sm-29d">
         <name>putsUart0</name>
         <value>0x35e3</value>
         <object_component_ref idref="oc-74"/>
      </symbol>
      <symbol id="sm-29e">
         <name>initUart0</name>
         <value>0x3539</value>
         <object_component_ref idref="oc-74"/>
      </symbol>
      <symbol id="sm-29f">
         <name>putcUart0</name>
         <value>0x35c7</value>
         <object_component_ref idref="oc-74"/>
      </symbol>
      <symbol id="sm-2fb">
         <name>cosl</name>
         <value>0x23c9</value>
         <object_component_ref idref="oc-109"/>
      </symbol>
      <symbol id="sm-2fc">
         <name>cos</name>
         <value>0x23c9</value>
         <object_component_ref idref="oc-109"/>
      </symbol>
      <symbol id="sm-314">
         <name>roundl</name>
         <value>0x3a39</value>
         <object_component_ref idref="oc-c6"/>
      </symbol>
      <symbol id="sm-315">
         <name>round</name>
         <value>0x3a39</value>
         <object_component_ref idref="oc-c6"/>
      </symbol>
      <symbol id="sm-365">
         <name>sin</name>
         <value>0x1de9</value>
         <object_component_ref idref="oc-103"/>
      </symbol>
      <symbol id="sm-366">
         <name>sinl</name>
         <value>0x1de9</value>
         <object_component_ref idref="oc-103"/>
      </symbol>
      <symbol id="sm-37d">
         <name>__aeabi_dsub</name>
         <value>0x2e05</value>
         <object_component_ref idref="oc-d6"/>
      </symbol>
      <symbol id="sm-37e">
         <name>__aeabi_dadd</name>
         <value>0x2e0f</value>
         <object_component_ref idref="oc-d6"/>
      </symbol>
      <symbol id="sm-3a0">
         <name>__aeabi_cdcmpeq</name>
         <value>0x3c2f</value>
         <object_component_ref idref="oc-19d"/>
      </symbol>
      <symbol id="sm-3a1">
         <name>__aeabi_cdcmple</name>
         <value>0x3c2f</value>
         <object_component_ref idref="oc-19d"/>
      </symbol>
      <symbol id="sm-3a2">
         <name>__aeabi_cdrcmple</name>
         <value>0x3cb5</value>
         <object_component_ref idref="oc-261"/>
      </symbol>
      <symbol id="sm-3b6">
         <name>__aeabi_ddiv</name>
         <value>0x3401</value>
         <object_component_ref idref="oc-c1"/>
      </symbol>
      <symbol id="sm-3c1">
         <name>__aeabi_dmul</name>
         <value>0x3771</value>
         <object_component_ref idref="oc-db"/>
      </symbol>
      <symbol id="sm-3cb">
         <name>__aeabi_d2iz</name>
         <value>0x3f45</value>
         <object_component_ref idref="oc-e0"/>
      </symbol>
      <symbol id="sm-3d7">
         <name>__aeabi_d2f</name>
         <value>0x3db5</value>
         <object_component_ref idref="oc-aa"/>
      </symbol>
      <symbol id="sm-3e1">
         <name>__aeabi_d2uiz</name>
         <value>0x3fd1</value>
         <object_component_ref idref="oc-cc"/>
      </symbol>
      <symbol id="sm-3ec">
         <name>__aeabi_f2d</name>
         <value>0x4095</value>
         <object_component_ref idref="oc-bc"/>
      </symbol>
      <symbol id="sm-3f6">
         <name>__aeabi_i2d</name>
         <value>0x4101</value>
         <object_component_ref idref="oc-fe"/>
      </symbol>
      <symbol id="sm-405">
         <name>__aeabi_uidivmod</name>
         <value>0x4015</value>
         <object_component_ref idref="oc-d1"/>
      </symbol>
      <symbol id="sm-406">
         <name>__aeabi_uidiv</name>
         <value>0x4015</value>
         <object_component_ref idref="oc-d1"/>
      </symbol>
      <symbol id="sm-414">
         <name>__aeabi_ldivmod</name>
         <value>0x3e23</value>
         <object_component_ref idref="oc-f9"/>
      </symbol>
      <symbol id="sm-421">
         <name>__aeabi_uldivmod</name>
         <value>0x3b99</value>
         <object_component_ref idref="oc-1ba"/>
      </symbol>
      <symbol id="sm-438">
         <name>__TI_zero_init</name>
         <value>0x4203</value>
         <object_component_ref idref="oc-53"/>
      </symbol>
      <symbol id="sm-44f">
         <name>__TI_decompress_none</name>
         <value>0x41f5</value>
         <object_component_ref idref="oc-1b"/>
      </symbol>
      <symbol id="sm-472">
         <name>__TI_decompress_lzss</name>
         <value>0x3e91</value>
         <object_component_ref idref="oc-15"/>
      </symbol>
      <symbol id="sm-47f">
         <name>atof</name>
         <value>0x41d3</value>
         <object_component_ref idref="oc-a4"/>
      </symbol>
      <symbol id="sm-495">
         <name>atoi</name>
         <value>0x3ef9</value>
         <object_component_ref idref="oc-9e"/>
      </symbol>
      <symbol id="sm-4a0">
         <name>_ctypes_</name>
         <value>0x4388</value>
         <object_component_ref idref="oc-162"/>
      </symbol>
      <symbol id="sm-4af">
         <name>strcmp</name>
         <value>0x41bb</value>
         <object_component_ref idref="oc-98"/>
      </symbol>
      <symbol id="sm-50f">
         <name>strtold</name>
         <value>0x29a5</value>
         <object_component_ref idref="oc-17c"/>
      </symbol>
      <symbol id="sm-510">
         <name>strtod</name>
         <value>0x29a5</value>
         <object_component_ref idref="oc-17c"/>
      </symbol>
      <symbol id="sm-528">
         <name>strtok</name>
         <value>0x4055</value>
         <object_component_ref idref="oc-92"/>
      </symbol>
      <symbol id="sm-537">
         <name>tolower</name>
         <value>0x41e5</value>
         <object_component_ref idref="oc-8c"/>
      </symbol>
      <symbol id="sm-5a7">
         <name>__kernel_rem_pio2</name>
         <value>0x16b1</value>
         <object_component_ref idref="oc-1c7"/>
      </symbol>
      <symbol id="sm-5ba">
         <name>__stack</name>
         <value>0x20004058</value>
         <object_component_ref idref="oc-24"/>
      </symbol>
      <symbol id="sm-5bb">
         <name>_c_int00_noargs</name>
         <value>0x40cd</value>
         <object_component_ref idref="oc-5f"/>
      </symbol>
      <symbol id="sm-5d1">
         <name>__aeabi_errno_addr</name>
         <value>0x421d</value>
         <object_component_ref idref="oc-24b"/>
      </symbol>
      <symbol id="sm-5d2">
         <name>errno</name>
         <value>0x20005130</value>
         <object_component_ref idref="oc-2ad"/>
      </symbol>
      <symbol id="sm-5e8">
         <name>__kernel_cos</name>
         <value>0x3131</value>
         <object_component_ref idref="oc-1cd"/>
      </symbol>
      <symbol id="sm-5ff">
         <name>__kernel_sin</name>
         <value>0x2fbd</value>
         <object_component_ref idref="oc-1c1"/>
      </symbol>
      <symbol id="sm-61c">
         <name>floorl</name>
         <value>0x386d</value>
         <object_component_ref idref="oc-197"/>
      </symbol>
      <symbol id="sm-61d">
         <name>floor</name>
         <value>0x386d</value>
         <object_component_ref idref="oc-197"/>
      </symbol>
      <symbol id="sm-63a">
         <name>scalbn</name>
         <value>0x3661</value>
         <object_component_ref idref="oc-251"/>
      </symbol>
      <symbol id="sm-63b">
         <name>scalbnl</name>
         <value>0x3661</value>
         <object_component_ref idref="oc-251"/>
      </symbol>
      <symbol id="sm-63c">
         <name>ldexpl</name>
         <value>0x3661</value>
         <object_component_ref idref="oc-251"/>
      </symbol>
      <symbol id="sm-63d">
         <name>ldexp</name>
         <value>0x3661</value>
         <object_component_ref idref="oc-251"/>
      </symbol>
      <symbol id="sm-647">
         <name>__aeabi_idiv0</name>
         <value>0x2fbb</value>
         <object_component_ref idref="oc-1a5"/>
      </symbol>
      <symbol id="sm-648">
         <name>__aeabi_ldiv0</name>
         <value>0x2fbb</value>
         <object_component_ref idref="oc-1a5"/>
      </symbol>
      <symbol id="sm-663">
         <name>memcpy</name>
         <value>0x3afd</value>
         <object_component_ref idref="oc-41"/>
      </symbol>
      <symbol id="sm-664">
         <name>__aeabi_memcpy</name>
         <value>0x3afd</value>
         <object_component_ref idref="oc-41"/>
      </symbol>
      <symbol id="sm-665">
         <name>__aeabi_memcpy8</name>
         <value>0x3afd</value>
         <object_component_ref idref="oc-41"/>
      </symbol>
      <symbol id="sm-666">
         <name>__aeabi_memcpy4</name>
         <value>0x3afd</value>
         <object_component_ref idref="oc-41"/>
      </symbol>
      <symbol id="sm-675">
         <name>__aeabi_memset</name>
         <value>0x3d3d</value>
         <object_component_ref idref="oc-13f"/>
      </symbol>
      <symbol id="sm-676">
         <name>memset</name>
         <value>0x3d43</value>
         <object_component_ref idref="oc-13f"/>
      </symbol>
      <symbol id="sm-677">
         <name>__aeabi_memset8</name>
         <value>0x3d3d</value>
         <object_component_ref idref="oc-13f"/>
      </symbol>
      <symbol id="sm-678">
         <name>__aeabi_memset4</name>
         <value>0x3d3d</value>
         <object_component_ref idref="oc-13f"/>
      </symbol>
      <symbol id="sm-679">
         <name>__aeabi_memclr8</name>
         <value>0x3d3b</value>
         <object_component_ref idref="oc-13f"/>
      </symbol>
      <symbol id="sm-67a">
         <name>__aeabi_memclr4</name>
         <value>0x3d3b</value>
         <object_component_ref idref="oc-13f"/>
      </symbol>
      <symbol id="sm-67b">
         <name>__aeabi_memclr</name>
         <value>0x3d3b</value>
         <object_component_ref idref="oc-13f"/>
      </symbol>
      <symbol id="sm-6a3">
         <name>__TI_auto_init_nobinit_nopinit</name>
         <value>0x3f8d</value>
         <object_component_ref idref="oc-204"/>
      </symbol>
      <symbol id="sm-6ad">
         <name>_system_pre_init</name>
         <value>0x4225</value>
         <object_component_ref idref="oc-145"/>
      </symbol>
      <symbol id="sm-6b9">
         <name>C$$EXIT</name>
         <value>0x4229</value>
         <object_component_ref idref="oc-1f8"/>
      </symbol>
      <symbol id="sm-6ba">
         <name>abort</name>
         <value>0x4229</value>
         <object_component_ref idref="oc-1f8"/>
      </symbol>
      <symbol id="sm-6cd">
         <name>strcspn</name>
         <value>0x417d</value>
         <object_component_ref idref="oc-16d"/>
      </symbol>
      <symbol id="sm-6df">
         <name>strspn</name>
         <value>0x412f</value>
         <object_component_ref idref="oc-167"/>
      </symbol>
      <symbol id="sm-6e9">
         <name>copysign</name>
         <value>0x41a1</value>
         <object_component_ref idref="oc-2b2"/>
      </symbol>
      <symbol id="sm-6ea">
         <name>copysignl</name>
         <value>0x41a1</value>
         <object_component_ref idref="oc-2b2"/>
      </symbol>
      <symbol id="sm-6eb">
         <name>__TI_static_base__</name>
         <value>0x0</value>
      </symbol>
      <symbol id="sm-6ee">
         <name>__mpu_init</name>
         <value>0x0</value>
      </symbol>
      <symbol id="sm-6ef">
         <name>_system_post_cinit</name>
         <value>0x0</value>
      </symbol>
   </symbol_table>
   <title>Link successful</title>
</link_info>
