<?xml version="1.0" encoding="ISO-8859-1" ?>
<link_info>
   <banner>TI ARM Linker PC v20.2.7.LTS</banner>
   <copyright>Copyright (c) 1996-2018 Texas Instruments Incorporated</copyright>
   <link_time>0x63ffd719</link_time>
   <link_errors>0x0</link_errors>
   <output_file>Lab 1.out</output_file>
   <entry_point>
      <name>_c_int00_noargs</name>
      <address>0x3e61</address>
   </entry_point>
   <input_file_list>
      <input_file id="fl-2">
         <path>.\</path>
         <kind>object</kind>
         <file>clock.obj</file>
         <name>clock.obj</name>
      </input_file>
      <input_file id="fl-3">
         <path>.\</path>
         <kind>object</kind>
         <file>gpio.obj</file>
         <name>gpio.obj</name>
      </input_file>
      <input_file id="fl-4">
         <path>.\</path>
         <kind>object</kind>
         <file>main.obj</file>
         <name>main.obj</name>
      </input_file>
      <input_file id="fl-5">
         <path>.\</path>
         <kind>object</kind>
         <file>nvic.obj</file>
         <name>nvic.obj</name>
      </input_file>
      <input_file id="fl-6">
         <path>.\</path>
         <kind>object</kind>
         <file>spi0.obj</file>
         <name>spi0.obj</name>
      </input_file>
      <input_file id="fl-7">
         <path>.\</path>
         <kind>object</kind>
         <file>tm4c123gh6pm_startup_ccs.obj</file>
         <name>tm4c123gh6pm_startup_ccs.obj</name>
      </input_file>
      <input_file id="fl-8">
         <path>.\</path>
         <kind>object</kind>
         <file>uart0.obj</file>
         <name>uart0.obj</name>
      </input_file>
      <input_file id="fl-9">
         <path>.\</path>
         <kind>object</kind>
         <file>wait.obj</file>
         <name>wait.obj</name>
      </input_file>
      <input_file id="fl-d">
         <kind>object</kind>
         <file>&lt;internal&gt;</file>
         <name>&lt;internal&gt;</name>
      </input_file>
      <input_file id="fl-c3">
         <path>D:\ti\ccs1220\ccs\tools\compiler\ti-cgt-arm_20.2.7.LTS\lib\</path>
         <kind>archive</kind>
         <file>rtsv7M4_T_le_v4SPD16_eabi.lib</file>
         <name>s_cos.c.obj</name>
      </input_file>
      <input_file id="fl-c4">
         <path>D:\ti\ccs1220\ccs\tools\compiler\ti-cgt-arm_20.2.7.LTS\lib\</path>
         <kind>archive</kind>
         <file>rtsv7M4_T_le_v4SPD16_eabi.lib</file>
         <name>s_round.c.obj</name>
      </input_file>
      <input_file id="fl-c5">
         <path>D:\ti\ccs1220\ccs\tools\compiler\ti-cgt-arm_20.2.7.LTS\lib\</path>
         <kind>archive</kind>
         <file>rtsv7M4_T_le_v4SPD16_eabi.lib</file>
         <name>s_sin.c.obj</name>
      </input_file>
      <input_file id="fl-c6">
         <path>D:\ti\ccs1220\ccs\tools\compiler\ti-cgt-arm_20.2.7.LTS\lib\</path>
         <kind>archive</kind>
         <file>rtsv7M4_T_le_v4SPD16_eabi.lib</file>
         <name>fd_add_t2.asm.obj</name>
      </input_file>
      <input_file id="fl-c7">
         <path>D:\ti\ccs1220\ccs\tools\compiler\ti-cgt-arm_20.2.7.LTS\lib\</path>
         <kind>archive</kind>
         <file>rtsv7M4_T_le_v4SPD16_eabi.lib</file>
         <name>fd_cmp_t2.asm.obj</name>
      </input_file>
      <input_file id="fl-c8">
         <path>D:\ti\ccs1220\ccs\tools\compiler\ti-cgt-arm_20.2.7.LTS\lib\</path>
         <kind>archive</kind>
         <file>rtsv7M4_T_le_v4SPD16_eabi.lib</file>
         <name>fd_div_t2.asm.obj</name>
      </input_file>
      <input_file id="fl-c9">
         <path>D:\ti\ccs1220\ccs\tools\compiler\ti-cgt-arm_20.2.7.LTS\lib\</path>
         <kind>archive</kind>
         <file>rtsv7M4_T_le_v4SPD16_eabi.lib</file>
         <name>fd_mul_t2.asm.obj</name>
      </input_file>
      <input_file id="fl-ca">
         <path>D:\ti\ccs1220\ccs\tools\compiler\ti-cgt-arm_20.2.7.LTS\lib\</path>
         <kind>archive</kind>
         <file>rtsv7M4_T_le_v4SPD16_eabi.lib</file>
         <name>fd_toi_t2.asm.obj</name>
      </input_file>
      <input_file id="fl-cb">
         <path>D:\ti\ccs1220\ccs\tools\compiler\ti-cgt-arm_20.2.7.LTS\lib\</path>
         <kind>archive</kind>
         <file>rtsv7M4_T_le_v4SPD16_eabi.lib</file>
         <name>fd_tos_t2.asm.obj</name>
      </input_file>
      <input_file id="fl-cc">
         <path>D:\ti\ccs1220\ccs\tools\compiler\ti-cgt-arm_20.2.7.LTS\lib\</path>
         <kind>archive</kind>
         <file>rtsv7M4_T_le_v4SPD16_eabi.lib</file>
         <name>fd_tou_t2.asm.obj</name>
      </input_file>
      <input_file id="fl-cd">
         <path>D:\ti\ccs1220\ccs\tools\compiler\ti-cgt-arm_20.2.7.LTS\lib\</path>
         <kind>archive</kind>
         <file>rtsv7M4_T_le_v4SPD16_eabi.lib</file>
         <name>fs_tod_t2.asm.obj</name>
      </input_file>
      <input_file id="fl-ce">
         <path>D:\ti\ccs1220\ccs\tools\compiler\ti-cgt-arm_20.2.7.LTS\lib\</path>
         <kind>archive</kind>
         <file>rtsv7M4_T_le_v4SPD16_eabi.lib</file>
         <name>i_tofd_t2.asm.obj</name>
      </input_file>
      <input_file id="fl-cf">
         <path>D:\ti\ccs1220\ccs\tools\compiler\ti-cgt-arm_20.2.7.LTS\lib\</path>
         <kind>archive</kind>
         <file>rtsv7M4_T_le_v4SPD16_eabi.lib</file>
         <name>ll_div_t2.asm.obj</name>
      </input_file>
      <input_file id="fl-d0">
         <path>D:\ti\ccs1220\ccs\tools\compiler\ti-cgt-arm_20.2.7.LTS\lib\</path>
         <kind>archive</kind>
         <file>rtsv7M4_T_le_v4SPD16_eabi.lib</file>
         <name>ull_div_t2.asm.obj</name>
      </input_file>
      <input_file id="fl-d1">
         <path>D:\ti\ccs1220\ccs\tools\compiler\ti-cgt-arm_20.2.7.LTS\lib\</path>
         <kind>archive</kind>
         <file>rtsv7M4_T_le_v4SPD16_eabi.lib</file>
         <name>copy_zero_init.c.obj</name>
      </input_file>
      <input_file id="fl-d2">
         <path>D:\ti\ccs1220\ccs\tools\compiler\ti-cgt-arm_20.2.7.LTS\lib\</path>
         <kind>archive</kind>
         <file>rtsv7M4_T_le_v4SPD16_eabi.lib</file>
         <name>copy_decompress_none.c.obj</name>
      </input_file>
      <input_file id="fl-d3">
         <path>D:\ti\ccs1220\ccs\tools\compiler\ti-cgt-arm_20.2.7.LTS\lib\</path>
         <kind>archive</kind>
         <file>rtsv7M4_T_le_v4SPD16_eabi.lib</file>
         <name>copy_decompress_lzss.c.obj</name>
      </input_file>
      <input_file id="fl-d4">
         <path>D:\ti\ccs1220\ccs\tools\compiler\ti-cgt-arm_20.2.7.LTS\lib\</path>
         <kind>archive</kind>
         <file>rtsv7M4_T_le_v4SPD16_eabi.lib</file>
         <name>atof.c.obj</name>
      </input_file>
      <input_file id="fl-d5">
         <path>D:\ti\ccs1220\ccs\tools\compiler\ti-cgt-arm_20.2.7.LTS\lib\</path>
         <kind>archive</kind>
         <file>rtsv7M4_T_le_v4SPD16_eabi.lib</file>
         <name>atoi.c.obj</name>
      </input_file>
      <input_file id="fl-d6">
         <path>D:\ti\ccs1220\ccs\tools\compiler\ti-cgt-arm_20.2.7.LTS\lib\</path>
         <kind>archive</kind>
         <file>rtsv7M4_T_le_v4SPD16_eabi.lib</file>
         <name>ctype.c.obj</name>
      </input_file>
      <input_file id="fl-d7">
         <path>D:\ti\ccs1220\ccs\tools\compiler\ti-cgt-arm_20.2.7.LTS\lib\</path>
         <kind>archive</kind>
         <file>rtsv7M4_T_le_v4SPD16_eabi.lib</file>
         <name>strcmp.c.obj</name>
      </input_file>
      <input_file id="fl-d8">
         <path>D:\ti\ccs1220\ccs\tools\compiler\ti-cgt-arm_20.2.7.LTS\lib\</path>
         <kind>archive</kind>
         <file>rtsv7M4_T_le_v4SPD16_eabi.lib</file>
         <name>strtod.c.obj</name>
      </input_file>
      <input_file id="fl-d9">
         <path>D:\ti\ccs1220\ccs\tools\compiler\ti-cgt-arm_20.2.7.LTS\lib\</path>
         <kind>archive</kind>
         <file>rtsv7M4_T_le_v4SPD16_eabi.lib</file>
         <name>strtok.c.obj</name>
      </input_file>
      <input_file id="fl-da">
         <path>D:\ti\ccs1220\ccs\tools\compiler\ti-cgt-arm_20.2.7.LTS\lib\</path>
         <kind>archive</kind>
         <file>rtsv7M4_T_le_v4SPD16_eabi.lib</file>
         <name>tolower.c.obj</name>
      </input_file>
      <input_file id="fl-db">
         <path>D:\ti\ccs1220\ccs\tools\compiler\ti-cgt-arm_20.2.7.LTS\lib\</path>
         <kind>archive</kind>
         <file>rtsv7M4_T_le_v4SPD16_eabi.lib</file>
         <name>k_rem_pio2.c.obj</name>
      </input_file>
      <input_file id="fl-dc">
         <path>D:\ti\ccs1220\ccs\tools\compiler\ti-cgt-arm_20.2.7.LTS\lib\</path>
         <kind>archive</kind>
         <file>rtsv7M4_T_le_v4SPD16_eabi.lib</file>
         <name>boot_cortex_m.c.obj</name>
      </input_file>
      <input_file id="fl-dd">
         <path>D:\ti\ccs1220\ccs\tools\compiler\ti-cgt-arm_20.2.7.LTS\lib\</path>
         <kind>archive</kind>
         <file>rtsv7M4_T_le_v4SPD16_eabi.lib</file>
         <name>errno.c.obj</name>
      </input_file>
      <input_file id="fl-de">
         <path>D:\ti\ccs1220\ccs\tools\compiler\ti-cgt-arm_20.2.7.LTS\lib\</path>
         <kind>archive</kind>
         <file>rtsv7M4_T_le_v4SPD16_eabi.lib</file>
         <name>k_cos.c.obj</name>
      </input_file>
      <input_file id="fl-df">
         <path>D:\ti\ccs1220\ccs\tools\compiler\ti-cgt-arm_20.2.7.LTS\lib\</path>
         <kind>archive</kind>
         <file>rtsv7M4_T_le_v4SPD16_eabi.lib</file>
         <name>k_sin.c.obj</name>
      </input_file>
      <input_file id="fl-e0">
         <path>D:\ti\ccs1220\ccs\tools\compiler\ti-cgt-arm_20.2.7.LTS\lib\</path>
         <kind>archive</kind>
         <file>rtsv7M4_T_le_v4SPD16_eabi.lib</file>
         <name>s_floor.c.obj</name>
      </input_file>
      <input_file id="fl-e1">
         <path>D:\ti\ccs1220\ccs\tools\compiler\ti-cgt-arm_20.2.7.LTS\lib\</path>
         <kind>archive</kind>
         <file>rtsv7M4_T_le_v4SPD16_eabi.lib</file>
         <name>s_scalbn.c.obj</name>
      </input_file>
      <input_file id="fl-e2">
         <path>D:\ti\ccs1220\ccs\tools\compiler\ti-cgt-arm_20.2.7.LTS\lib\</path>
         <kind>archive</kind>
         <file>rtsv7M4_T_le_v4SPD16_eabi.lib</file>
         <name>div0.asm.obj</name>
      </input_file>
      <input_file id="fl-e3">
         <path>D:\ti\ccs1220\ccs\tools\compiler\ti-cgt-arm_20.2.7.LTS\lib\</path>
         <kind>archive</kind>
         <file>rtsv7M4_T_le_v4SPD16_eabi.lib</file>
         <name>memcpy_t2.asm.obj</name>
      </input_file>
      <input_file id="fl-e4">
         <path>D:\ti\ccs1220\ccs\tools\compiler\ti-cgt-arm_20.2.7.LTS\lib\</path>
         <kind>archive</kind>
         <file>rtsv7M4_T_le_v4SPD16_eabi.lib</file>
         <name>memset_t2.asm.obj</name>
      </input_file>
      <input_file id="fl-e5">
         <path>D:\ti\ccs1220\ccs\tools\compiler\ti-cgt-arm_20.2.7.LTS\lib\</path>
         <kind>archive</kind>
         <file>rtsv7M4_T_le_v4SPD16_eabi.lib</file>
         <name>autoinit.c.obj</name>
      </input_file>
      <input_file id="fl-e6">
         <path>D:\ti\ccs1220\ccs\tools\compiler\ti-cgt-arm_20.2.7.LTS\lib\</path>
         <kind>archive</kind>
         <file>rtsv7M4_T_le_v4SPD16_eabi.lib</file>
         <name>pre_init.c.obj</name>
      </input_file>
      <input_file id="fl-e7">
         <path>D:\ti\ccs1220\ccs\tools\compiler\ti-cgt-arm_20.2.7.LTS\lib\</path>
         <kind>archive</kind>
         <file>rtsv7M4_T_le_v4SPD16_eabi.lib</file>
         <name>cpy_tbl.c.obj</name>
      </input_file>
      <input_file id="fl-e8">
         <path>D:\ti\ccs1220\ccs\tools\compiler\ti-cgt-arm_20.2.7.LTS\lib\</path>
         <kind>archive</kind>
         <file>rtsv7M4_T_le_v4SPD16_eabi.lib</file>
         <name>exit.c.obj</name>
      </input_file>
      <input_file id="fl-e9">
         <path>D:\ti\ccs1220\ccs\tools\compiler\ti-cgt-arm_20.2.7.LTS\lib\</path>
         <kind>archive</kind>
         <file>rtsv7M4_T_le_v4SPD16_eabi.lib</file>
         <name>_lock.c.obj</name>
      </input_file>
      <input_file id="fl-ea">
         <path>D:\ti\ccs1220\ccs\tools\compiler\ti-cgt-arm_20.2.7.LTS\lib\</path>
         <kind>archive</kind>
         <file>rtsv7M4_T_le_v4SPD16_eabi.lib</file>
         <name>args_main.c.obj</name>
      </input_file>
      <input_file id="fl-eb">
         <path>D:\ti\ccs1220\ccs\tools\compiler\ti-cgt-arm_20.2.7.LTS\lib\</path>
         <kind>archive</kind>
         <file>rtsv7M4_T_le_v4SPD16_eabi.lib</file>
         <name>strcspn.c.obj</name>
      </input_file>
      <input_file id="fl-ec">
         <path>D:\ti\ccs1220\ccs\tools\compiler\ti-cgt-arm_20.2.7.LTS\lib\</path>
         <kind>archive</kind>
         <file>rtsv7M4_T_le_v4SPD16_eabi.lib</file>
         <name>strspn.c.obj</name>
      </input_file>
      <input_file id="fl-ed">
         <path>D:\ti\ccs1220\ccs\tools\compiler\ti-cgt-arm_20.2.7.LTS\lib\</path>
         <kind>archive</kind>
         <file>rtsv7M4_T_le_v4SPD16_eabi.lib</file>
         <name>s_copysign.c.obj</name>
      </input_file>
   </input_file_list>
   <object_component_list>
      <object_component id="oc-12">
         <name>.intvecs</name>
         <load_address>0x0</load_address>
         <run_address>0x0</run_address>
         <size>0x26c</size>
         <input_file_ref idref="fl-7"/>
      </object_component>
      <object_component id="oc-2d">
         <name>.text</name>
         <load_address>0x26c</load_address>
         <run_address>0x26c</run_address>
         <size>0xa10</size>
         <input_file_ref idref="fl-4"/>
      </object_component>
      <object_component id="oc-80">
         <name>.text</name>
         <load_address>0xc7c</load_address>
         <run_address>0xc7c</run_address>
         <size>0x808</size>
         <input_file_ref idref="fl-3"/>
      </object_component>
      <object_component id="oc-19e">
         <name>.text:__kernel_rem_pio2</name>
         <load_address>0x1484</load_address>
         <run_address>0x1484</run_address>
         <size>0x738</size>
         <input_file_ref idref="fl-db"/>
      </object_component>
      <object_component id="oc-f1">
         <name>.text:sin</name>
         <load_address>0x1bbc</load_address>
         <run_address>0x1bbc</run_address>
         <size>0x5e0</size>
         <input_file_ref idref="fl-c5"/>
      </object_component>
      <object_component id="oc-f7">
         <name>.text:cos</name>
         <load_address>0x219c</load_address>
         <run_address>0x219c</run_address>
         <size>0x5dc</size>
         <input_file_ref idref="fl-c3"/>
      </object_component>
      <object_component id="oc-161">
         <name>.text:strtod</name>
         <load_address>0x2778</load_address>
         <run_address>0x2778</run_address>
         <size>0x460</size>
         <input_file_ref idref="fl-d8"/>
      </object_component>
      <object_component id="oc-ce">
         <name>.text</name>
         <load_address>0x2bd8</load_address>
         <run_address>0x2bd8</run_address>
         <size>0x1b6</size>
         <input_file_ref idref="fl-c6"/>
      </object_component>
      <object_component id="oc-18c">
         <name>.text</name>
         <load_address>0x2d8e</load_address>
         <run_address>0x2d8e</run_address>
         <size>0x2</size>
         <input_file_ref idref="fl-e2"/>
      </object_component>
      <object_component id="oc-198">
         <name>.text:__kernel_sin</name>
         <load_address>0x2d90</load_address>
         <run_address>0x2d90</run_address>
         <size>0x174</size>
         <input_file_ref idref="fl-df"/>
      </object_component>
      <object_component id="oc-1a4">
         <name>.text:__kernel_cos</name>
         <load_address>0x2f04</load_address>
         <run_address>0x2f04</run_address>
         <size>0x170</size>
         <input_file_ref idref="fl-de"/>
      </object_component>
      <object_component id="oc-86">
         <name>.text</name>
         <load_address>0x3074</load_address>
         <run_address>0x3074</run_address>
         <size>0x160</size>
         <input_file_ref idref="fl-6"/>
      </object_component>
      <object_component id="oc-be">
         <name>.text</name>
         <load_address>0x31d4</load_address>
         <run_address>0x31d4</run_address>
         <size>0x136</size>
         <input_file_ref idref="fl-c8"/>
      </object_component>
      <object_component id="oc-74">
         <name>.text</name>
         <load_address>0x330c</load_address>
         <run_address>0x330c</run_address>
         <size>0x128</size>
         <input_file_ref idref="fl-8"/>
      </object_component>
      <object_component id="oc-222">
         <name>.text:scalbn</name>
         <load_address>0x3434</load_address>
         <run_address>0x3434</run_address>
         <size>0x110</size>
         <input_file_ref idref="fl-e1"/>
      </object_component>
      <object_component id="oc-d3">
         <name>.text</name>
         <load_address>0x3544</load_address>
         <run_address>0x3544</run_address>
         <size>0xfc</size>
         <input_file_ref idref="fl-c9"/>
      </object_component>
      <object_component id="oc-170">
         <name>.text:floor</name>
         <load_address>0x3640</load_address>
         <run_address>0x3640</run_address>
         <size>0xf8</size>
         <input_file_ref idref="fl-e0"/>
      </object_component>
      <object_component id="oc-b3">
         <name>.text</name>
         <load_address>0x3738</load_address>
         <run_address>0x3738</run_address>
         <size>0xd4</size>
         <input_file_ref idref="fl-5"/>
      </object_component>
      <object_component id="oc-c3">
         <name>.text:round</name>
         <load_address>0x380c</load_address>
         <run_address>0x380c</run_address>
         <size>0xc4</size>
         <input_file_ref idref="fl-c4"/>
      </object_component>
      <object_component id="oc-41">
         <name>.text</name>
         <load_address>0x38d0</load_address>
         <run_address>0x38d0</run_address>
         <size>0x9c</size>
         <input_file_ref idref="fl-e3"/>
      </object_component>
      <object_component id="oc-191">
         <name>.text</name>
         <load_address>0x396c</load_address>
         <run_address>0x396c</run_address>
         <size>0x96</size>
         <input_file_ref idref="fl-d0"/>
      </object_component>
      <object_component id="oc-176">
         <name>.text:__aeabi_cdcmple</name>
         <load_address>0x3a02</load_address>
         <run_address>0x3a02</run_address>
         <size>0x86</size>
         <input_file_ref idref="fl-c7"/>
      </object_component>
      <object_component id="oc-232">
         <name>.text:__aeabi_cdrcmple</name>
         <load_address>0x3a88</load_address>
         <run_address>0x3a88</run_address>
         <size>0x86</size>
         <input_file_ref idref="fl-c7"/>
      </object_component>
      <object_component id="oc-124">
         <name>.text</name>
         <load_address>0x3b0e</load_address>
         <run_address>0x3b0e</run_address>
         <size>0x7a</size>
         <input_file_ref idref="fl-e4"/>
      </object_component>
      <object_component id="oc-aa">
         <name>.text</name>
         <load_address>0x3b88</load_address>
         <run_address>0x3b88</run_address>
         <size>0x6e</size>
         <input_file_ref idref="fl-cb"/>
      </object_component>
      <object_component id="oc-e7">
         <name>.text</name>
         <load_address>0x3bf6</load_address>
         <run_address>0x3bf6</run_address>
         <size>0x6e</size>
         <input_file_ref idref="fl-cf"/>
      </object_component>
      <object_component id="oc-15">
         <name>.text:decompress:lzss:__TI_decompress_lzss</name>
         <load_address>0x3c64</load_address>
         <run_address>0x3c64</run_address>
         <size>0x68</size>
         <input_file_ref idref="fl-d3"/>
      </object_component>
      <object_component id="oc-9e">
         <name>.text:atoi</name>
         <load_address>0x3ccc</load_address>
         <run_address>0x3ccc</run_address>
         <size>0x4c</size>
         <input_file_ref idref="fl-d5"/>
      </object_component>
      <object_component id="oc-d8">
         <name>.text</name>
         <load_address>0x3d18</load_address>
         <run_address>0x3d18</run_address>
         <size>0x48</size>
         <input_file_ref idref="fl-ca"/>
      </object_component>
      <object_component id="oc-1d5">
         <name>.text:__TI_auto_init_nobinit_nopinit:__TI_auto_init_nobinit_nopinit</name>
         <load_address>0x3d60</load_address>
         <run_address>0x3d60</run_address>
         <size>0x44</size>
         <input_file_ref idref="fl-e5"/>
      </object_component>
      <object_component id="oc-c9">
         <name>.text</name>
         <load_address>0x3da4</load_address>
         <run_address>0x3da4</run_address>
         <size>0x44</size>
         <input_file_ref idref="fl-cc"/>
      </object_component>
      <object_component id="oc-92">
         <name>.text:strtok</name>
         <load_address>0x3de8</load_address>
         <run_address>0x3de8</run_address>
         <size>0x40</size>
         <input_file_ref idref="fl-d9"/>
      </object_component>
      <object_component id="oc-b9">
         <name>.text</name>
         <load_address>0x3e28</load_address>
         <run_address>0x3e28</run_address>
         <size>0x38</size>
         <input_file_ref idref="fl-cd"/>
      </object_component>
      <object_component id="oc-5f">
         <name>.text:_c_int00_noargs:_c_int00_noargs</name>
         <load_address>0x3e60</load_address>
         <run_address>0x3e60</run_address>
         <size>0x34</size>
         <input_file_ref idref="fl-dc"/>
      </object_component>
      <object_component id="oc-ec">
         <name>.text</name>
         <load_address>0x3e94</load_address>
         <run_address>0x3e94</run_address>
         <size>0x2e</size>
         <input_file_ref idref="fl-ce"/>
      </object_component>
      <object_component id="oc-14c">
         <name>.text:strspn</name>
         <load_address>0x3ec2</load_address>
         <run_address>0x3ec2</run_address>
         <size>0x2a</size>
         <input_file_ref idref="fl-ec"/>
      </object_component>
      <object_component id="oc-7a">
         <name>.text</name>
         <load_address>0x3eec</load_address>
         <run_address>0x3eec</run_address>
         <size>0x24</size>
         <input_file_ref idref="fl-2"/>
      </object_component>
      <object_component id="oc-152">
         <name>.text:strcspn</name>
         <load_address>0x3f10</load_address>
         <run_address>0x3f10</run_address>
         <size>0x24</size>
         <input_file_ref idref="fl-eb"/>
      </object_component>
      <object_component id="oc-283">
         <name>.text:copysign</name>
         <load_address>0x3f34</load_address>
         <run_address>0x3f34</run_address>
         <size>0x1a</size>
         <input_file_ref idref="fl-ed"/>
      </object_component>
      <object_component id="oc-98">
         <name>.text:strcmp</name>
         <load_address>0x3f4e</load_address>
         <run_address>0x3f4e</run_address>
         <size>0x18</size>
         <input_file_ref idref="fl-d7"/>
      </object_component>
      <object_component id="oc-a4">
         <name>.text:atof</name>
         <load_address>0x3f66</load_address>
         <run_address>0x3f66</run_address>
         <size>0x12</size>
         <input_file_ref idref="fl-d4"/>
      </object_component>
      <object_component id="oc-8c">
         <name>.text:tolower</name>
         <load_address>0x3f78</load_address>
         <run_address>0x3f78</run_address>
         <size>0x10</size>
         <input_file_ref idref="fl-da"/>
      </object_component>
      <object_component id="oc-1b">
         <name>.text:decompress:none:__TI_decompress_none</name>
         <load_address>0x3f88</load_address>
         <run_address>0x3f88</run_address>
         <size>0xe</size>
         <input_file_ref idref="fl-d2"/>
      </object_component>
      <object_component id="oc-53">
         <name>.text:decompress:ZI:__TI_zero_init</name>
         <load_address>0x3f96</load_address>
         <run_address>0x3f96</run_address>
         <size>0xc</size>
         <input_file_ref idref="fl-d1"/>
      </object_component>
      <object_component id="oc-27">
         <name>.text</name>
         <load_address>0x3fa2</load_address>
         <run_address>0x3fa2</run_address>
         <size>0xc</size>
         <input_file_ref idref="fl-7"/>
      </object_component>
      <object_component id="oc-21c">
         <name>.text:__aeabi_errno_addr</name>
         <load_address>0x3fb0</load_address>
         <run_address>0x3fb0</run_address>
         <size>0x8</size>
         <input_file_ref idref="fl-dd"/>
      </object_component>
      <object_component id="oc-12a">
         <name>.text:_system_pre_init</name>
         <load_address>0x3fb8</load_address>
         <run_address>0x3fb8</run_address>
         <size>0x4</size>
         <input_file_ref idref="fl-e6"/>
      </object_component>
      <object_component id="oc-1c9">
         <name>.text:abort:abort</name>
         <load_address>0x3fbc</load_address>
         <run_address>0x3fbc</run_address>
         <size>0x4</size>
         <input_file_ref idref="fl-e8"/>
      </object_component>
      <object_component id="oc-240">
         <name>.const:$O1$$</name>
         <load_address>0x3fc0</load_address>
         <run_address>0x3fc0</run_address>
         <size>0x158</size>
         <input_file_ref idref="fl-db"/>
      </object_component>
      <object_component id="oc-147">
         <name>.const:.string:_ctypes_</name>
         <load_address>0x4118</load_address>
         <run_address>0x4118</run_address>
         <size>0x101</size>
         <input_file_ref idref="fl-d6"/>
      </object_component>
      <object_component id="oc-228">
         <name>.const:$O1$$</name>
         <load_address>0x4220</load_address>
         <run_address>0x4220</run_address>
         <size>0xc8</size>
         <input_file_ref idref="fl-d8"/>
      </object_component>
      <object_component id="oc-301">
         <name>.cinit..data.load</name>
         <load_address>0x42e8</load_address>
         <run_address>0x42e8</run_address>
         <size>0x54</size>
      </object_component>
      <object_component id="oc-2ff">
         <name>__TI_handler_table</name>
         <load_address>0x433c</load_address>
         <run_address>0x433c</run_address>
         <size>0xc</size>
      </object_component>
      <object_component id="oc-302">
         <name>.cinit..bss.load</name>
         <load_address>0x4348</load_address>
         <run_address>0x4348</run_address>
         <size>0x8</size>
      </object_component>
      <object_component id="oc-300">
         <name>__TI_cinit_table</name>
         <load_address>0x4350</load_address>
         <run_address>0x4350</run_address>
         <size>0x10</size>
      </object_component>
      <object_component id="oc-af">
         <name>.data</name>
         <load_address>0x20005058</load_address>
         <run_address>0x20005058</run_address>
         <size>0x36</size>
         <input_file_ref idref="fl-4"/>
      </object_component>
      <object_component id="oc-e1">
         <name>.data:PSK8_I</name>
         <load_address>0x20005090</load_address>
         <run_address>0x20005090</run_address>
         <size>0x20</size>
         <input_file_ref idref="fl-4"/>
      </object_component>
      <object_component id="oc-e4">
         <name>.data:PSK8_Q</name>
         <load_address>0x200050b0</load_address>
         <run_address>0x200050b0</run_address>
         <size>0x20</size>
         <input_file_ref idref="fl-4"/>
      </object_component>
      <object_component id="oc-158">
         <name>.data</name>
         <load_address>0x200050d4</load_address>
         <run_address>0x200050d4</run_address>
         <size>0x4</size>
         <input_file_ref idref="fl-d9"/>
      </object_component>
      <object_component id="oc-27e">
         <name>.data</name>
         <load_address>0x200050d0</load_address>
         <run_address>0x200050d0</run_address>
         <size>0x4</size>
         <input_file_ref idref="fl-dd"/>
      </object_component>
      <object_component id="oc-b2">
         <name>.bss:strInput$1</name>
         <uninitialized>true</uninitialized>
         <run_address>0x20004000</run_address>
         <size>0x54</size>
         <input_file_ref idref="fl-4"/>
      </object_component>
      <object_component id="oc-dd">
         <name>.common:LUT_I</name>
         <uninitialized>true</uninitialized>
         <run_address>0x20000000</run_address>
         <size>0x2000</size>
      </object_component>
      <object_component id="oc-e0">
         <name>.common:LUT_Q</name>
         <uninitialized>true</uninitialized>
         <run_address>0x20002000</run_address>
         <size>0x2000</size>
      </object_component>
      <object_component id="oc-24">
         <name>.stack</name>
         <uninitialized>true</uninitialized>
         <run_address>0x20004058</run_address>
         <size>0x4</size>
         <input_file_ref idref="fl-dc"/>
      </object_component>
      <object_component id="oc-304">
         <name>.stack</name>
         <uninitialized>true</uninitialized>
         <run_address>0x20004058</run_address>
         <size>0x0</size>
      </object_component>
      <object_component id="oc-1b8">
         <name>.debug_info</name>
         <load_address>0x0</load_address>
         <run_address>0x0</run_address>
         <size>0x258</size>
         <input_file_ref idref="fl-2"/>
      </object_component>
      <object_component id="oc-7b">
         <name>.debug_info</name>
         <load_address>0x258</load_address>
         <run_address>0x258</run_address>
         <size>0x176</size>
         <input_file_ref idref="fl-2"/>
      </object_component>
      <object_component id="oc-10a">
         <name>.debug_info</name>
         <load_address>0x3ce</load_address>
         <run_address>0x3ce</run_address>
         <size>0x26b</size>
         <input_file_ref idref="fl-2"/>
      </object_component>
      <object_component id="oc-3c">
         <name>.debug_info</name>
         <load_address>0x639</load_address>
         <run_address>0x639</run_address>
         <size>0x84</size>
         <input_file_ref idref="fl-2"/>
      </object_component>
      <object_component id="oc-1b3">
         <name>.debug_info</name>
         <load_address>0x6bd</load_address>
         <run_address>0x6bd</run_address>
         <size>0x2a4</size>
         <input_file_ref idref="fl-2"/>
      </object_component>
      <object_component id="oc-103">
         <name>.debug_info</name>
         <load_address>0x961</load_address>
         <run_address>0x961</run_address>
         <size>0xbb</size>
         <input_file_ref idref="fl-2"/>
      </object_component>
      <object_component id="oc-145">
         <name>.debug_info</name>
         <load_address>0xa1c</load_address>
         <run_address>0xa1c</run_address>
         <size>0x25d</size>
         <input_file_ref idref="fl-3"/>
      </object_component>
      <object_component id="oc-84">
         <name>.debug_info</name>
         <load_address>0xc79</load_address>
         <run_address>0xc79</run_address>
         <size>0x10e0</size>
         <input_file_ref idref="fl-3"/>
      </object_component>
      <object_component id="oc-140">
         <name>.debug_info</name>
         <load_address>0x1d59</load_address>
         <run_address>0x1d59</run_address>
         <size>0x88</size>
         <input_file_ref idref="fl-3"/>
      </object_component>
      <object_component id="oc-fe">
         <name>.debug_info</name>
         <load_address>0x1de1</load_address>
         <run_address>0x1de1</run_address>
         <size>0x8b</size>
         <input_file_ref idref="fl-3"/>
      </object_component>
      <object_component id="oc-de">
         <name>.debug_info</name>
         <load_address>0x1e6c</load_address>
         <run_address>0x1e6c</run_address>
         <size>0x62e</size>
         <input_file_ref idref="fl-4"/>
      </object_component>
      <object_component id="oc-b0">
         <name>.debug_info</name>
         <load_address>0x249a</load_address>
         <run_address>0x249a</run_address>
         <size>0x253</size>
         <input_file_ref idref="fl-4"/>
      </object_component>
      <object_component id="oc-e2">
         <name>.debug_info</name>
         <load_address>0x26ed</load_address>
         <run_address>0x26ed</run_address>
         <size>0xc8</size>
         <input_file_ref idref="fl-4"/>
      </object_component>
      <object_component id="oc-e5">
         <name>.debug_info</name>
         <load_address>0x27b5</load_address>
         <run_address>0x27b5</run_address>
         <size>0xc8</size>
         <input_file_ref idref="fl-4"/>
      </object_component>
      <object_component id="oc-2e">
         <name>.debug_info</name>
         <load_address>0x287d</load_address>
         <run_address>0x287d</run_address>
         <size>0xf21</size>
         <input_file_ref idref="fl-4"/>
      </object_component>
      <object_component id="oc-183">
         <name>.debug_info</name>
         <load_address>0x379e</load_address>
         <run_address>0x379e</run_address>
         <size>0x35</size>
         <input_file_ref idref="fl-4"/>
      </object_component>
      <object_component id="oc-16d">
         <name>.debug_info</name>
         <load_address>0x37d3</load_address>
         <run_address>0x37d3</run_address>
         <size>0x262</size>
         <input_file_ref idref="fl-5"/>
      </object_component>
      <object_component id="oc-b4">
         <name>.debug_info</name>
         <load_address>0x3a35</load_address>
         <run_address>0x3a35</run_address>
         <size>0x2fe</size>
         <input_file_ref idref="fl-5"/>
      </object_component>
      <object_component id="oc-89">
         <name>.debug_info</name>
         <load_address>0x3d33</load_address>
         <run_address>0x3d33</run_address>
         <size>0x44f</size>
         <input_file_ref idref="fl-6"/>
      </object_component>
      <object_component id="oc-35">
         <name>.debug_info</name>
         <load_address>0x4182</load_address>
         <run_address>0x4182</run_address>
         <size>0x2cd</size>
         <input_file_ref idref="fl-7"/>
      </object_component>
      <object_component id="oc-13">
         <name>.debug_info</name>
         <load_address>0x444f</load_address>
         <run_address>0x444f</run_address>
         <size>0xe8</size>
         <input_file_ref idref="fl-7"/>
      </object_component>
      <object_component id="oc-2a">
         <name>.debug_info</name>
         <load_address>0x4537</load_address>
         <run_address>0x4537</run_address>
         <size>0x264</size>
         <input_file_ref idref="fl-7"/>
      </object_component>
      <object_component id="oc-13d">
         <name>.debug_info</name>
         <load_address>0x479b</load_address>
         <run_address>0x479b</run_address>
         <size>0x348</size>
         <input_file_ref idref="fl-8"/>
      </object_component>
      <object_component id="oc-76">
         <name>.debug_info</name>
         <load_address>0x4ae3</load_address>
         <run_address>0x4ae3</run_address>
         <size>0x3c1</size>
         <input_file_ref idref="fl-8"/>
      </object_component>
      <object_component id="oc-1b2">
         <name>.debug_info</name>
         <load_address>0x4ea4</load_address>
         <run_address>0x4ea4</run_address>
         <size>0x361</size>
         <input_file_ref idref="fl-c3"/>
      </object_component>
      <object_component id="oc-f8">
         <name>.debug_info</name>
         <load_address>0x5205</load_address>
         <run_address>0x5205</run_address>
         <size>0x79b</size>
         <input_file_ref idref="fl-c3"/>
      </object_component>
      <object_component id="oc-24f">
         <name>.debug_info</name>
         <load_address>0x59a0</load_address>
         <run_address>0x59a0</run_address>
         <size>0x46</size>
         <input_file_ref idref="fl-c3"/>
      </object_component>
      <object_component id="oc-1ac">
         <name>.debug_info</name>
         <load_address>0x59e6</load_address>
         <run_address>0x59e6</run_address>
         <size>0x39</size>
         <input_file_ref idref="fl-c3"/>
      </object_component>
      <object_component id="oc-17c">
         <name>.debug_info</name>
         <load_address>0x5a1f</load_address>
         <run_address>0x5a1f</run_address>
         <size>0x2ab</size>
         <input_file_ref idref="fl-c4"/>
      </object_component>
      <object_component id="oc-c7">
         <name>.debug_info</name>
         <load_address>0x5cca</load_address>
         <run_address>0x5cca</run_address>
         <size>0x214</size>
         <input_file_ref idref="fl-c4"/>
      </object_component>
      <object_component id="oc-1ab">
         <name>.debug_info</name>
         <load_address>0x5ede</load_address>
         <run_address>0x5ede</run_address>
         <size>0x361</size>
         <input_file_ref idref="fl-c5"/>
      </object_component>
      <object_component id="oc-f4">
         <name>.debug_info</name>
         <load_address>0x623f</load_address>
         <run_address>0x623f</run_address>
         <size>0x7ae</size>
         <input_file_ref idref="fl-c5"/>
      </object_component>
      <object_component id="oc-cf">
         <name>.debug_info</name>
         <load_address>0x69ed</load_address>
         <run_address>0x69ed</run_address>
         <size>0x14c</size>
         <input_file_ref idref="fl-c6"/>
      </object_component>
      <object_component id="oc-177">
         <name>.debug_info</name>
         <load_address>0x6b39</load_address>
         <run_address>0x6b39</run_address>
         <size>0x128</size>
         <input_file_ref idref="fl-c7"/>
      </object_component>
      <object_component id="oc-233">
         <name>.debug_info</name>
         <load_address>0x6c61</load_address>
         <run_address>0x6c61</run_address>
         <size>0x12a</size>
         <input_file_ref idref="fl-c7"/>
      </object_component>
      <object_component id="oc-c1">
         <name>.debug_info</name>
         <load_address>0x6d8b</load_address>
         <run_address>0x6d8b</run_address>
         <size>0x13a</size>
         <input_file_ref idref="fl-c8"/>
      </object_component>
      <object_component id="oc-d5">
         <name>.debug_info</name>
         <load_address>0x6ec5</load_address>
         <run_address>0x6ec5</run_address>
         <size>0x13a</size>
         <input_file_ref idref="fl-c9"/>
      </object_component>
      <object_component id="oc-d9">
         <name>.debug_info</name>
         <load_address>0x6fff</load_address>
         <run_address>0x6fff</run_address>
         <size>0x12e</size>
         <input_file_ref idref="fl-ca"/>
      </object_component>
      <object_component id="oc-ab">
         <name>.debug_info</name>
         <load_address>0x712d</load_address>
         <run_address>0x712d</run_address>
         <size>0x13e</size>
         <input_file_ref idref="fl-cb"/>
      </object_component>
      <object_component id="oc-ca">
         <name>.debug_info</name>
         <load_address>0x726b</load_address>
         <run_address>0x726b</run_address>
         <size>0x139</size>
         <input_file_ref idref="fl-cc"/>
      </object_component>
      <object_component id="oc-ba">
         <name>.debug_info</name>
         <load_address>0x73a4</load_address>
         <run_address>0x73a4</run_address>
         <size>0x12c</size>
         <input_file_ref idref="fl-cd"/>
      </object_component>
      <object_component id="oc-ef">
         <name>.debug_info</name>
         <load_address>0x74d0</load_address>
         <run_address>0x74d0</run_address>
         <size>0x12c</size>
         <input_file_ref idref="fl-ce"/>
      </object_component>
      <object_component id="oc-e9">
         <name>.debug_info</name>
         <load_address>0x75fc</load_address>
         <run_address>0x75fc</run_address>
         <size>0x13f</size>
         <input_file_ref idref="fl-cf"/>
      </object_component>
      <object_component id="oc-194">
         <name>.debug_info</name>
         <load_address>0x773b</load_address>
         <run_address>0x773b</run_address>
         <size>0x134</size>
         <input_file_ref idref="fl-d0"/>
      </object_component>
      <object_component id="oc-123">
         <name>.debug_info</name>
         <load_address>0x786f</load_address>
         <run_address>0x786f</run_address>
         <size>0x2d4</size>
         <input_file_ref idref="fl-d1"/>
      </object_component>
      <object_component id="oc-54">
         <name>.debug_info</name>
         <load_address>0x7b43</load_address>
         <run_address>0x7b43</run_address>
         <size>0x1b5</size>
         <input_file_ref idref="fl-d1"/>
      </object_component>
      <object_component id="oc-11e">
         <name>.debug_info</name>
         <load_address>0x7cf8</load_address>
         <run_address>0x7cf8</run_address>
         <size>0x46</size>
         <input_file_ref idref="fl-d1"/>
      </object_component>
      <object_component id="oc-1c0">
         <name>.debug_info</name>
         <load_address>0x7d3e</load_address>
         <run_address>0x7d3e</run_address>
         <size>0x2c</size>
         <input_file_ref idref="fl-d1"/>
      </object_component>
      <object_component id="oc-4c">
         <name>.debug_info</name>
         <load_address>0x7d6a</load_address>
         <run_address>0x7d6a</run_address>
         <size>0x2a8</size>
         <input_file_ref idref="fl-d2"/>
      </object_component>
      <object_component id="oc-1d">
         <name>.debug_info</name>
         <load_address>0x8012</load_address>
         <run_address>0x8012</run_address>
         <size>0x1ea</size>
         <input_file_ref idref="fl-d2"/>
      </object_component>
      <object_component id="oc-47">
         <name>.debug_info</name>
         <load_address>0x81fc</load_address>
         <run_address>0x81fc</run_address>
         <size>0x46</size>
         <input_file_ref idref="fl-d2"/>
      </object_component>
      <object_component id="oc-116">
         <name>.debug_info</name>
         <load_address>0x8242</load_address>
         <run_address>0x8242</run_address>
         <size>0x2c</size>
         <input_file_ref idref="fl-d2"/>
      </object_component>
      <object_component id="oc-114">
         <name>.debug_info</name>
         <load_address>0x826e</load_address>
         <run_address>0x826e</run_address>
         <size>0x29e</size>
         <input_file_ref idref="fl-d3"/>
      </object_component>
      <object_component id="oc-19">
         <name>.debug_info</name>
         <load_address>0x850c</load_address>
         <run_address>0x850c</run_address>
         <size>0x250</size>
         <input_file_ref idref="fl-d3"/>
      </object_component>
      <object_component id="oc-37">
         <name>.debug_info</name>
         <load_address>0x875c</load_address>
         <run_address>0x875c</run_address>
         <size>0x60</size>
         <input_file_ref idref="fl-d3"/>
      </object_component>
      <object_component id="oc-1b9">
         <name>.debug_info</name>
         <load_address>0x87bc</load_address>
         <run_address>0x87bc</run_address>
         <size>0x46</size>
         <input_file_ref idref="fl-d3"/>
      </object_component>
      <object_component id="oc-10f">
         <name>.debug_info</name>
         <load_address>0x8802</load_address>
         <run_address>0x8802</run_address>
         <size>0x39</size>
         <input_file_ref idref="fl-d3"/>
      </object_component>
      <object_component id="oc-168">
         <name>.debug_info</name>
         <load_address>0x883b</load_address>
         <run_address>0x883b</run_address>
         <size>0x2c5</size>
         <input_file_ref idref="fl-d4"/>
      </object_component>
      <object_component id="oc-a5">
         <name>.debug_info</name>
         <load_address>0x8b00</load_address>
         <run_address>0x8b00</run_address>
         <size>0x149</size>
         <input_file_ref idref="fl-d4"/>
      </object_component>
      <object_component id="oc-160">
         <name>.debug_info</name>
         <load_address>0x8c49</load_address>
         <run_address>0x8c49</run_address>
         <size>0x2b9</size>
         <input_file_ref idref="fl-d5"/>
      </object_component>
      <object_component id="oc-a0">
         <name>.debug_info</name>
         <load_address>0x8f02</load_address>
         <run_address>0x8f02</run_address>
         <size>0x17c</size>
         <input_file_ref idref="fl-d5"/>
      </object_component>
      <object_component id="oc-20d">
         <name>.debug_info</name>
         <load_address>0x907e</load_address>
         <run_address>0x907e</run_address>
         <size>0xf9</size>
         <input_file_ref idref="fl-d6"/>
      </object_component>
      <object_component id="oc-148">
         <name>.debug_info</name>
         <load_address>0x9177</load_address>
         <run_address>0x9177</run_address>
         <size>0x105</size>
         <input_file_ref idref="fl-d6"/>
      </object_component>
      <object_component id="oc-15e">
         <name>.debug_info</name>
         <load_address>0x927c</load_address>
         <run_address>0x927c</run_address>
         <size>0x28a</size>
         <input_file_ref idref="fl-d7"/>
      </object_component>
      <object_component id="oc-9a">
         <name>.debug_info</name>
         <load_address>0x9506</load_address>
         <run_address>0x9506</run_address>
         <size>0x273</size>
         <input_file_ref idref="fl-d7"/>
      </object_component>
      <object_component id="oc-22c">
         <name>.debug_info</name>
         <load_address>0x9779</load_address>
         <run_address>0x9779</run_address>
         <size>0x3b1</size>
         <input_file_ref idref="fl-d8"/>
      </object_component>
      <object_component id="oc-229">
         <name>.debug_info</name>
         <load_address>0x9b2a</load_address>
         <run_address>0x9b2a</run_address>
         <size>0x123</size>
         <input_file_ref idref="fl-d8"/>
      </object_component>
      <object_component id="oc-164">
         <name>.debug_info</name>
         <load_address>0x9c4d</load_address>
         <run_address>0x9c4d</run_address>
         <size>0x4e0</size>
         <input_file_ref idref="fl-d8"/>
      </object_component>
      <object_component id="oc-15c">
         <name>.debug_info</name>
         <load_address>0xa12d</load_address>
         <run_address>0xa12d</run_address>
         <size>0x2fe</size>
         <input_file_ref idref="fl-d9"/>
      </object_component>
      <object_component id="oc-159">
         <name>.debug_info</name>
         <load_address>0xa42b</load_address>
         <run_address>0xa42b</run_address>
         <size>0x105</size>
         <input_file_ref idref="fl-d9"/>
      </object_component>
      <object_component id="oc-94">
         <name>.debug_info</name>
         <load_address>0xa530</load_address>
         <run_address>0xa530</run_address>
         <size>0x1ab</size>
         <input_file_ref idref="fl-d9"/>
      </object_component>
      <object_component id="oc-14b">
         <name>.debug_info</name>
         <load_address>0xa6db</load_address>
         <run_address>0xa6db</run_address>
         <size>0x2b6</size>
         <input_file_ref idref="fl-da"/>
      </object_component>
      <object_component id="oc-8d">
         <name>.debug_info</name>
         <load_address>0xa991</load_address>
         <run_address>0xa991</run_address>
         <size>0x154</size>
         <input_file_ref idref="fl-da"/>
      </object_component>
      <object_component id="oc-244">
         <name>.debug_info</name>
         <load_address>0xaae5</load_address>
         <run_address>0xaae5</run_address>
         <size>0x3aa</size>
         <input_file_ref idref="fl-db"/>
      </object_component>
      <object_component id="oc-241">
         <name>.debug_info</name>
         <load_address>0xae8f</load_address>
         <run_address>0xae8f</run_address>
         <size>0x13a</size>
         <input_file_ref idref="fl-db"/>
      </object_component>
      <object_component id="oc-19f">
         <name>.debug_info</name>
         <load_address>0xafc9</load_address>
         <run_address>0xafc9</run_address>
         <size>0x72f</size>
         <input_file_ref idref="fl-db"/>
      </object_component>
      <object_component id="oc-298">
         <name>.debug_info</name>
         <load_address>0xb6f8</load_address>
         <run_address>0xb6f8</run_address>
         <size>0x39</size>
         <input_file_ref idref="fl-db"/>
      </object_component>
      <object_component id="oc-246">
         <name>.debug_info</name>
         <load_address>0xb731</load_address>
         <run_address>0xb731</run_address>
         <size>0x2c</size>
         <input_file_ref idref="fl-db"/>
      </object_component>
      <object_component id="oc-25">
         <name>.debug_info</name>
         <load_address>0xb75d</load_address>
         <run_address>0xb75d</run_address>
         <size>0x10b</size>
         <input_file_ref idref="fl-dc"/>
      </object_component>
      <object_component id="oc-63">
         <name>.debug_info</name>
         <load_address>0xb868</load_address>
         <run_address>0xb868</run_address>
         <size>0x1a9</size>
         <input_file_ref idref="fl-dc"/>
      </object_component>
      <object_component id="oc-282">
         <name>.debug_info</name>
         <load_address>0xba11</load_address>
         <run_address>0xba11</run_address>
         <size>0x289</size>
         <input_file_ref idref="fl-dd"/>
      </object_component>
      <object_component id="oc-27f">
         <name>.debug_info</name>
         <load_address>0xbc9a</load_address>
         <run_address>0xbc9a</run_address>
         <size>0x10e</size>
         <input_file_ref idref="fl-dd"/>
      </object_component>
      <object_component id="oc-21d">
         <name>.debug_info</name>
         <load_address>0xbda8</load_address>
         <run_address>0xbda8</run_address>
         <size>0x14e</size>
         <input_file_ref idref="fl-dd"/>
      </object_component>
      <object_component id="oc-24c">
         <name>.debug_info</name>
         <load_address>0xbef6</load_address>
         <run_address>0xbef6</run_address>
         <size>0x288</size>
         <input_file_ref idref="fl-de"/>
      </object_component>
      <object_component id="oc-1a8">
         <name>.debug_info</name>
         <load_address>0xc17e</load_address>
         <run_address>0xc17e</run_address>
         <size>0x327</size>
         <input_file_ref idref="fl-de"/>
      </object_component>
      <object_component id="oc-23f">
         <name>.debug_info</name>
         <load_address>0xc4a5</load_address>
         <run_address>0xc4a5</run_address>
         <size>0x28d</size>
         <input_file_ref idref="fl-df"/>
      </object_component>
      <object_component id="oc-199">
         <name>.debug_info</name>
         <load_address>0xc732</load_address>
         <run_address>0xc732</run_address>
         <size>0x380</size>
         <input_file_ref idref="fl-df"/>
      </object_component>
      <object_component id="oc-238">
         <name>.debug_info</name>
         <load_address>0xcab2</load_address>
         <run_address>0xcab2</run_address>
         <size>0x28a</size>
         <input_file_ref idref="fl-e0"/>
      </object_component>
      <object_component id="oc-173">
         <name>.debug_info</name>
         <load_address>0xcd3c</load_address>
         <run_address>0xcd3c</run_address>
         <size>0x22a</size>
         <input_file_ref idref="fl-e0"/>
      </object_component>
      <object_component id="oc-28a">
         <name>.debug_info</name>
         <load_address>0xcf66</load_address>
         <run_address>0xcf66</run_address>
         <size>0x2f8</size>
         <input_file_ref idref="fl-e1"/>
      </object_component>
      <object_component id="oc-223">
         <name>.debug_info</name>
         <load_address>0xd25e</load_address>
         <run_address>0xd25e</run_address>
         <size>0x225</size>
         <input_file_ref idref="fl-e1"/>
      </object_component>
      <object_component id="oc-18e">
         <name>.debug_info</name>
         <load_address>0xd483</load_address>
         <run_address>0xd483</run_address>
         <size>0x115</size>
         <input_file_ref idref="fl-e2"/>
      </object_component>
      <object_component id="oc-42">
         <name>.debug_info</name>
         <load_address>0xd598</load_address>
         <run_address>0xd598</run_address>
         <size>0x119</size>
         <input_file_ref idref="fl-e3"/>
      </object_component>
      <object_component id="oc-125">
         <name>.debug_info</name>
         <load_address>0xd6b1</load_address>
         <run_address>0xd6b1</run_address>
         <size>0x147</size>
         <input_file_ref idref="fl-e4"/>
      </object_component>
      <object_component id="oc-263">
         <name>.debug_info</name>
         <load_address>0xd7f8</load_address>
         <run_address>0xd7f8</run_address>
         <size>0x4b3</size>
         <input_file_ref idref="fl-e5"/>
      </object_component>
      <object_component id="oc-1d6">
         <name>.debug_info</name>
         <load_address>0xdcab</load_address>
         <run_address>0xdcab</run_address>
         <size>0x1a6</size>
         <input_file_ref idref="fl-e5"/>
      </object_component>
      <object_component id="oc-2af">
         <name>.debug_info</name>
         <load_address>0xde51</load_address>
         <run_address>0xde51</run_address>
         <size>0x39</size>
         <input_file_ref idref="fl-e5"/>
      </object_component>
      <object_component id="oc-2ca">
         <name>.debug_info</name>
         <load_address>0xde8a</load_address>
         <run_address>0xde8a</run_address>
         <size>0x39</size>
         <input_file_ref idref="fl-e5"/>
      </object_component>
      <object_component id="oc-2b4">
         <name>.debug_info</name>
         <load_address>0xdec3</load_address>
         <run_address>0xdec3</run_address>
         <size>0x39</size>
         <input_file_ref idref="fl-e5"/>
      </object_component>
      <object_component id="oc-2b9">
         <name>.debug_info</name>
         <load_address>0xdefc</load_address>
         <run_address>0xdefc</run_address>
         <size>0xcd</size>
         <input_file_ref idref="fl-e5"/>
      </object_component>
      <object_component id="oc-12d">
         <name>.debug_info</name>
         <load_address>0xdfc9</load_address>
         <run_address>0xdfc9</run_address>
         <size>0x153</size>
         <input_file_ref idref="fl-e6"/>
      </object_component>
      <object_component id="oc-1ca">
         <name>.debug_info</name>
         <load_address>0xe11c</load_address>
         <run_address>0xe11c</run_address>
         <size>0x122</size>
         <input_file_ref idref="fl-e8"/>
      </object_component>
      <object_component id="oc-213">
         <name>.debug_info</name>
         <load_address>0xe23e</load_address>
         <run_address>0xe23e</run_address>
         <size>0x290</size>
         <input_file_ref idref="fl-eb"/>
      </object_component>
      <object_component id="oc-153">
         <name>.debug_info</name>
         <load_address>0xe4ce</load_address>
         <run_address>0xe4ce</run_address>
         <size>0x198</size>
         <input_file_ref idref="fl-eb"/>
      </object_component>
      <object_component id="oc-211">
         <name>.debug_info</name>
         <load_address>0xe666</load_address>
         <run_address>0xe666</run_address>
         <size>0x295</size>
         <input_file_ref idref="fl-ec"/>
      </object_component>
      <object_component id="oc-150">
         <name>.debug_info</name>
         <load_address>0xe8fb</load_address>
         <run_address>0xe8fb</run_address>
         <size>0x1c3</size>
         <input_file_ref idref="fl-ec"/>
      </object_component>
      <object_component id="oc-286">
         <name>.debug_info</name>
         <load_address>0xeabe</load_address>
         <run_address>0xeabe</run_address>
         <size>0x161</size>
         <input_file_ref idref="fl-ed"/>
      </object_component>
      <object_component id="oc-305">
         <name>.debug_info</name>
         <load_address>0xec1f</load_address>
         <run_address>0xec1f</run_address>
         <size>0x9b</size>
      </object_component>
      <object_component id="oc-257">
         <name>.debug_line</name>
         <load_address>0x0</load_address>
         <run_address>0x0</run_address>
         <size>0x20</size>
         <input_file_ref idref="fl-2"/>
      </object_component>
      <object_component id="oc-7f">
         <name>.debug_line</name>
         <load_address>0x20</load_address>
         <run_address>0x20</run_address>
         <size>0x5c</size>
         <input_file_ref idref="fl-2"/>
      </object_component>
      <object_component id="oc-10d">
         <name>.debug_line</name>
         <load_address>0x7c</load_address>
         <run_address>0x7c</run_address>
         <size>0x6f</size>
         <input_file_ref idref="fl-2"/>
      </object_component>
      <object_component id="oc-3f">
         <name>.debug_line</name>
         <load_address>0xeb</load_address>
         <run_address>0xeb</run_address>
         <size>0x20</size>
         <input_file_ref idref="fl-2"/>
      </object_component>
      <object_component id="oc-1b6">
         <name>.debug_line</name>
         <load_address>0x10b</load_address>
         <run_address>0x10b</run_address>
         <size>0x73</size>
         <input_file_ref idref="fl-2"/>
      </object_component>
      <object_component id="oc-106">
         <name>.debug_line</name>
         <load_address>0x17e</load_address>
         <run_address>0x17e</run_address>
         <size>0x70</size>
         <input_file_ref idref="fl-2"/>
      </object_component>
      <object_component id="oc-20a">
         <name>.debug_line</name>
         <load_address>0x1ee</load_address>
         <run_address>0x1ee</run_address>
         <size>0x20</size>
         <input_file_ref idref="fl-3"/>
      </object_component>
      <object_component id="oc-82">
         <name>.debug_line</name>
         <load_address>0x20e</load_address>
         <run_address>0x20e</run_address>
         <size>0x3d4</size>
         <input_file_ref idref="fl-3"/>
      </object_component>
      <object_component id="oc-143">
         <name>.debug_line</name>
         <load_address>0x5e2</load_address>
         <run_address>0x5e2</run_address>
         <size>0x31</size>
         <input_file_ref idref="fl-3"/>
      </object_component>
      <object_component id="oc-101">
         <name>.debug_line</name>
         <load_address>0x613</load_address>
         <run_address>0x613</run_address>
         <size>0x20</size>
         <input_file_ref idref="fl-3"/>
      </object_component>
      <object_component id="oc-182">
         <name>.debug_line</name>
         <load_address>0x633</load_address>
         <run_address>0x633</run_address>
         <size>0x1ad</size>
         <input_file_ref idref="fl-4"/>
      </object_component>
      <object_component id="oc-16b">
         <name>.debug_line</name>
         <load_address>0x7e0</load_address>
         <run_address>0x7e0</run_address>
         <size>0x2d</size>
         <input_file_ref idref="fl-4"/>
      </object_component>
      <object_component id="oc-189">
         <name>.debug_line</name>
         <load_address>0x80d</load_address>
         <run_address>0x80d</run_address>
         <size>0x2d</size>
         <input_file_ref idref="fl-4"/>
      </object_component>
      <object_component id="oc-18b">
         <name>.debug_line</name>
         <load_address>0x83a</load_address>
         <run_address>0x83a</run_address>
         <size>0x2d</size>
         <input_file_ref idref="fl-4"/>
      </object_component>
      <object_component id="oc-31">
         <name>.debug_line</name>
         <load_address>0x867</load_address>
         <run_address>0x867</run_address>
         <size>0x25e</size>
         <input_file_ref idref="fl-4"/>
      </object_component>
      <object_component id="oc-186">
         <name>.debug_line</name>
         <load_address>0xac5</load_address>
         <run_address>0xac5</run_address>
         <size>0x74</size>
         <input_file_ref idref="fl-4"/>
      </object_component>
      <object_component id="oc-231">
         <name>.debug_line</name>
         <load_address>0xb39</load_address>
         <run_address>0xb39</run_address>
         <size>0x20</size>
         <input_file_ref idref="fl-5"/>
      </object_component>
      <object_component id="oc-b7">
         <name>.debug_line</name>
         <load_address>0xb59</load_address>
         <run_address>0xb59</run_address>
         <size>0x89</size>
         <input_file_ref idref="fl-5"/>
      </object_component>
      <object_component id="oc-88">
         <name>.debug_line</name>
         <load_address>0xbe2</load_address>
         <run_address>0xbe2</run_address>
         <size>0xda</size>
         <input_file_ref idref="fl-6"/>
      </object_component>
      <object_component id="oc-109">
         <name>.debug_line</name>
         <load_address>0xcbc</load_address>
         <run_address>0xcbc</run_address>
         <size>0x41</size>
         <input_file_ref idref="fl-7"/>
      </object_component>
      <object_component id="oc-34">
         <name>.debug_line</name>
         <load_address>0xcfd</load_address>
         <run_address>0xcfd</run_address>
         <size>0x41</size>
         <input_file_ref idref="fl-7"/>
      </object_component>
      <object_component id="oc-29">
         <name>.debug_line</name>
         <load_address>0xd3e</load_address>
         <run_address>0xd3e</run_address>
         <size>0xa1</size>
         <input_file_ref idref="fl-7"/>
      </object_component>
      <object_component id="oc-208">
         <name>.debug_line</name>
         <load_address>0xddf</load_address>
         <run_address>0xddf</run_address>
         <size>0x31</size>
         <input_file_ref idref="fl-8"/>
      </object_component>
      <object_component id="oc-75">
         <name>.debug_line</name>
         <load_address>0xe10</load_address>
         <run_address>0xe10</run_address>
         <size>0xe5</size>
         <input_file_ref idref="fl-8"/>
      </object_component>
      <object_component id="oc-255">
         <name>.debug_line</name>
         <load_address>0xef5</load_address>
         <run_address>0xef5</run_address>
         <size>0x32</size>
         <input_file_ref idref="fl-c3"/>
      </object_component>
      <object_component id="oc-fc">
         <name>.debug_line</name>
         <load_address>0xf27</load_address>
         <run_address>0xf27</run_address>
         <size>0x215</size>
         <input_file_ref idref="fl-c3"/>
      </object_component>
      <object_component id="oc-252">
         <name>.debug_line</name>
         <load_address>0x113c</load_address>
         <run_address>0x113c</run_address>
         <size>0x9a</size>
         <input_file_ref idref="fl-c3"/>
      </object_component>
      <object_component id="oc-1af">
         <name>.debug_line</name>
         <load_address>0x11d6</load_address>
         <run_address>0x11d6</run_address>
         <size>0x97</size>
         <input_file_ref idref="fl-c3"/>
      </object_component>
      <object_component id="oc-23b">
         <name>.debug_line</name>
         <load_address>0x126d</load_address>
         <run_address>0x126d</run_address>
         <size>0x2a</size>
         <input_file_ref idref="fl-c4"/>
      </object_component>
      <object_component id="oc-c5">
         <name>.debug_line</name>
         <load_address>0x1297</load_address>
         <run_address>0x1297</run_address>
         <size>0x7a</size>
         <input_file_ref idref="fl-c4"/>
      </object_component>
      <object_component id="oc-24e">
         <name>.debug_line</name>
         <load_address>0x1311</load_address>
         <run_address>0x1311</run_address>
         <size>0x32</size>
         <input_file_ref idref="fl-c5"/>
      </object_component>
      <object_component id="oc-f6">
         <name>.debug_line</name>
         <load_address>0x1343</load_address>
         <run_address>0x1343</run_address>
         <size>0x218</size>
         <input_file_ref idref="fl-c5"/>
      </object_component>
      <object_component id="oc-d2">
         <name>.debug_line</name>
         <load_address>0x155b</load_address>
         <run_address>0x155b</run_address>
         <size>0xd2</size>
         <input_file_ref idref="fl-c6"/>
      </object_component>
      <object_component id="oc-17a">
         <name>.debug_line</name>
         <load_address>0x162d</load_address>
         <run_address>0x162d</run_address>
         <size>0x77</size>
         <input_file_ref idref="fl-c7"/>
      </object_component>
      <object_component id="oc-236">
         <name>.debug_line</name>
         <load_address>0x16a4</load_address>
         <run_address>0x16a4</run_address>
         <size>0x77</size>
         <input_file_ref idref="fl-c7"/>
      </object_component>
      <object_component id="oc-c0">
         <name>.debug_line</name>
         <load_address>0x171b</load_address>
         <run_address>0x171b</run_address>
         <size>0xa8</size>
         <input_file_ref idref="fl-c8"/>
      </object_component>
      <object_component id="oc-d4">
         <name>.debug_line</name>
         <load_address>0x17c3</load_address>
         <run_address>0x17c3</run_address>
         <size>0x8e</size>
         <input_file_ref idref="fl-c9"/>
      </object_component>
      <object_component id="oc-dc">
         <name>.debug_line</name>
         <load_address>0x1851</load_address>
         <run_address>0x1851</run_address>
         <size>0x5a</size>
         <input_file_ref idref="fl-ca"/>
      </object_component>
      <object_component id="oc-ae">
         <name>.debug_line</name>
         <load_address>0x18ab</load_address>
         <run_address>0x18ab</run_address>
         <size>0x67</size>
         <input_file_ref idref="fl-cb"/>
      </object_component>
      <object_component id="oc-cd">
         <name>.debug_line</name>
         <load_address>0x1912</load_address>
         <run_address>0x1912</run_address>
         <size>0x59</size>
         <input_file_ref idref="fl-cc"/>
      </object_component>
      <object_component id="oc-bd">
         <name>.debug_line</name>
         <load_address>0x196b</load_address>
         <run_address>0x196b</run_address>
         <size>0x57</size>
         <input_file_ref idref="fl-cd"/>
      </object_component>
      <object_component id="oc-ed">
         <name>.debug_line</name>
         <load_address>0x19c2</load_address>
         <run_address>0x19c2</run_address>
         <size>0x50</size>
         <input_file_ref idref="fl-ce"/>
      </object_component>
      <object_component id="oc-e8">
         <name>.debug_line</name>
         <load_address>0x1a12</load_address>
         <run_address>0x1a12</run_address>
         <size>0x68</size>
         <input_file_ref idref="fl-cf"/>
      </object_component>
      <object_component id="oc-193">
         <name>.debug_line</name>
         <load_address>0x1a7a</load_address>
         <run_address>0x1a7a</run_address>
         <size>0x81</size>
         <input_file_ref idref="fl-d0"/>
      </object_component>
      <object_component id="oc-1c6">
         <name>.debug_line</name>
         <load_address>0x1afb</load_address>
         <run_address>0x1afb</run_address>
         <size>0x92</size>
         <input_file_ref idref="fl-d1"/>
      </object_component>
      <object_component id="oc-58">
         <name>.debug_line</name>
         <load_address>0x1b8d</load_address>
         <run_address>0x1b8d</run_address>
         <size>0x53</size>
         <input_file_ref idref="fl-d1"/>
      </object_component>
      <object_component id="oc-121">
         <name>.debug_line</name>
         <load_address>0x1be0</load_address>
         <run_address>0x1be0</run_address>
         <size>0x34</size>
         <input_file_ref idref="fl-d1"/>
      </object_component>
      <object_component id="oc-1c3">
         <name>.debug_line</name>
         <load_address>0x1c14</load_address>
         <run_address>0x1c14</run_address>
         <size>0x92</size>
         <input_file_ref idref="fl-d1"/>
      </object_component>
      <object_component id="oc-11c">
         <name>.debug_line</name>
         <load_address>0x1ca6</load_address>
         <run_address>0x1ca6</run_address>
         <size>0x20</size>
         <input_file_ref idref="fl-d2"/>
      </object_component>
      <object_component id="oc-1f">
         <name>.debug_line</name>
         <load_address>0x1cc6</load_address>
         <run_address>0x1cc6</run_address>
         <size>0x55</size>
         <input_file_ref idref="fl-d2"/>
      </object_component>
      <object_component id="oc-4a">
         <name>.debug_line</name>
         <load_address>0x1d1b</load_address>
         <run_address>0x1d1b</run_address>
         <size>0x3a</size>
         <input_file_ref idref="fl-d2"/>
      </object_component>
      <object_component id="oc-119">
         <name>.debug_line</name>
         <load_address>0x1d55</load_address>
         <run_address>0x1d55</run_address>
         <size>0x92</size>
         <input_file_ref idref="fl-d2"/>
      </object_component>
      <object_component id="oc-1bf">
         <name>.debug_line</name>
         <load_address>0x1de7</load_address>
         <run_address>0x1de7</run_address>
         <size>0x20</size>
         <input_file_ref idref="fl-d3"/>
      </object_component>
      <object_component id="oc-17">
         <name>.debug_line</name>
         <load_address>0x1e07</load_address>
         <run_address>0x1e07</run_address>
         <size>0xa9</size>
         <input_file_ref idref="fl-d3"/>
      </object_component>
      <object_component id="oc-3a">
         <name>.debug_line</name>
         <load_address>0x1eb0</load_address>
         <run_address>0x1eb0</run_address>
         <size>0x3a</size>
         <input_file_ref idref="fl-d3"/>
      </object_component>
      <object_component id="oc-1bc">
         <name>.debug_line</name>
         <load_address>0x1eea</load_address>
         <run_address>0x1eea</run_address>
         <size>0x9a</size>
         <input_file_ref idref="fl-d3"/>
      </object_component>
      <object_component id="oc-112">
         <name>.debug_line</name>
         <load_address>0x1f84</load_address>
         <run_address>0x1f84</run_address>
         <size>0x96</size>
         <input_file_ref idref="fl-d3"/>
      </object_component>
      <object_component id="oc-22f">
         <name>.debug_line</name>
         <load_address>0x201a</load_address>
         <run_address>0x201a</run_address>
         <size>0x92</size>
         <input_file_ref idref="fl-d4"/>
      </object_component>
      <object_component id="oc-a8">
         <name>.debug_line</name>
         <load_address>0x20ac</load_address>
         <run_address>0x20ac</run_address>
         <size>0x3e</size>
         <input_file_ref idref="fl-d4"/>
      </object_component>
      <object_component id="oc-21b">
         <name>.debug_line</name>
         <load_address>0x20ea</load_address>
         <run_address>0x20ea</run_address>
         <size>0x91</size>
         <input_file_ref idref="fl-d5"/>
      </object_component>
      <object_component id="oc-a2">
         <name>.debug_line</name>
         <load_address>0x217b</load_address>
         <run_address>0x217b</run_address>
         <size>0x62</size>
         <input_file_ref idref="fl-d5"/>
      </object_component>
      <object_component id="oc-279">
         <name>.debug_line</name>
         <load_address>0x21dd</load_address>
         <run_address>0x21dd</run_address>
         <size>0x20</size>
         <input_file_ref idref="fl-d6"/>
      </object_component>
      <object_component id="oc-20c">
         <name>.debug_line</name>
         <load_address>0x21fd</load_address>
         <run_address>0x21fd</run_address>
         <size>0x2b</size>
         <input_file_ref idref="fl-d6"/>
      </object_component>
      <object_component id="oc-219">
         <name>.debug_line</name>
         <load_address>0x2228</load_address>
         <run_address>0x2228</run_address>
         <size>0x20</size>
         <input_file_ref idref="fl-d7"/>
      </object_component>
      <object_component id="oc-9c">
         <name>.debug_line</name>
         <load_address>0x2248</load_address>
         <run_address>0x2248</run_address>
         <size>0xad</size>
         <input_file_ref idref="fl-d7"/>
      </object_component>
      <object_component id="oc-28e">
         <name>.debug_line</name>
         <load_address>0x22f5</load_address>
         <run_address>0x22f5</run_address>
         <size>0x172</size>
         <input_file_ref idref="fl-d8"/>
      </object_component>
      <object_component id="oc-28c">
         <name>.debug_line</name>
         <load_address>0x2467</load_address>
         <run_address>0x2467</run_address>
         <size>0x2c</size>
         <input_file_ref idref="fl-d8"/>
      </object_component>
      <object_component id="oc-163">
         <name>.debug_line</name>
         <load_address>0x2493</load_address>
         <run_address>0x2493</run_address>
         <size>0x384</size>
         <input_file_ref idref="fl-d8"/>
      </object_component>
      <object_component id="oc-217">
         <name>.debug_line</name>
         <load_address>0x2817</load_address>
         <run_address>0x2817</run_address>
         <size>0x92</size>
         <input_file_ref idref="fl-d9"/>
      </object_component>
      <object_component id="oc-215">
         <name>.debug_line</name>
         <load_address>0x28a9</load_address>
         <run_address>0x28a9</run_address>
         <size>0x2c</size>
         <input_file_ref idref="fl-d9"/>
      </object_component>
      <object_component id="oc-97">
         <name>.debug_line</name>
         <load_address>0x28d5</load_address>
         <run_address>0x28d5</run_address>
         <size>0x5c</size>
         <input_file_ref idref="fl-d9"/>
      </object_component>
      <object_component id="oc-20f">
         <name>.debug_line</name>
         <load_address>0x2931</load_address>
         <run_address>0x2931</run_address>
         <size>0x91</size>
         <input_file_ref idref="fl-da"/>
      </object_component>
      <object_component id="oc-91">
         <name>.debug_line</name>
         <load_address>0x29c2</load_address>
         <run_address>0x29c2</run_address>
         <size>0x3f</size>
         <input_file_ref idref="fl-da"/>
      </object_component>
      <object_component id="oc-297">
         <name>.debug_line</name>
         <load_address>0x2a01</load_address>
         <run_address>0x2a01</run_address>
         <size>0x2a</size>
         <input_file_ref idref="fl-db"/>
      </object_component>
      <object_component id="oc-295">
         <name>.debug_line</name>
         <load_address>0x2a2b</load_address>
         <run_address>0x2a2b</run_address>
         <size>0x30</size>
         <input_file_ref idref="fl-db"/>
      </object_component>
      <object_component id="oc-1a2">
         <name>.debug_line</name>
         <load_address>0x2a5b</load_address>
         <run_address>0x2a5b</run_address>
         <size>0x3fd</size>
         <input_file_ref idref="fl-db"/>
      </object_component>
      <object_component id="oc-29b">
         <name>.debug_line</name>
         <load_address>0x2e58</load_address>
         <run_address>0x2e58</run_address>
         <size>0x9a</size>
         <input_file_ref idref="fl-db"/>
      </object_component>
      <object_component id="oc-249">
         <name>.debug_line</name>
         <load_address>0x2ef2</load_address>
         <run_address>0x2ef2</run_address>
         <size>0x97</size>
         <input_file_ref idref="fl-db"/>
      </object_component>
      <object_component id="oc-72">
         <name>.debug_line</name>
         <load_address>0x2f89</load_address>
         <run_address>0x2f89</run_address>
         <size>0x33</size>
         <input_file_ref idref="fl-dc"/>
      </object_component>
      <object_component id="oc-61">
         <name>.debug_line</name>
         <load_address>0x2fbc</load_address>
         <run_address>0x2fbc</run_address>
         <size>0x45</size>
         <input_file_ref idref="fl-dc"/>
      </object_component>
      <object_component id="oc-2c3">
         <name>.debug_line</name>
         <load_address>0x3001</load_address>
         <run_address>0x3001</run_address>
         <size>0x20</size>
         <input_file_ref idref="fl-dd"/>
      </object_component>
      <object_component id="oc-2c1">
         <name>.debug_line</name>
         <load_address>0x3021</load_address>
         <run_address>0x3021</run_address>
         <size>0x2b</size>
         <input_file_ref idref="fl-dd"/>
      </object_component>
      <object_component id="oc-220">
         <name>.debug_line</name>
         <load_address>0x304c</load_address>
         <run_address>0x304c</run_address>
         <size>0x40</size>
         <input_file_ref idref="fl-dd"/>
      </object_component>
      <object_component id="oc-29e">
         <name>.debug_line</name>
         <load_address>0x308c</load_address>
         <run_address>0x308c</run_address>
         <size>0x20</size>
         <input_file_ref idref="fl-de"/>
      </object_component>
      <object_component id="oc-1a7">
         <name>.debug_line</name>
         <load_address>0x30ac</load_address>
         <run_address>0x30ac</run_address>
         <size>0x43</size>
         <input_file_ref idref="fl-de"/>
      </object_component>
      <object_component id="oc-293">
         <name>.debug_line</name>
[...]
         <value>0xc7d</value>
         <object_component_ref idref="oc-80"/>
      </symbol>
      <symbol id="sm-da">
         <name>disablePinPulldown</name>
         <value>0xfe5</value>
         <object_component_ref idref="oc-80"/>
      </symbol>
      <symbol id="sm-db">
         <name>setPinCommitControl</name>
         <value>0xef3</value>
         <object_component_ref idref="oc-80"/>
      </symbol>
      <symbol id="sm-dc">
         <name>disablePort</name>
         <value>0xd39</value>
         <object_component_ref idref="oc-80"/>
      </symbol>
      <symbol id="sm-dd">
         <name>disablePinInterrupt</name>
         <value>0x12ad</value>
         <object_component_ref idref="oc-80"/>
      </symbol>
      <symbol id="sm-de">
         <name>enablePinPullup</name>
         <value>0xf6f</value>
         <object_component_ref idref="oc-80"/>
      </symbol>
      <symbol id="sm-df">
         <name>togglePinValue</name>
         <value>0x131b</value>
         <object_component_ref idref="oc-80"/>
      </symbol>
      <symbol id="sm-e0">
         <name>getPinValue</name>
         <value>0x133f</value>
         <object_component_ref idref="oc-80"/>
      </symbol>
      <symbol id="sm-e1">
         <name>enablePinPulldown</name>
         <value>0xfc1</value>
         <object_component_ref idref="oc-80"/>
      </symbol>
      <symbol id="sm-e2">
         <name>disablePinPullup</name>
         <value>0xf9d</value>
         <object_component_ref idref="oc-80"/>
      </symbol>
      <symbol id="sm-e3">
         <name>selectPinDigitalInput</name>
         <value>0xe55</value>
         <object_component_ref idref="oc-80"/>
      </symbol>
      <symbol id="sm-e4">
         <name>selectPinInterruptRisingEdge</name>
         <value>0x111f</value>
         <object_component_ref idref="oc-80"/>
      </symbol>
      <symbol id="sm-e5">
         <name>setPinValue</name>
         <value>0x12f5</value>
         <object_component_ref idref="oc-80"/>
      </symbol>
      <symbol id="sm-1b7">
         <name>LUT_I</name>
         <value>0x20000000</value>
      </symbol>
      <symbol id="sm-1b8">
         <name>LUT_Q</name>
         <value>0x20002000</value>
      </symbol>
      <symbol id="sm-1b9">
         <name>Inc_B_Q</name>
         <value>0x20005078</value>
         <object_component_ref idref="oc-af"/>
      </symbol>
      <symbol id="sm-1ba">
         <name>initSymbolTimer</name>
         <value>0x5ed</value>
         <object_component_ref idref="oc-2d"/>
      </symbol>
      <symbol id="sm-1bb">
         <name>setSymbolRate</name>
         <value>0x633</value>
         <object_component_ref idref="oc-2d"/>
      </symbol>
      <symbol id="sm-1bc">
         <name>initHw</name>
         <value>0x28b</value>
         <object_component_ref idref="oc-2d"/>
      </symbol>
      <symbol id="sm-1bd">
         <name>WRITE_I</name>
         <value>0x2000505c</value>
         <object_component_ref idref="oc-af"/>
      </symbol>
      <symbol id="sm-1be">
         <name>WRITE_Q</name>
         <value>0x20005058</value>
         <object_component_ref idref="oc-af"/>
      </symbol>
      <symbol id="sm-1bf">
         <name>DCModulator</name>
         <value>0x949</value>
         <object_component_ref idref="oc-2d"/>
      </symbol>
      <symbol id="sm-1c0">
         <name>IntCn_I</name>
         <value>0x20005064</value>
         <object_component_ref idref="oc-af"/>
      </symbol>
      <symbol id="sm-1c1">
         <name>IntCn_Q</name>
         <value>0x20005074</value>
         <object_component_ref idref="oc-af"/>
      </symbol>
      <symbol id="sm-1c2">
         <name>ToneMode</name>
         <value>0x2000508c</value>
         <object_component_ref idref="oc-af"/>
      </symbol>
      <symbol id="sm-1c3">
         <name>SineModulator</name>
         <value>0x9c5</value>
         <object_component_ref idref="oc-2d"/>
      </symbol>
      <symbol id="sm-1c4">
         <name>processShell</name>
         <value>0x33d</value>
         <object_component_ref idref="oc-2d"/>
      </symbol>
      <symbol id="sm-1c5">
         <name>ToneModulator</name>
         <value>0xb59</value>
         <object_component_ref idref="oc-2d"/>
      </symbol>
      <symbol id="sm-1c6">
         <name>RAWModulator</name>
         <value>0x74f</value>
         <object_component_ref idref="oc-2d"/>
      </symbol>
      <symbol id="sm-1c7">
         <name>phi_Q</name>
         <value>0x2000507c</value>
         <object_component_ref idref="oc-af"/>
      </symbol>
      <symbol id="sm-1c8">
         <name>phi_I</name>
         <value>0x2000506c</value>
         <object_component_ref idref="oc-af"/>
      </symbol>
      <symbol id="sm-1c9">
         <name>main</name>
         <value>0x26d</value>
         <object_component_ref idref="oc-2d"/>
      </symbol>
      <symbol id="sm-1ca">
         <name>PSK8_Q</name>
         <value>0x200050b0</value>
         <object_component_ref idref="oc-e4"/>
      </symbol>
      <symbol id="sm-1cb">
         <name>PSK8_I</name>
         <value>0x20005090</value>
         <object_component_ref idref="oc-e1"/>
      </symbol>
      <symbol id="sm-1cc">
         <name>symbolTimerIsr</name>
         <value>0x675</value>
         <object_component_ref idref="oc-2d"/>
      </symbol>
      <symbol id="sm-1cd">
         <name>Const_State</name>
         <value>0x20005084</value>
         <object_component_ref idref="oc-af"/>
      </symbol>
      <symbol id="sm-1ce">
         <name>SinMode</name>
         <value>0x20005060</value>
         <object_component_ref idref="oc-af"/>
      </symbol>
      <symbol id="sm-1cf">
         <name>Modulator</name>
         <value>0xb81</value>
         <object_component_ref idref="oc-2d"/>
      </symbol>
      <symbol id="sm-1d0">
         <name>loopval</name>
         <value>0x20005088</value>
         <object_component_ref idref="oc-af"/>
      </symbol>
      <symbol id="sm-1d1">
         <name>fO_Q</name>
         <value>0x20005080</value>
         <object_component_ref idref="oc-af"/>
      </symbol>
      <symbol id="sm-1d2">
         <name>fO_I</name>
         <value>0x20005070</value>
         <object_component_ref idref="oc-af"/>
      </symbol>
      <symbol id="sm-1d3">
         <name>Inc_B_I</name>
         <value>0x20005068</value>
         <object_component_ref idref="oc-af"/>
      </symbol>
      <symbol id="sm-1e6">
         <name>disableNvicInterrupt</name>
         <value>0x3771</value>
         <object_component_ref idref="oc-b3"/>
      </symbol>
      <symbol id="sm-1e7">
         <name>enableNvicInterrupt</name>
         <value>0x3739</value>
         <object_component_ref idref="oc-b3"/>
      </symbol>
      <symbol id="sm-1e8">
         <name>setNvicInterruptPriority</name>
         <value>0x37a9</value>
         <object_component_ref idref="oc-b3"/>
      </symbol>
      <symbol id="sm-204">
         <name>setSpi0Mode</name>
         <value>0x3147</value>
         <object_component_ref idref="oc-86"/>
      </symbol>
      <symbol id="sm-205">
         <name>readSpi0Data</name>
         <value>0x31ad</value>
         <object_component_ref idref="oc-86"/>
      </symbol>
      <symbol id="sm-206">
         <name>writeSpi0Data</name>
         <value>0x3195</value>
         <object_component_ref idref="oc-86"/>
      </symbol>
      <symbol id="sm-207">
         <name>initSpi0</name>
         <value>0x3075</value>
         <object_component_ref idref="oc-86"/>
      </symbol>
      <symbol id="sm-208">
         <name>setSpi0BaudRate</name>
         <value>0x3111</value>
         <object_component_ref idref="oc-86"/>
      </symbol>
      <symbol id="sm-224">
         <name>ResetISR</name>
         <value>0x3fa3</value>
         <object_component_ref idref="oc-27"/>
      </symbol>
      <symbol id="sm-225">
         <name>g_pfnVectors</name>
         <value>0x0</value>
         <object_component_ref idref="oc-12"/>
      </symbol>
      <symbol id="sm-248">
         <name>getcUart0</name>
         <value>0x33e3</value>
         <object_component_ref idref="oc-74"/>
      </symbol>
      <symbol id="sm-249">
         <name>kbhitUart0</name>
         <value>0x33f7</value>
         <object_component_ref idref="oc-74"/>
      </symbol>
      <symbol id="sm-24a">
         <name>setUart0BaudRate</name>
         <value>0x3357</value>
         <object_component_ref idref="oc-74"/>
      </symbol>
      <symbol id="sm-24b">
         <name>putsUart0</name>
         <value>0x33b7</value>
         <object_component_ref idref="oc-74"/>
      </symbol>
      <symbol id="sm-24c">
         <name>initUart0</name>
         <value>0x330d</value>
         <object_component_ref idref="oc-74"/>
      </symbol>
      <symbol id="sm-24d">
         <name>putcUart0</name>
         <value>0x339b</value>
         <object_component_ref idref="oc-74"/>
      </symbol>
      <symbol id="sm-2a9">
         <name>cosl</name>
         <value>0x219d</value>
         <object_component_ref idref="oc-f7"/>
      </symbol>
      <symbol id="sm-2aa">
         <name>cos</name>
         <value>0x219d</value>
         <object_component_ref idref="oc-f7"/>
      </symbol>
      <symbol id="sm-2c2">
         <name>roundl</name>
         <value>0x380d</value>
         <object_component_ref idref="oc-c3"/>
      </symbol>
      <symbol id="sm-2c3">
         <name>round</name>
         <value>0x380d</value>
         <object_component_ref idref="oc-c3"/>
      </symbol>
      <symbol id="sm-313">
         <name>sin</name>
         <value>0x1bbd</value>
         <object_component_ref idref="oc-f1"/>
      </symbol>
      <symbol id="sm-314">
         <name>sinl</name>
         <value>0x1bbd</value>
         <object_component_ref idref="oc-f1"/>
      </symbol>
      <symbol id="sm-32b">
         <name>__aeabi_dsub</name>
         <value>0x2bd9</value>
         <object_component_ref idref="oc-ce"/>
      </symbol>
      <symbol id="sm-32c">
         <name>__aeabi_dadd</name>
         <value>0x2be3</value>
         <object_component_ref idref="oc-ce"/>
      </symbol>
      <symbol id="sm-34e">
         <name>__aeabi_cdcmpeq</name>
         <value>0x3a03</value>
         <object_component_ref idref="oc-176"/>
      </symbol>
      <symbol id="sm-34f">
         <name>__aeabi_cdcmple</name>
         <value>0x3a03</value>
         <object_component_ref idref="oc-176"/>
      </symbol>
      <symbol id="sm-350">
         <name>__aeabi_cdrcmple</name>
         <value>0x3a89</value>
         <object_component_ref idref="oc-232"/>
      </symbol>
      <symbol id="sm-364">
         <name>__aeabi_ddiv</name>
         <value>0x31d5</value>
         <object_component_ref idref="oc-be"/>
      </symbol>
      <symbol id="sm-36f">
         <name>__aeabi_dmul</name>
         <value>0x3545</value>
         <object_component_ref idref="oc-d3"/>
      </symbol>
      <symbol id="sm-379">
         <name>__aeabi_d2iz</name>
         <value>0x3d19</value>
         <object_component_ref idref="oc-d8"/>
      </symbol>
      <symbol id="sm-385">
         <name>__aeabi_d2f</name>
         <value>0x3b89</value>
         <object_component_ref idref="oc-aa"/>
      </symbol>
      <symbol id="sm-38f">
         <name>__aeabi_d2uiz</name>
         <value>0x3da5</value>
         <object_component_ref idref="oc-c9"/>
      </symbol>
      <symbol id="sm-39a">
         <name>__aeabi_f2d</name>
         <value>0x3e29</value>
         <object_component_ref idref="oc-b9"/>
      </symbol>
      <symbol id="sm-3a4">
         <name>__aeabi_i2d</name>
         <value>0x3e95</value>
         <object_component_ref idref="oc-ec"/>
      </symbol>
      <symbol id="sm-3b2">
         <name>__aeabi_ldivmod</name>
         <value>0x3bf7</value>
         <object_component_ref idref="oc-e7"/>
      </symbol>
      <symbol id="sm-3bf">
         <name>__aeabi_uldivmod</name>
         <value>0x396d</value>
         <object_component_ref idref="oc-191"/>
      </symbol>
      <symbol id="sm-3d6">
         <name>__TI_zero_init</name>
         <value>0x3f97</value>
         <object_component_ref idref="oc-53"/>
      </symbol>
      <symbol id="sm-3ed">
         <name>__TI_decompress_none</name>
         <value>0x3f89</value>
         <object_component_ref idref="oc-1b"/>
      </symbol>
      <symbol id="sm-410">
         <name>__TI_decompress_lzss</name>
         <value>0x3c65</value>
         <object_component_ref idref="oc-15"/>
      </symbol>
      <symbol id="sm-41d">
         <name>atof</name>
         <value>0x3f67</value>
         <object_component_ref idref="oc-a4"/>
      </symbol>
      <symbol id="sm-433">
         <name>atoi</name>
         <value>0x3ccd</value>
         <object_component_ref idref="oc-9e"/>
      </symbol>
      <symbol id="sm-43e">
         <name>_ctypes_</name>
         <value>0x4118</value>
         <object_component_ref idref="oc-147"/>
      </symbol>
      <symbol id="sm-44d">
         <name>strcmp</name>
         <value>0x3f4f</value>
         <object_component_ref idref="oc-98"/>
      </symbol>
      <symbol id="sm-4ad">
         <name>strtold</name>
         <value>0x2779</value>
         <object_component_ref idref="oc-161"/>
      </symbol>
      <symbol id="sm-4ae">
         <name>strtod</name>
         <value>0x2779</value>
         <object_component_ref idref="oc-161"/>
      </symbol>
      <symbol id="sm-4c6">
         <name>strtok</name>
         <value>0x3de9</value>
         <object_component_ref idref="oc-92"/>
      </symbol>
      <symbol id="sm-4d5">
         <name>tolower</name>
         <value>0x3f79</value>
         <object_component_ref idref="oc-8c"/>
      </symbol>
      <symbol id="sm-545">
         <name>__kernel_rem_pio2</name>
         <value>0x1485</value>
         <object_component_ref idref="oc-19e"/>
      </symbol>
      <symbol id="sm-558">
         <name>__stack</name>
         <value>0x20004058</value>
         <object_component_ref idref="oc-24"/>
      </symbol>
      <symbol id="sm-559">
         <name>_c_int00_noargs</name>
         <value>0x3e61</value>
         <object_component_ref idref="oc-5f"/>
      </symbol>
      <symbol id="sm-56f">
         <name>__aeabi_errno_addr</name>
         <value>0x3fb1</value>
         <object_component_ref idref="oc-21c"/>
      </symbol>
      <symbol id="sm-570">
         <name>errno</name>
         <value>0x200050d0</value>
         <object_component_ref idref="oc-27e"/>
      </symbol>
      <symbol id="sm-586">
         <name>__kernel_cos</name>
         <value>0x2f05</value>
         <object_component_ref idref="oc-1a4"/>
      </symbol>
      <symbol id="sm-59d">
         <name>__kernel_sin</name>
         <value>0x2d91</value>
         <object_component_ref idref="oc-198"/>
      </symbol>
      <symbol id="sm-5ba">
         <name>floorl</name>
         <value>0x3641</value>
         <object_component_ref idref="oc-170"/>
      </symbol>
      <symbol id="sm-5bb">
         <name>floor</name>
         <value>0x3641</value>
         <object_component_ref idref="oc-170"/>
      </symbol>
      <symbol id="sm-5d8">
         <name>scalbn</name>
         <value>0x3435</value>
         <object_component_ref idref="oc-222"/>
      </symbol>
      <symbol id="sm-5d9">
         <name>scalbnl</name>
         <value>0x3435</value>
         <object_component_ref idref="oc-222"/>
      </symbol>
      <symbol id="sm-5da">
         <name>ldexpl</name>
         <value>0x3435</value>
         <object_component_ref idref="oc-222"/>
      </symbol>
      <symbol id="sm-5db">
         <name>ldexp</name>
         <value>0x3435</value>
         <object_component_ref idref="oc-222"/>
      </symbol>
      <symbol id="sm-5e5">
         <name>__aeabi_idiv0</name>
         <value>0x2d8f</value>
         <object_component_ref idref="oc-18c"/>
      </symbol>
      <symbol id="sm-5e6">
         <name>__aeabi_ldiv0</name>
         <value>0x2d8f</value>
         <object_component_ref idref="oc-18c"/>
      </symbol>
      <symbol id="sm-601">
         <name>memcpy</name>
         <value>0x38d1</value>
         <object_component_ref idref="oc-41"/>
      </symbol>
      <symbol id="sm-602">
         <name>__aeabi_memcpy</name>
         <value>0x38d1</value>
         <object_component_ref idref="oc-41"/>
      </symbol>
      <symbol id="sm-603">
         <name>__aeabi_memcpy8</name>
         <value>0x38d1</value>
         <object_component_ref idref="oc-41"/>
      </symbol>
      <symbol id="sm-604">
         <name>__aeabi_memcpy4</name>
         <value>0x38d1</value>
         <object_component_ref idref="oc-41"/>
      </symbol>
      <symbol id="sm-613">
         <name>__aeabi_memset</name>
         <value>0x3b11</value>
         <object_component_ref idref="oc-124"/>
      </symbol>
      <symbol id="sm-614">
         <name>memset</name>
         <value>0x3b17</value>
         <object_component_ref idref="oc-124"/>
      </symbol>
      <symbol id="sm-615">
         <name>__aeabi_memset8</name>
         <value>0x3b11</value>
         <object_component_ref idref="oc-124"/>
      </symbol>
      <symbol id="sm-616">
         <name>__aeabi_memset4</name>
         <value>0x3b11</value>
         <object_component_ref idref="oc-124"/>
      </symbol>
      <symbol id="sm-617">
         <name>__aeabi_memclr8</name>
         <value>0x3b0f</value>
         <object_component_ref idref="oc-124"/>
      </symbol>
      <symbol id="sm-618">
         <name>__aeabi_memclr4</name>
         <value>0x3b0f</value>
         <object_component_ref idref="oc-124"/>
      </symbol>
      <symbol id="sm-619">
         <name>__aeabi_memclr</name>
         <value>0x3b0f</value>
         <object_component_ref idref="oc-124"/>
      </symbol>
      <symbol id="sm-641">
         <name>__TI_auto_init_nobinit_nopinit</name>
         <value>0x3d61</value>
         <object_component_ref idref="oc-1d5"/>
      </symbol>
      <symbol id="sm-64b">
         <name>_system_pre_init</name>
         <value>0x3fb9</value>
         <object_component_ref idref="oc-12a"/>
      </symbol>
      <symbol id="sm-657">
         <name>C$$EXIT</name>
         <value>0x3fbd</value>
         <object_component_ref idref="oc-1c9"/>
      </symbol>
      <symbol id="sm-658">
         <name>abort</name>
         <value>0x3fbd</value>
         <object_component_ref idref="oc-1c9"/>
      </symbol>
      <symbol id="sm-66b">
         <name>strcspn</name>
         <value>0x3f11</value>
         <object_component_ref idref="oc-152"/>
      </symbol>
      <symbol id="sm-67d">
         <name>strspn</name>
         <value>0x3ec3</value>
         <object_component_ref idref="oc-14c"/>
      </symbol>
      <symbol id="sm-687">
         <name>copysign</name>
         <value>0x3f35</value>
         <object_component_ref idref="oc-283"/>
      </symbol>
      <symbol id="sm-688">
         <name>copysignl</name>
         <value>0x3f35</value>
         <object_component_ref idref="oc-283"/>
      </symbol>
      <symbol id="sm-689">
         <name>__TI_static_base__</name>
         <value>0x0</value>
      </symbol>
      <symbol id="sm-68c">
         <name>__mpu_init</name>
         <value>0x0</value>
      </symbol>
      <symbol id="sm-68d">
         <name>_system_post_cinit</name>
         <value>0x0</value>
      </symbol>
   </symbol_table>
   <title>Link successful</title>
</link_info>
