******************************************************************************
                  TI ARM Linker PC v20.2.7                     
******************************************************************************
>> Linked Wed Feb 22 17:38:09 2023

OUTPUT FILE NAME:   <Lab 1.out>
ENTRY POINT SYMBOL: "_c_int00_noargs"  address: 00003429


MEMORY CONFIGURATION

         name            origin    length      used     unused   attr    fill
----------------------  --------  ---------  --------  --------  ----  --------
  FLASH                 00000000   00040000  000038e8  0003c718  R  X
  SRAM                  20000000   00008000  00003068  00004f98  RW X


SEGMENT ALLOCATION MAP

run origin  load origin   length   init length attrs members
----------  ----------- ---------- ----------- ----- -------
00000000    00000000    000038e8   000038e8    r-x
  00000000    00000000    0000026c   0000026c    r-- .intvecs
  0000026c    0000026c    0000331c   0000331c    r-x .text
  00003588    00003588    00000328   00000328    r-- .const
  000038b0    000038b0    00000038   00000038    r-- .cinit
20000000    20000000    0000306c   00000000    rw-
  20000000    20000000    00002054   00000000    rw- .bss
  20002058    20002058    00001000   00000000    rw- .stack
  20003058    20003058    00000014   00000000    rw- .data


SECTION ALLOCATION MAP

 output                                  attributes/
section   page    origin      length       input sections
--------  ----  ----------  ----------   ----------------
.intvecs   0    00000000    0000026c     
                  00000000    0000026c     tm4c123gh6pm_startup_ccs.obj (.intvecs)

.text      0    0000026c    0000331c     
                  0000026c    00000808     gpio.obj (.text)
                  00000a74    00000738     rtsv7M4_T_le_v4SPD16_eabi.lib : k_rem_pio2.c.obj (.text:__kernel_rem_pio2)
                  000011ac    000006b8     main.obj (.text)
                  00001864    000005e0     rtsv7M4_T_le_v4SPD16_eabi.lib : s_sin.c.obj (.text:sin)
                  00001e44    00000460                                   : strtod.c.obj (.text:strtod)
                  000022a4    000001b6                                   : fd_add_t2.asm.obj (.text)
                  0000245a    00000002     --HOLE-- [fill = 0]
                  0000245c    00000174                                   : k_sin.c.obj (.text:__kernel_sin)
                  000025d0    00000170                                   : k_cos.c.obj (.text:__kernel_cos)
                  00002740    00000160     spi0.obj (.text)
                  000028a0    00000136     rtsv7M4_T_le_v4SPD16_eabi.lib : fd_div_t2.asm.obj (.text)
                  000029d6    00000002     --HOLE-- [fill = 0]
                  000029d8    00000128     uart0.obj (.text)
                  00002b00    00000110     rtsv7M4_T_le_v4SPD16_eabi.lib : s_scalbn.c.obj (.text:scalbn)
                  00002c10    000000fc                                   : fd_mul_t2.asm.obj (.text)
                  00002d0c    000000f8                                   : s_floor.c.obj (.text:floor)
                  00002e04    000000d4     nvic.obj (.text)
                  00002ed8    000000c4     rtsv7M4_T_le_v4SPD16_eabi.lib : s_round.c.obj (.text:round)
                  00002f9c    0000009c                                   : memcpy_t2.asm.obj (.text)
                  00003038    00000086                                   : fd_cmp_t2.asm.obj (.text:__aeabi_cdcmple)
                  000030be    00000086                                   : fd_cmp_t2.asm.obj (.text:__aeabi_cdrcmple)
                  00003144    0000007a                                   : memset_t2.asm.obj (.text)
                  000031be    0000006e                                   : fd_tos_t2.asm.obj (.text)
                  0000322c    00000068                                   : copy_decompress_lzss.c.obj (.text:decompress:lzss:__TI_decompress_lzss)
                  00003294    0000004c                                   : atoi.c.obj (.text:atoi)
                  000032e0    00000048                                   : fd_toi_t2.asm.obj (.text)
                  00003328    00000044                                   : autoinit.c.obj (.text:__TI_auto_init_nobinit_nopinit:__TI_auto_init_nobinit_nopinit)
                  0000336c    00000044                                   : fd_tou_t2.asm.obj (.text)
                  000033b0    00000040                                   : strtok.c.obj (.text:strtok)
                  000033f0    00000038                                   : fs_tod_t2.asm.obj (.text)
                  00003428    00000034                                   : boot_cortex_m.c.obj (.text:_c_int00_noargs:_c_int00_noargs)
                  0000345c    0000002e                                   : i_tofd_t2.asm.obj (.text)
                  0000348a    0000002a                                   : strspn.c.obj (.text:strspn)
                  000034b4    00000024     clock.obj (.text)
                  000034d8    00000024     rtsv7M4_T_le_v4SPD16_eabi.lib : strcspn.c.obj (.text:strcspn)
                  000034fc    0000001a                                   : s_copysign.c.obj (.text:copysign)
                  00003516    00000018                                   : strcmp.c.obj (.text:strcmp)
                  0000352e    00000012                                   : atof.c.obj (.text:atof)
                  00003540    00000010                                   : tolower.c.obj (.text:tolower)
                  00003550    0000000e                                   : copy_decompress_none.c.obj (.text:decompress:none:__TI_decompress_none)
                  0000355e    0000000c                                   : copy_zero_init.c.obj (.text:decompress:ZI:__TI_zero_init)
                  0000356a    0000000c     tm4c123gh6pm_startup_ccs.obj (.text)
                  00003576    00000002     --HOLE-- [fill = 0]
                  00003578    00000008     rtsv7M4_T_le_v4SPD16_eabi.lib : errno.c.obj (.text:__aeabi_errno_addr)
                  00003580    00000004                                   : pre_init.c.obj (.text:_system_pre_init)
                  00003584    00000004                                   : exit.c.obj (.text:abort:abort)

.const     0    00003588    00000328     
                  00003588    00000158     rtsv7M4_T_le_v4SPD16_eabi.lib : k_rem_pio2.c.obj (.const:$O1$$)
                  000036e0    00000101                                   : ctype.c.obj (.const:.string:_ctypes_)
                  000037e1    00000007     --HOLE-- [fill = 0]
                  000037e8    000000c8                                   : strtod.c.obj (.const:$O1$$)

.cinit     0    000038b0    00000038     
                  000038b0    0000000f     (.cinit..data.load) [load image, compression = lzss]
                  000038bf    00000001     --HOLE-- [fill = 0]
                  000038c0    0000000c     (__TI_handler_table)
                  000038cc    00000004     --HOLE-- [fill = 0]
                  000038d0    00000008     (.cinit..bss.load) [load image, compression = zero_init]
                  000038d8    00000010     (__TI_cinit_table)

.init_array 
*          0    00000000    00000000     UNINITIALIZED

.bss       0    20000000    00002054     UNINITIALIZED
                  20000000    00002000     (.common:LUT_I)
                  20002000    00000054     main.obj (.bss:strInput$1)

.data      0    20003058    00000014     UNINITIALIZED
                  20003058    00000009     main.obj (.data)
                  20003061    00000003     --HOLE--
                  20003064    00000004     rtsv7M4_T_le_v4SPD16_eabi.lib : errno.c.obj (.data)
                  20003068    00000004                                   : strtok.c.obj (.data)

.stack     0    20002058    00001000     UNINITIALIZED
                  20002058    00000004     rtsv7M4_T_le_v4SPD16_eabi.lib : boot_cortex_m.c.obj (.stack)
                  2000205c    00000ffc     --HOLE--

__llvm_prf_cnts 
*          0    20000000    00000000     UNINITIALIZED

MODULE SUMMARY

       Module                         code    ro data   rw data
       ------                         ----    -------   -------
    .\
       main.obj                       1720    0         8285   
       gpio.obj                       2056    0         0      
       tm4c123gh6pm_startup_ccs.obj   12      620       0      
       spi0.obj                       352     0         0      
       uart0.obj                      296     0         0      
       nvic.obj                       212     0         0      
       clock.obj                      36      0         0      
    +--+------------------------------+-------+---------+---------+
       Total:                         4684    620       8285   
                                                               
    D:\ti\ccs1220\ccs\tools\compiler\ti-cgt-arm_20.2.7.LTS\lib\rtsv7M4_T_le_v4SPD16_eabi.lib
       k_rem_pio2.c.obj               1848    344       0      
       s_sin.c.obj                    1504    0         0      
       strtod.c.obj                   1120    200       0      
       fd_add_t2.asm.obj              438     0         0      
       k_sin.c.obj                    372     0         0      
       k_cos.c.obj                    368     0         0      
       fd_div_t2.asm.obj              310     0         0      
       s_scalbn.c.obj                 272     0         0      
       fd_cmp_t2.asm.obj              268     0         0      
       ctype.c.obj                    0       257       0      
       fd_mul_t2.asm.obj              252     0         0      
       s_floor.c.obj                  248     0         0      
       s_round.c.obj                  196     0         0      
       memcpy_t2.asm.obj              156     0         0      
       memset_t2.asm.obj              122     0         0      
       fd_tos_t2.asm.obj              110     0         0      
       copy_decompress_lzss.c.obj     104     0         0      
       atoi.c.obj                     76      0         0      
       fd_toi_t2.asm.obj              72      0         0      
       autoinit.c.obj                 68      0         0      
       fd_tou_t2.asm.obj              68      0         0      
       strtok.c.obj                   64      0         4      
       fs_tod_t2.asm.obj              56      0         0      
       boot_cortex_m.c.obj            52      0         0      
       i_tofd_t2.asm.obj              46      0         0      
       strspn.c.obj                   42      0         0      
       strcspn.c.obj                  36      0         0      
       s_copysign.c.obj               26      0         0      
       strcmp.c.obj                   24      0         0      
       atof.c.obj                     18      0         0      
       tolower.c.obj                  16      0         0      
       copy_decompress_none.c.obj     14      0         0      
       copy_zero_init.c.obj           12      0         0      
       errno.c.obj                    8       0         4      
       exit.c.obj                     4       0         0      
       pre_init.c.obj                 4       0         0      
    +--+------------------------------+-------+---------+---------+
       Total:                         8394    801       8      
                                                               
       Stack:                         0       0         4096   
       Linker Generated:              0       51        0      
    +--+------------------------------+-------+---------+---------+
       Grand Total:                   13078   1472      12389  


LINKER GENERATED COPY TABLES

__TI_cinit_table @ 000038d8 records: 2, size/record: 8, table size: 16
	.data: load addr=000038b0, load size=0000000f bytes, run addr=20003058, run size=00000014 bytes, compression=lzss
	.bss: load addr=000038d0, load size=00000008 bytes, run addr=20000000, run size=00002054 bytes, compression=zero_init


LINKER GENERATED HANDLER TABLE

__TI_handler_table @ 000038c0 records: 3, size/record: 4, table size: 12
	index: 0, handler: __TI_decompress_lzss
	index: 1, handler: __TI_decompress_none
	index: 2, handler: __TI_zero_init


GLOBAL SYMBOLS: SORTED ALPHABETICALLY BY Name 

address   name                          
-------   ----                          
00003585  C$$EXIT                       
00001581  DCModulator                   
20000000  LUT_I                         
0000153f  RAWModulator                  
0000356b  ResetISR                      
00001789  SineModulator                 
2000305c  WRITE_I                       
20003058  WRITE_Q                       
20003058  __STACK_END                   
00001000  __STACK_SIZE                  
20002258  __STACK_TOP                   
000038d8  __TI_CINIT_Base               
000038e8  __TI_CINIT_Limit              
000038c0  __TI_Handler_Table_Base       
000038cc  __TI_Handler_Table_Limit      
00003329  __TI_auto_init_nobinit_nopinit
0000322d  __TI_decompress_lzss          
00003551  __TI_decompress_none          
ffffffff  __TI_pprof_out_hndl           
ffffffff  __TI_prof_data_size           
ffffffff  __TI_prof_data_start          
00000000  __TI_static_base__            
0000355f  __TI_zero_init                
00003039  __aeabi_cdcmpeq               
00003039  __aeabi_cdcmple               
000030bf  __aeabi_cdrcmple              
000031bf  __aeabi_d2f                   
000032e1  __aeabi_d2iz                  
0000336d  __aeabi_d2uiz                 
000022af  __aeabi_dadd                  
000028a1  __aeabi_ddiv                  
00002c11  __aeabi_dmul                  
000022a5  __aeabi_dsub                  
00003579  __aeabi_errno_addr            
000033f1  __aeabi_f2d                   
0000345d  __aeabi_i2d                   
00003145  __aeabi_memclr                
00003145  __aeabi_memclr4               
00003145  __aeabi_memclr8               
00002f9d  __aeabi_memcpy                
00002f9d  __aeabi_memcpy4               
00002f9d  __aeabi_memcpy8               
00003147  __aeabi_memset                
00003147  __aeabi_memset4               
00003147  __aeabi_memset8               
ffffffff  __binit__                     
ffffffff  __c_args__                    
000025d1  __kernel_cos                  
00000a75  __kernel_rem_pio2             
0000245d  __kernel_sin                  
UNDEFED   __mpu_init                    
20002058  __stack                       
20000000  __start___llvm_prf_cnts       
20000000  __stop___llvm_prf_cnts        
00003429  _c_int00_noargs               
000036e0  _ctypes_                      
UNDEFED   _system_post_cinit            
00003581  _system_pre_init              
00003585  abort                         
0000352f  atof                          
00003295  atoi                          
ffffffff  binit                         
000008c1  clearPinInterrupt             
000034fd  copysign                      
000034fd  copysignl                     
00002e3d  disableNvicInterrupt          
0000089d  disablePinInterrupt           
000005d5  disablePinPulldown            
0000058d  disablePinPullup              
00000329  disablePort                   
00002e05  enableNvicInterrupt           
00000879  enablePinInterrupt            
000005b1  enablePinPulldown             
0000055f  enablePinPullup               
0000026d  enablePort                    
20003064  errno                         
00002d0d  floor                         
00002d0d  floorl                        
00000000  g_pfnVectors                  
0000092f  getPinValue                   
000009e5  getPortValue                  
00002aaf  getcUart0                     
000011cb  initHw                        
00002741  initSpi0                      
0000148d  initSymbolTimer               
000034b5  initSystemClockTo40Mhz        
000034bd  initSystemClockTo80Mhz        
000029d9  initUart0                     
00002ac3  kbhitUart0                    
00002b01  ldexp                         
00002b01  ldexpl                        
000011ad  main                          
00002f9d  memcpy                        
0000314d  memset                        
00001221  processShell                  
00002a67  putcUart0                     
00002a83  putsUart0                     
00002879  readSpi0Data                  
00002ed9  round                         
00002ed9  roundl                        
00002b01  scalbn                        
00002b01  scalbnl                       
00000493  selectPinAnalogInput          
00000445  selectPinDigitalInput         
000007af  selectPinInterruptBothEdges   
0000075f  selectPinInterruptFallingEdge 
00000805  selectPinInterruptHighLevel   
0000083f  selectPinInterruptLowLevel    
0000070f  selectPinInterruptRisingEdge  
000003f7  selectPinOpenDrainOutput      
000003a9  selectPinPushPullOutput       
00002e75  setNvicInterruptPriority      
000005fd  setPinAuxFunction             
000004e3  setPinCommitControl           
000008e5  setPinValue                   
0000096d  setPortValue                  
000027dd  setSpi0BaudRate               
00002813  setSpi0Mode                   
000014d5  setSymbolRate                 
00002a23  setUart0BaudRate              
00001865  sin                           
00001865  sinl                          
00003517  strcmp                        
000034d9  strcspn                       
0000348b  strspn                        
00001e45  strtod                        
000033b1  strtok                        
00001e45  strtold                       
00001503  symbolTimerIsr                
0000090b  togglePinValue                
00003541  tolower                       
00002861  writeSpi0Data                 


GLOBAL SYMBOLS: SORTED BY Symbol Address 

address   name                          
-------   ----                          
00000000  __TI_static_base__            
00000000  g_pfnVectors                  
0000026d  enablePort                    
00000329  disablePort                   
000003a9  selectPinPushPullOutput       
000003f7  selectPinOpenDrainOutput      
00000445  selectPinDigitalInput         
00000493  selectPinAnalogInput          
000004e3  setPinCommitControl           
0000055f  enablePinPullup               
0000058d  disablePinPullup              
000005b1  enablePinPulldown             
000005d5  disablePinPulldown            
000005fd  setPinAuxFunction             
0000070f  selectPinInterruptRisingEdge  
0000075f  selectPinInterruptFallingEdge 
000007af  selectPinInterruptBothEdges   
00000805  selectPinInterruptHighLevel   
0000083f  selectPinInterruptLowLevel    
00000879  enablePinInterrupt            
0000089d  disablePinInterrupt           
000008c1  clearPinInterrupt             
000008e5  setPinValue                   
0000090b  togglePinValue                
0000092f  getPinValue                   
0000096d  setPortValue                  
000009e5  getPortValue                  
00000a75  __kernel_rem_pio2             
00001000  __STACK_SIZE                  
000011ad  main                          
000011cb  initHw                        
00001221  processShell                  
0000148d  initSymbolTimer               
000014d5  setSymbolRate                 
00001503  symbolTimerIsr                
0000153f  RAWModulator                  
00001581  DCModulator                   
00001789  SineModulator                 
00001865  sin                           
00001865  sinl                          
00001e45  strtod                        
00001e45  strtold                       
000022a5  __aeabi_dsub                  
000022af  __aeabi_dadd                  
0000245d  __kernel_sin                  
000025d1  __kernel_cos                  
00002741  initSpi0                      
000027dd  setSpi0BaudRate               
00002813  setSpi0Mode                   
00002861  writeSpi0Data                 
00002879  readSpi0Data                  
000028a1  __aeabi_ddiv                  
000029d9  initUart0                     
00002a23  setUart0BaudRate              
00002a67  putcUart0                     
00002a83  putsUart0                     
00002aaf  getcUart0                     
00002ac3  kbhitUart0                    
00002b01  ldexp                         
00002b01  ldexpl                        
00002b01  scalbn                        
00002b01  scalbnl                       
00002c11  __aeabi_dmul                  
00002d0d  floor                         
00002d0d  floorl                        
00002e05  enableNvicInterrupt           
00002e3d  disableNvicInterrupt          
00002e75  setNvicInterruptPriority      
00002ed9  round                         
00002ed9  roundl                        
00002f9d  __aeabi_memcpy                
00002f9d  __aeabi_memcpy4               
00002f9d  __aeabi_memcpy8               
00002f9d  memcpy                        
00003039  __aeabi_cdcmpeq               
00003039  __aeabi_cdcmple               
000030bf  __aeabi_cdrcmple              
00003145  __aeabi_memclr                
00003145  __aeabi_memclr4               
00003145  __aeabi_memclr8               
00003147  __aeabi_memset                
00003147  __aeabi_memset4               
00003147  __aeabi_memset8               
0000314d  memset                        
000031bf  __aeabi_d2f                   
0000322d  __TI_decompress_lzss          
00003295  atoi                          
000032e1  __aeabi_d2iz                  
00003329  __TI_auto_init_nobinit_nopinit
0000336d  __aeabi_d2uiz                 
000033b1  strtok                        
000033f1  __aeabi_f2d                   
00003429  _c_int00_noargs               
0000345d  __aeabi_i2d                   
0000348b  strspn                        
000034b5  initSystemClockTo40Mhz        
000034bd  initSystemClockTo80Mhz        
000034d9  strcspn                       
000034fd  copysign                      
000034fd  copysignl                     
00003517  strcmp                        
0000352f  atof                          
00003541  tolower                       
00003551  __TI_decompress_none          
0000355f  __TI_zero_init                
0000356b  ResetISR                      
00003579  __aeabi_errno_addr            
00003581  _system_pre_init              
00003585  C$$EXIT                       
00003585  abort                         
000036e0  _ctypes_                      
000038c0  __TI_Handler_Table_Base       
000038cc  __TI_Handler_Table_Limit      
000038d8  __TI_CINIT_Base               
000038e8  __TI_CINIT_Limit              
20000000  LUT_I                         
20000000  __start___llvm_prf_cnts       
20000000  __stop___llvm_prf_cnts        
20002058  __stack                       
20002258  __STACK_TOP                   
20003058  WRITE_Q                       
20003058  __STACK_END                   
2000305c  WRITE_I                       
20003064  errno                         
ffffffff  __TI_pprof_out_hndl           
ffffffff  __TI_prof_data_size           
ffffffff  __TI_prof_data_start          
ffffffff  __binit__                     
ffffffff  __c_args__                    
ffffffff  binit                         
UNDEFED   __mpu_init                    
UNDEFED   _system_post_cinit            

[132 symbols]
