******************************************************************************
                  TI ARM Linker PC v20.2.7                     
******************************************************************************
>> Linked Wed Mar  1 16:52:09 2023

OUTPUT FILE NAME:   <Lab 1.out>
ENTRY POINT SYMBOL: "_c_int00_noargs"  address: 00003e61


MEMORY CONFIGURATION

         name            origin    length      used     unused   attr    fill
----------------------  --------  ---------  --------  --------  ----  --------
  FLASH                 00000000   00040000  00004360  0003bca0  R  X
  SRAM                  20000000   00008000  000050d4  00002f2c  RW X


SEGMENT ALLOCATION MAP

run origin  load origin   length   init length attrs members
----------  ----------- ---------- ----------- ----- -------
00000000    00000000    00004360   00004360    r-x
  00000000    00000000    0000026c   0000026c    r-- .intvecs
  0000026c    0000026c    00003d54   00003d54    r-x .text
  00003fc0    00003fc0    00000328   00000328    r-- .const
  000042e8    000042e8    00000078   00000078    r-- .cinit
20000000    20000000    000050d8   00000000    rw-
  20000000    20000000    00004054   00000000    rw- .bss
  20004058    20004058    00001000   00000000    rw- .stack
  20005058    20005058    00000080   00000000    rw- .data


SECTION ALLOCATION MAP

 output                                  attributes/
section   page    origin      length       input sections
--------  ----  ----------  ----------   ----------------
.intvecs   0    00000000    0000026c     
                  00000000    0000026c     tm4c123gh6pm_startup_ccs.obj (.intvecs)

.text      0    0000026c    00003d54     
                  0000026c    00000a10     main.obj (.text)
                  00000c7c    00000808     gpio.obj (.text)
                  00001484    00000738     rtsv7M4_T_le_v4SPD16_eabi.lib : k_rem_pio2.c.obj (.text:__kernel_rem_pio2)
                  00001bbc    000005e0                                   : s_sin.c.obj (.text:sin)
                  0000219c    000005dc                                   : s_cos.c.obj (.text:cos)
                  00002778    00000460                                   : strtod.c.obj (.text:strtod)
                  00002bd8    000001b6                                   : fd_add_t2.asm.obj (.text)
                  00002d8e    00000002                                   : div0.asm.obj (.text)
                  00002d90    00000174                                   : k_sin.c.obj (.text:__kernel_sin)
                  00002f04    00000170                                   : k_cos.c.obj (.text:__kernel_cos)
                  00003074    00000160     spi0.obj (.text)
                  000031d4    00000136     rtsv7M4_T_le_v4SPD16_eabi.lib : fd_div_t2.asm.obj (.text)
                  0000330a    00000002     --HOLE-- [fill = 0]
                  0000330c    00000128     uart0.obj (.text)
                  00003434    00000110     rtsv7M4_T_le_v4SPD16_eabi.lib : s_scalbn.c.obj (.text:scalbn)
                  00003544    000000fc                                   : fd_mul_t2.asm.obj (.text)
                  00003640    000000f8                                   : s_floor.c.obj (.text:floor)
                  00003738    000000d4     nvic.obj (.text)
                  0000380c    000000c4     rtsv7M4_T_le_v4SPD16_eabi.lib : s_round.c.obj (.text:round)
                  000038d0    0000009c                                   : memcpy_t2.asm.obj (.text)
                  0000396c    00000096                                   : ull_div_t2.asm.obj (.text)
                  00003a02    00000086                                   : fd_cmp_t2.asm.obj (.text:__aeabi_cdcmple)
                  00003a88    00000086                                   : fd_cmp_t2.asm.obj (.text:__aeabi_cdrcmple)
                  00003b0e    0000007a                                   : memset_t2.asm.obj (.text)
                  00003b88    0000006e                                   : fd_tos_t2.asm.obj (.text)
                  00003bf6    0000006e                                   : ll_div_t2.asm.obj (.text)
                  00003c64    00000068                                   : copy_decompress_lzss.c.obj (.text:decompress:lzss:__TI_decompress_lzss)
                  00003ccc    0000004c                                   : atoi.c.obj (.text:atoi)
                  00003d18    00000048                                   : fd_toi_t2.asm.obj (.text)
                  00003d60    00000044                                   : autoinit.c.obj (.text:__TI_auto_init_nobinit_nopinit:__TI_auto_init_nobinit_nopinit)
                  00003da4    00000044                                   : fd_tou_t2.asm.obj (.text)
                  00003de8    00000040                                   : strtok.c.obj (.text:strtok)
                  00003e28    00000038                                   : fs_tod_t2.asm.obj (.text)
                  00003e60    00000034                                   : boot_cortex_m.c.obj (.text:_c_int00_noargs:_c_int00_noargs)
                  00003e94    0000002e                                   : i_tofd_t2.asm.obj (.text)
                  00003ec2    0000002a                                   : strspn.c.obj (.text:strspn)
                  00003eec    00000024     clock.obj (.text)
                  00003f10    00000024     rtsv7M4_T_le_v4SPD16_eabi.lib : strcspn.c.obj (.text:strcspn)
                  00003f34    0000001a                                   : s_copysign.c.obj (.text:copysign)
                  00003f4e    00000018                                   : strcmp.c.obj (.text:strcmp)
                  00003f66    00000012                                   : atof.c.obj (.text:atof)
                  00003f78    00000010                                   : tolower.c.obj (.text:tolower)
                  00003f88    0000000e                                   : copy_decompress_none.c.obj (.text:decompress:none:__TI_decompress_none)
                  00003f96    0000000c                                   : copy_zero_init.c.obj (.text:decompress:ZI:__TI_zero_init)
                  00003fa2    0000000c     tm4c123gh6pm_startup_ccs.obj (.text)
                  00003fae    00000002     --HOLE-- [fill = 0]
                  00003fb0    00000008     rtsv7M4_T_le_v4SPD16_eabi.lib : errno.c.obj (.text:__aeabi_errno_addr)
                  00003fb8    00000004                                   : pre_init.c.obj (.text:_system_pre_init)
                  00003fbc    00000004                                   : exit.c.obj (.text:abort:abort)

.const     0    00003fc0    00000328     
                  00003fc0    00000158     rtsv7M4_T_le_v4SPD16_eabi.lib : k_rem_pio2.c.obj (.const:$O1$$)
                  00004118    00000101                                   : ctype.c.obj (.const:.string:_ctypes_)
                  00004219    00000007     --HOLE-- [fill = 0]
                  00004220    000000c8                                   : strtod.c.obj (.const:$O1$$)

.cinit     0    000042e8    00000078     
                  000042e8    00000054     (.cinit..data.load) [load image, compression = lzss]
                  0000433c    0000000c     (__TI_handler_table)
                  00004348    00000008     (.cinit..bss.load) [load image, compression = zero_init]
                  00004350    00000010     (__TI_cinit_table)

.init_array 
*          0    00000000    00000000     UNINITIALIZED

.bss       0    20000000    00004054     UNINITIALIZED
                  20000000    00002000     (.common:LUT_I)
                  20002000    00002000     (.common:LUT_Q)
                  20004000    00000054     main.obj (.bss:strInput$1)

.data      0    20005058    00000080     UNINITIALIZED
                  20005058    00000036     main.obj (.data)
                  2000508e    00000002     --HOLE--
                  20005090    00000020     main.obj (.data:PSK8_I)
                  200050b0    00000020     main.obj (.data:PSK8_Q)
                  200050d0    00000004     rtsv7M4_T_le_v4SPD16_eabi.lib : errno.c.obj (.data)
                  200050d4    00000004                                   : strtok.c.obj (.data)

.stack     0    20004058    00001000     UNINITIALIZED
                  20004058    00000004     rtsv7M4_T_le_v4SPD16_eabi.lib : boot_cortex_m.c.obj (.stack)
                  2000405c    00000ffc     --HOLE--

__llvm_prf_cnts 
*          0    20000000    00000000     UNINITIALIZED

MODULE SUMMARY

       Module                         code    ro data   rw data
       ------                         ----    -------   -------
    .\
       main.obj                       2576    0         16586  
       gpio.obj                       2056    0         0      
       tm4c123gh6pm_startup_ccs.obj   12      620       0      
       spi0.obj                       352     0         0      
       uart0.obj                      296     0         0      
       nvic.obj                       212     0         0      
       clock.obj                      36      0         0      
    +--+------------------------------+-------+---------+---------+
       Total:                         5540    620       16586  
                                                               
    D:\ti\ccs1220\ccs\tools\compiler\ti-cgt-arm_20.2.7.LTS\lib\rtsv7M4_T_le_v4SPD16_eabi.lib
       k_rem_pio2.c.obj               1848    344       0      
       s_sin.c.obj                    1504    0         0      
       s_cos.c.obj                    1500    0         0      
       strtod.c.obj                   1120    200       0      
       fd_add_t2.asm.obj              438     0         0      
       k_sin.c.obj                    372     0         0      
       k_cos.c.obj                    368     0         0      
       fd_div_t2.asm.obj              310     0         0      
       s_scalbn.c.obj                 272     0         0      
       fd_cmp_t2.asm.obj              268     0         0      
       ctype.c.obj                    0       257       0      
       fd_mul_t2.asm.obj              252     0         0      
       s_floor.c.obj                  248     0         0      
       s_round.c.obj                  196     0         0      
       memcpy_t2.asm.obj              156     0         0      
       ull_div_t2.asm.obj             150     0         0      
       memset_t2.asm.obj              122     0         0      
       fd_tos_t2.asm.obj              110     0         0      
       ll_div_t2.asm.obj              110     0         0      
       copy_decompress_lzss.c.obj     104     0         0      
       atoi.c.obj                     76      0         0      
       fd_toi_t2.asm.obj              72      0         0      
       autoinit.c.obj                 68      0         0      
       fd_tou_t2.asm.obj              68      0         0      
       strtok.c.obj                   64      0         4      
       fs_tod_t2.asm.obj              56      0         0      
       boot_cortex_m.c.obj            52      0         0      
       i_tofd_t2.asm.obj              46      0         0      
       strspn.c.obj                   42      0         0      
       strcspn.c.obj                  36      0         0      
       s_copysign.c.obj               26      0         0      
       strcmp.c.obj                   24      0         0      
       atof.c.obj                     18      0         0      
       tolower.c.obj                  16      0         0      
       copy_decompress_none.c.obj     14      0         0      
       copy_zero_init.c.obj           12      0         0      
       errno.c.obj                    8       0         4      
       exit.c.obj                     4       0         0      
       pre_init.c.obj                 4       0         0      
       div0.asm.obj                   2       0         0      
    +--+------------------------------+-------+---------+---------+
       Total:                         10156   801       8      
                                                               
       Stack:                         0       0         4096   
       Linker Generated:              0       120       0      
    +--+------------------------------+-------+---------+---------+
       Grand Total:                   15696   1541      20690  


LINKER GENERATED COPY TABLES

__TI_cinit_table @ 00004350 records: 2, size/record: 8, table size: 16
	.data: load addr=000042e8, load size=00000054 bytes, run addr=20005058, run size=00000080 bytes, compression=lzss
	.bss: load addr=00004348, load size=00000008 bytes, run addr=20000000, run size=00004054 bytes, compression=zero_init


LINKER GENERATED HANDLER TABLE

__TI_handler_table @ 0000433c records: 3, size/record: 4, table size: 12
	index: 0, handler: __TI_decompress_lzss
	index: 1, handler: __TI_decompress_none
	index: 2, handler: __TI_zero_init


GLOBAL SYMBOLS: SORTED ALPHABETICALLY BY Name 

address   name                          
-------   ----                          
00003fbd  C$$EXIT                       
20005084  Const_State                   
00000949  DCModulator                   
20005068  Inc_B_I                       
20005078  Inc_B_Q                       
20005064  IntCn_I                       
20005074  IntCn_Q                       
20000000  LUT_I                         
20002000  LUT_Q                         
00000b81  Modulator                     
20005090  PSK8_I                        
200050b0  PSK8_Q                        
0000074f  RAWModulator                  
00003fa3  ResetISR                      
20005060  SinMode                       
000009c5  SineModulator                 
2000508c  ToneMode                      
00000b59  ToneModulator                 
2000505c  WRITE_I                       
20005058  WRITE_Q                       
20005058  __STACK_END                   
00001000  __STACK_SIZE                  
20004258  __STACK_TOP                   
00004350  __TI_CINIT_Base               
00004360  __TI_CINIT_Limit              
0000433c  __TI_Handler_Table_Base       
00004348  __TI_Handler_Table_Limit      
00003d61  __TI_auto_init_nobinit_nopinit
00003c65  __TI_decompress_lzss          
00003f89  __TI_decompress_none          
ffffffff  __TI_pprof_out_hndl           
ffffffff  __TI_prof_data_size           
ffffffff  __TI_prof_data_start          
00000000  __TI_static_base__            
00003f97  __TI_zero_init                
00003a03  __aeabi_cdcmpeq               
00003a03  __aeabi_cdcmple               
00003a89  __aeabi_cdrcmple              
00003b89  __aeabi_d2f                   
00003d19  __aeabi_d2iz                  
00003da5  __aeabi_d2uiz                 
00002be3  __aeabi_dadd                  
000031d5  __aeabi_ddiv                  
00003545  __aeabi_dmul                  
00002bd9  __aeabi_dsub                  
00003fb1  __aeabi_errno_addr            
00003e29  __aeabi_f2d                   
00003e95  __aeabi_i2d                   
00002d8f  __aeabi_idiv0                 
00002d8f  __aeabi_ldiv0                 
00003bf7  __aeabi_ldivmod               
00003b0f  __aeabi_memclr                
00003b0f  __aeabi_memclr4               
00003b0f  __aeabi_memclr8               
000038d1  __aeabi_memcpy                
000038d1  __aeabi_memcpy4               
000038d1  __aeabi_memcpy8               
00003b11  __aeabi_memset                
00003b11  __aeabi_memset4               
00003b11  __aeabi_memset8               
0000396d  __aeabi_uldivmod              
ffffffff  __binit__                     
ffffffff  __c_args__                    
00002f05  __kernel_cos                  
00001485  __kernel_rem_pio2             
00002d91  __kernel_sin                  
UNDEFED   __mpu_init                    
20004058  __stack                       
20000000  __start___llvm_prf_cnts       
20000000  __stop___llvm_prf_cnts        
00003e61  _c_int00_noargs               
00004118  _ctypes_                      
UNDEFED   _system_post_cinit            
00003fb9  _system_pre_init              
00003fbd  abort                         
00003f67  atof                          
00003ccd  atoi                          
ffffffff  binit                         
000012d1  clearPinInterrupt             
00003f35  copysign                      
00003f35  copysignl                     
0000219d  cos                           
0000219d  cosl                          
00003771  disableNvicInterrupt          
000012ad  disablePinInterrupt           
00000fe5  disablePinPulldown            
00000f9d  disablePinPullup              
00000d39  disablePort                   
00003739  enableNvicInterrupt           
00001289  enablePinInterrupt            
00000fc1  enablePinPulldown             
00000f6f  enablePinPullup               
00000c7d  enablePort                    
200050d0  errno                         
20005070  fO_I                          
20005080  fO_Q                          
00003641  floor                         
00003641  floorl                        
00000000  g_pfnVectors                  
0000133f  getPinValue                   
000013f5  getPortValue                  
000033e3  getcUart0                     
0000028b  initHw                        
00003075  initSpi0                      
000005ed  initSymbolTimer               
00003eed  initSystemClockTo40Mhz        
00003ef5  initSystemClockTo80Mhz        
0000330d  initUart0                     
000033f7  kbhitUart0                    
00003435  ldexp                         
00003435  ldexpl                        
20005088  loopval                       
0000026d  main                          
000038d1  memcpy                        
00003b17  memset                        
2000506c  phi_I                         
2000507c  phi_Q                         
0000033d  processShell                  
0000339b  putcUart0                     
000033b7  putsUart0                     
000031ad  readSpi0Data                  
0000380d  round                         
0000380d  roundl                        
00003435  scalbn                        
00003435  scalbnl                       
00000ea3  selectPinAnalogInput          
00000e55  selectPinDigitalInput         
000011bf  selectPinInterruptBothEdges   
0000116f  selectPinInterruptFallingEdge 
00001215  selectPinInterruptHighLevel   
0000124f  selectPinInterruptLowLevel    
0000111f  selectPinInterruptRisingEdge  
00000e07  selectPinOpenDrainOutput      
00000db9  selectPinPushPullOutput       
000037a9  setNvicInterruptPriority      
0000100d  setPinAuxFunction             
00000ef3  setPinCommitControl           
000012f5  setPinValue                   
0000137d  setPortValue                  
00003111  setSpi0BaudRate               
00003147  setSpi0Mode                   
00000633  setSymbolRate                 
00003357  setUart0BaudRate              
00001bbd  sin                           
00001bbd  sinl                          
00003f4f  strcmp                        
00003f11  strcspn                       
00003ec3  strspn                        
00002779  strtod                        
00003de9  strtok                        
00002779  strtold                       
00000675  symbolTimerIsr                
0000131b  togglePinValue                
00003f79  tolower                       
00003195  writeSpi0Data                 


GLOBAL SYMBOLS: SORTED BY Symbol Address 

address   name                          
-------   ----                          
00000000  __TI_static_base__            
00000000  g_pfnVectors                  
0000026d  main                          
0000028b  initHw                        
0000033d  processShell                  
000005ed  initSymbolTimer               
00000633  setSymbolRate                 
00000675  symbolTimerIsr                
0000074f  RAWModulator                  
00000949  DCModulator                   
000009c5  SineModulator                 
00000b59  ToneModulator                 
00000b81  Modulator                     
00000c7d  enablePort                    
00000d39  disablePort                   
00000db9  selectPinPushPullOutput       
00000e07  selectPinOpenDrainOutput      
00000e55  selectPinDigitalInput         
00000ea3  selectPinAnalogInput          
00000ef3  setPinCommitControl           
00000f6f  enablePinPullup               
00000f9d  disablePinPullup              
00000fc1  enablePinPulldown             
00000fe5  disablePinPulldown            
00001000  __STACK_SIZE                  
0000100d  setPinAuxFunction             
0000111f  selectPinInterruptRisingEdge  
0000116f  selectPinInterruptFallingEdge 
000011bf  selectPinInterruptBothEdges   
00001215  selectPinInterruptHighLevel   
0000124f  selectPinInterruptLowLevel    
00001289  enablePinInterrupt            
000012ad  disablePinInterrupt           
000012d1  clearPinInterrupt             
000012f5  setPinValue                   
0000131b  togglePinValue                
0000133f  getPinValue                   
0000137d  setPortValue                  
000013f5  getPortValue                  
00001485  __kernel_rem_pio2             
00001bbd  sin                           
00001bbd  sinl                          
0000219d  cos                           
0000219d  cosl                          
00002779  strtod                        
00002779  strtold                       
00002bd9  __aeabi_dsub                  
00002be3  __aeabi_dadd                  
00002d8f  __aeabi_idiv0                 
00002d8f  __aeabi_ldiv0                 
00002d91  __kernel_sin                  
00002f05  __kernel_cos                  
00003075  initSpi0                      
00003111  setSpi0BaudRate               
00003147  setSpi0Mode                   
00003195  writeSpi0Data                 
000031ad  readSpi0Data                  
000031d5  __aeabi_ddiv                  
0000330d  initUart0                     
00003357  setUart0BaudRate              
0000339b  putcUart0                     
000033b7  putsUart0                     
000033e3  getcUart0                     
000033f7  kbhitUart0                    
00003435  ldexp                         
00003435  ldexpl                        
00003435  scalbn                        
00003435  scalbnl                       
00003545  __aeabi_dmul                  
00003641  floor                         
00003641  floorl                        
00003739  enableNvicInterrupt           
00003771  disableNvicInterrupt          
000037a9  setNvicInterruptPriority      
0000380d  round                         
0000380d  roundl                        
000038d1  __aeabi_memcpy                
000038d1  __aeabi_memcpy4               
000038d1  __aeabi_memcpy8               
000038d1  memcpy                        
0000396d  __aeabi_uldivmod              
00003a03  __aeabi_cdcmpeq               
00003a03  __aeabi_cdcmple               
00003a89  __aeabi_cdrcmple              
00003b0f  __aeabi_memclr                
00003b0f  __aeabi_memclr4               
00003b0f  __aeabi_memclr8               
00003b11  __aeabi_memset                
00003b11  __aeabi_memset4               
00003b11  __aeabi_memset8               
00003b17  memset                        
00003b89  __aeabi_d2f                   
00003bf7  __aeabi_ldivmod               
00003c65  __TI_decompress_lzss          
00003ccd  atoi                          
00003d19  __aeabi_d2iz                  
00003d61  __TI_auto_init_nobinit_nopinit
00003da5  __aeabi_d2uiz                 
00003de9  strtok                        
00003e29  __aeabi_f2d                   
00003e61  _c_int00_noargs               
00003e95  __aeabi_i2d                   
00003ec3  strspn                        
00003eed  initSystemClockTo40Mhz        
00003ef5  initSystemClockTo80Mhz        
00003f11  strcspn                       
00003f35  copysign                      
00003f35  copysignl                     
00003f4f  strcmp                        
00003f67  atof                          
00003f79  tolower                       
00003f89  __TI_decompress_none          
00003f97  __TI_zero_init                
00003fa3  ResetISR                      
00003fb1  __aeabi_errno_addr            
00003fb9  _system_pre_init              
00003fbd  C$$EXIT                       
00003fbd  abort                         
00004118  _ctypes_                      
0000433c  __TI_Handler_Table_Base       
00004348  __TI_Handler_Table_Limit      
00004350  __TI_CINIT_Base               
00004360  __TI_CINIT_Limit              
20000000  LUT_I                         
20000000  __start___llvm_prf_cnts       
20000000  __stop___llvm_prf_cnts        
20002000  LUT_Q                         
20004058  __stack                       
20004258  __STACK_TOP                   
20005058  WRITE_Q                       
20005058  __STACK_END                   
2000505c  WRITE_I                       
20005060  SinMode                       
20005064  IntCn_I                       
20005068  Inc_B_I                       
2000506c  phi_I                         
20005070  fO_I                          
20005074  IntCn_Q                       
20005078  Inc_B_Q                       
2000507c  phi_Q                         
20005080  fO_Q                          
20005084  Const_State                   
20005088  loopval                       
2000508c  ToneMode                      
20005090  PSK8_I                        
200050b0  PSK8_Q                        
200050d0  errno                         
ffffffff  __TI_pprof_out_hndl           
ffffffff  __TI_prof_data_size           
ffffffff  __TI_prof_data_start          
ffffffff  __binit__                     
ffffffff  __c_args__                    
ffffffff  binit                         
UNDEFED   __mpu_init                    
UNDEFED   _system_post_cinit            

[155 symbols]
